Archive member included to satisfy reference by file (symbol)

c:/st/stm32cubeide_1.12.0/stm32cubeide/plugins/com.st.stm32cube.ide.mcu.externaltools.gnu-tools-for-stm32.10.3-2021.10.win32_1.0.200.202301161003/tools/bin/../lib/gcc/arm-none-eabi/10.3.1/../../../../arm-none-eabi/lib/thumb/v7e-m+dp/hard\libc_nano.a(lib_a-errno.o)
                              ./Core/Src/syscalls.o (__errno)
c:/st/stm32cubeide_1.12.0/stm32cubeide/plugins/com.st.stm32cube.ide.mcu.externaltools.gnu-tools-for-stm32.10.3-2021.10.win32_1.0.200.202301161003/tools/bin/../lib/gcc/arm-none-eabi/10.3.1/../../../../arm-none-eabi/lib/thumb/v7e-m+dp/hard\libc_nano.a(lib_a-exit.o)
                              c:/st/stm32cubeide_1.12.0/stm32cubeide/plugins/com.st.stm32cube.ide.mcu.externaltools.gnu-tools-for-stm32.10.3-2021.10.win32_1.0.200.202301161003/tools/bin/../lib/gcc/arm-none-eabi/10.3.1/../../../../arm-none-eabi/lib/thumb/v7e-m+dp/hard/crt0.o (exit)
c:/st/stm32cubeide_1.12.0/stm32cubeide/plugins/com.st.stm32cube.ide.mcu.externaltools.gnu-tools-for-stm32.10.3-2021.10.win32_1.0.200.202301161003/tools/bin/../lib/gcc/arm-none-eabi/10.3.1/../../../../arm-none-eabi/lib/thumb/v7e-m+dp/hard\libc_nano.a(lib_a-impure.o)
                              c:/st/stm32cubeide_1.12.0/stm32cubeide/plugins/com.st.stm32cube.ide.mcu.externaltools.gnu-tools-for-stm32.10.3-2021.10.win32_1.0.200.202301161003/tools/bin/../lib/gcc/arm-none-eabi/10.3.1/../../../../arm-none-eabi/lib/thumb/v7e-m+dp/hard\libc_nano.a(lib_a-exit.o) (_global_impure_ptr)
c:/st/stm32cubeide_1.12.0/stm32cubeide/plugins/com.st.stm32cube.ide.mcu.externaltools.gnu-tools-for-stm32.10.3-2021.10.win32_1.0.200.202301161003/tools/bin/../lib/gcc/arm-none-eabi/10.3.1/../../../../arm-none-eabi/lib/thumb/v7e-m+dp/hard\libc_nano.a(lib_a-init.o)
                              c:/st/stm32cubeide_1.12.0/stm32cubeide/plugins/com.st.stm32cube.ide.mcu.externaltools.gnu-tools-for-stm32.10.3-2021.10.win32_1.0.200.202301161003/tools/bin/../lib/gcc/arm-none-eabi/10.3.1/../../../../arm-none-eabi/lib/thumb/v7e-m+dp/hard/crt0.o (__libc_init_array)
c:/st/stm32cubeide_1.12.0/stm32cubeide/plugins/com.st.stm32cube.ide.mcu.externaltools.gnu-tools-for-stm32.10.3-2021.10.win32_1.0.200.202301161003/tools/bin/../lib/gcc/arm-none-eabi/10.3.1/../../../../arm-none-eabi/lib/thumb/v7e-m+dp/hard\libc_nano.a(lib_a-memset.o)
                              c:/st/stm32cubeide_1.12.0/stm32cubeide/plugins/com.st.stm32cube.ide.mcu.externaltools.gnu-tools-for-stm32.10.3-2021.10.win32_1.0.200.202301161003/tools/bin/../lib/gcc/arm-none-eabi/10.3.1/../../../../arm-none-eabi/lib/thumb/v7e-m+dp/hard/crt0.o (memset)
c:/st/stm32cubeide_1.12.0/stm32cubeide/plugins/com.st.stm32cube.ide.mcu.externaltools.gnu-tools-for-stm32.10.3-2021.10.win32_1.0.200.202301161003/tools/bin/../lib/gcc/arm-none-eabi/10.3.1/../../../../arm-none-eabi/lib/thumb/v7e-m+dp/hard\libc_nano.a(lib_a-printf.o)
                              ./Core/Src/usbd_dfu_qspi_flash.o (printf)
c:/st/stm32cubeide_1.12.0/stm32cubeide/plugins/com.st.stm32cube.ide.mcu.externaltools.gnu-tools-for-stm32.10.3-2021.10.win32_1.0.200.202301161003/tools/bin/../lib/gcc/arm-none-eabi/10.3.1/../../../../arm-none-eabi/lib/thumb/v7e-m+dp/hard\libc_nano.a(lib_a-puts.o)
                              ./Core/Src/boot.o (puts)
c:/st/stm32cubeide_1.12.0/stm32cubeide/plugins/com.st.stm32cube.ide.mcu.externaltools.gnu-tools-for-stm32.10.3-2021.10.win32_1.0.200.202301161003/tools/bin/../lib/gcc/arm-none-eabi/10.3.1/../../../../arm-none-eabi/lib/thumb/v7e-m+dp/hard\libc_nano.a(lib_a-wbuf.o)
                              c:/st/stm32cubeide_1.12.0/stm32cubeide/plugins/com.st.stm32cube.ide.mcu.externaltools.gnu-tools-for-stm32.10.3-2021.10.win32_1.0.200.202301161003/tools/bin/../lib/gcc/arm-none-eabi/10.3.1/../../../../arm-none-eabi/lib/thumb/v7e-m+dp/hard\libc_nano.a(lib_a-puts.o) (__swbuf_r)
c:/st/stm32cubeide_1.12.0/stm32cubeide/plugins/com.st.stm32cube.ide.mcu.externaltools.gnu-tools-for-stm32.10.3-2021.10.win32_1.0.200.202301161003/tools/bin/../lib/gcc/arm-none-eabi/10.3.1/../../../../arm-none-eabi/lib/thumb/v7e-m+dp/hard\libc_nano.a(lib_a-wsetup.o)
                              c:/st/stm32cubeide_1.12.0/stm32cubeide/plugins/com.st.stm32cube.ide.mcu.externaltools.gnu-tools-for-stm32.10.3-2021.10.win32_1.0.200.202301161003/tools/bin/../lib/gcc/arm-none-eabi/10.3.1/../../../../arm-none-eabi/lib/thumb/v7e-m+dp/hard\libc_nano.a(lib_a-puts.o) (__swsetup_r)
c:/st/stm32cubeide_1.12.0/stm32cubeide/plugins/com.st.stm32cube.ide.mcu.externaltools.gnu-tools-for-stm32.10.3-2021.10.win32_1.0.200.202301161003/tools/bin/../lib/gcc/arm-none-eabi/10.3.1/../../../../arm-none-eabi/lib/thumb/v7e-m+dp/hard\libc_nano.a(lib_a-fflush.o)
                              c:/st/stm32cubeide_1.12.0/stm32cubeide/plugins/com.st.stm32cube.ide.mcu.externaltools.gnu-tools-for-stm32.10.3-2021.10.win32_1.0.200.202301161003/tools/bin/../lib/gcc/arm-none-eabi/10.3.1/../../../../arm-none-eabi/lib/thumb/v7e-m+dp/hard\libc_nano.a(lib_a-wbuf.o) (_fflush_r)
[...]
Memory Configuration

Name             Origin             Length             Attributes
FLASH            0x0000000008000000 0x0000000000020000 xr
DTCMRAM          0x0000000020000000 0x0000000000020000 xrw
RAM_D1           0x0000000024000000 0x0000000000080000 xrw
RAM_D2           0x0000000030000000 0x0000000000048000 xrw
RAM_D3           0x0000000038000000 0x0000000000010000 xrw
ITCMRAM          0x0000000000000000 0x0000000000010000 xrw
QSPI             0x0000000090000000 0x0000000000400000 xr
*default*        0x0000000000000000 0xffffffffffffffff

Linker script and memory map

LOAD c:/st/stm32cubeide_1.12.0/stm32cubeide/plugins/com.st.stm32cube.ide.mcu.externaltools.gnu-tools-for-stm32.10.3-2021.10.win32_1.0.200.202301161003/tools/bin/../lib/gcc/arm-none-eabi/10.3.1/thumb/v7e-m+dp/hard/crti.o
LOAD c:/st/stm32cubeide_1.12.0/stm32cubeide/plugins/com.st.stm32cube.ide.mcu.externaltools.gnu-tools-for-stm32.10.3-2021.10.win32_1.0.200.202301161003/tools/bin/../lib/gcc/arm-none-eabi/10.3.1/thumb/v7e-m+dp/hard/crtbegin.o
LOAD c:/st/stm32cubeide_1.12.0/stm32cubeide/plugins/com.st.stm32cube.ide.mcu.externaltools.gnu-tools-for-stm32.10.3-2021.10.win32_1.0.200.202301161003/tools/bin/../lib/gcc/arm-none-eabi/10.3.1/../../../../arm-none-eabi/lib/thumb/v7e-m+dp/hard/crt0.o
LOAD ./Core/Src/boot.o
LOAD ./Core/Src/log.o
LOAD ./Core/Src/stm32h7xx_hal_msp.o
LOAD ./Core/Src/stm32h7xx_it.o
LOAD ./Core/Src/syscalls.o
LOAD ./Core/Src/sysmem.o
LOAD ./Core/Src/system_stm32h7xx.o
LOAD ./Core/Src/usbd_dfu_qspi_flash.o
LOAD ./Core/Src/w25vq.o
LOAD ./Core/Startup/startup_stm32h750xbhx.o
LOAD ./Drivers/STM32H7xx_HAL_Driver/Src/stm32h7xx_hal.o
LOAD ./Drivers/STM32H7xx_HAL_Driver/Src/stm32h7xx_hal_cortex.o
LOAD ./Drivers/STM32H7xx_HAL_Driver/Src/stm32h7xx_hal_dma.o
LOAD ./Drivers/STM32H7xx_HAL_Driver/Src/stm32h7xx_hal_dma_ex.o
LOAD ./Drivers/STM32H7xx_HAL_Driver/Src/stm32h7xx_hal_exti.o
LOAD ./Drivers/STM32H7xx_HAL_Driver/Src/stm32h7xx_hal_flash.o
LOAD ./Drivers/STM32H7xx_HAL_Driver/Src/stm32h7xx_hal_flash_ex.o
LOAD ./Drivers/STM32H7xx_HAL_Driver/Src/stm32h7xx_hal_gpio.o
LOAD ./Drivers/STM32H7xx_HAL_Driver/Src/stm32h7xx_hal_hsem.o
LOAD ./Drivers/STM32H7xx_HAL_Driver/Src/stm32h7xx_hal_i2c.o
LOAD ./Drivers/STM32H7xx_HAL_Driver/Src/stm32h7xx_hal_i2c_ex.o
LOAD ./Drivers/STM32H7xx_HAL_Driver/Src/stm32h7xx_hal_mdma.o
LOAD ./Drivers/STM32H7xx_HAL_Driver/Src/stm32h7xx_hal_pcd.o
LOAD ./Drivers/STM32H7xx_HAL_Driver/Src/stm32h7xx_hal_pcd_ex.o
LOAD ./Drivers/STM32H7xx_HAL_Driver/Src/stm32h7xx_hal_pwr.o
LOAD ./Drivers/STM32H7xx_HAL_Driver/Src/stm32h7xx_hal_pwr_ex.o
LOAD ./Drivers/STM32H7xx_HAL_Driver/Src/stm32h7xx_hal_qspi.o
LOAD ./Drivers/STM32H7xx_HAL_Driver/Src/stm32h7xx_hal_rcc.o
LOAD ./Drivers/STM32H7xx_HAL_Driver/Src/stm32h7xx_hal_rcc_ex.o
LOAD ./Drivers/STM32H7xx_HAL_Driver/Src/stm32h7xx_hal_tim.o
LOAD ./Drivers/STM32H7xx_HAL_Driver/Src/stm32h7xx_hal_tim_ex.o
LOAD ./Drivers/STM32H7xx_HAL_Driver/Src/stm32h7xx_hal_uart.o
LOAD ./Drivers/STM32H7xx_HAL_Driver/Src/stm32h7xx_hal_uart_ex.o
LOAD ./Drivers/STM32H7xx_HAL_Driver/Src/stm32h7xx_ll_usb.o
LOAD ./Middlewares/ST/STM32_USB_Device_Library/Class/DFU/Src/usbd_dfu.o
LOAD ./Middlewares/ST/STM32_USB_Device_Library/Core/Src/usbd_core.o
LOAD ./Middlewares/ST/STM32_USB_Device_Library/Core/Src/usbd_ctlreq.o
LOAD ./Middlewares/ST/STM32_USB_Device_Library/Core/Src/usbd_ioreq.o
LOAD ./USB_DEVICE/App/usb_device.o
LOAD ./USB_DEVICE/App/usbd_desc.o
LOAD ./USB_DEVICE/App/usbd_dfu_if.o
LOAD ./USB_DEVICE/Target/usbd_conf.o
START GROUP
LOAD c:/st/stm32cubeide_1.12.0/stm32cubeide/plugins/com.st.stm32cube.ide.mcu.externaltools.gnu-tools-for-stm32.10.3-2021.10.win32_1.0.200.202301161003/tools/bin/../lib/gcc/arm-none-eabi/10.3.1/../../../../arm-none-eabi/lib/thumb/v7e-m+dp/hard\libstdc++_nano.a
LOAD c:/st/stm32cubeide_1.12.0/stm32cubeide/plugins/com.st.stm32cube.ide.mcu.externaltools.gnu-tools-for-stm32.10.3-2021.10.win32_1.0.200.202301161003/tools/bin/../lib/gcc/arm-none-eabi/10.3.1/../../../../arm-none-eabi/lib/thumb/v7e-m+dp/hard\libsupc++_nano.a
END GROUP
LOAD c:/st/stm32cubeide_1.12.0/stm32cubeide/plugins/com.st.stm32cube.ide.mcu.externaltools.gnu-tools-for-stm32.10.3-2021.10.win32_1.0.200.202301161003/tools/bin/../lib/gcc/arm-none-eabi/10.3.1/../../../../arm-none-eabi/lib/thumb/v7e-m+dp/hard\libstdc++_nano.a
LOAD c:/st/stm32cubeide_1.12.0/stm32cubeide/plugins/com.st.stm32cube.ide.mcu.externaltools.gnu-tools-for-stm32.10.3-2021.10.win32_1.0.200.202301161003/tools/bin/../lib/gcc/arm-none-eabi/10.3.1/../../../../arm-none-eabi/lib/thumb/v7e-m+dp/hard\libm.a
LOAD c:/st/stm32cubeide_1.12.0/stm32cubeide/plugins/com.st.stm32cube.ide.mcu.externaltools.gnu-tools-for-stm32.10.3-2021.10.win32_1.0.200.202301161003/tools/bin/../lib/gcc/arm-none-eabi/10.3.1/../../../../arm-none-eabi/lib/thumb/v7e-m+dp/hard\libc_nano.a
START GROUP
LOAD c:/st/stm32cubeide_1.12.0/stm32cubeide/plugins/com.st.stm32cube.ide.mcu.externaltools.gnu-tools-for-stm32.10.3-2021.10.win32_1.0.200.202301161003/tools/bin/../lib/gcc/arm-none-eabi/10.3.1/thumb/v7e-m+dp/hard\libgcc.a
LOAD c:/st/stm32cubeide_1.12.0/stm32cubeide/plugins/com.st.stm32cube.ide.mcu.externaltools.gnu-tools-for-stm32.10.3-2021.10.win32_1.0.200.202301161003/tools/bin/../lib/gcc/arm-none-eabi/10.3.1/../../../../arm-none-eabi/lib/thumb/v7e-m+dp/hard\libc_nano.a
END GROUP
START GROUP
LOAD c:/st/stm32cubeide_1.12.0/stm32cubeide/plugins/com.st.stm32cube.ide.mcu.externaltools.gnu-tools-for-stm32.10.3-2021.10.win32_1.0.200.202301161003/tools/bin/../lib/gcc/arm-none-eabi/10.3.1/thumb/v7e-m+dp/hard\libgcc.a
LOAD c:/st/stm32cubeide_1.12.0/stm32cubeide/plugins/com.st.stm32cube.ide.mcu.externaltools.gnu-tools-for-stm32.10.3-2021.10.win32_1.0.200.202301161003/tools/bin/../lib/gcc/arm-none-eabi/10.3.1/../../../../arm-none-eabi/lib/thumb/v7e-m+dp/hard\libc_nano.a
LOAD c:/st/stm32cubeide_1.12.0/stm32cubeide/plugins/com.st.stm32cube.ide.mcu.externaltools.gnu-tools-for-stm32.10.3-2021.10.win32_1.0.200.202301161003/tools/bin/../lib/gcc/arm-none-eabi/10.3.1/../../../../arm-none-eabi/lib/thumb/v7e-m+dp/hard\libnosys.a
END GROUP
START GROUP
LOAD c:/st/stm32cubeide_1.12.0/stm32cubeide/plugins/com.st.stm32cube.ide.mcu.externaltools.gnu-tools-for-stm32.10.3-2021.10.win32_1.0.200.202301161003/tools/bin/../lib/gcc/arm-none-eabi/10.3.1/thumb/v7e-m+dp/hard\libgcc.a
LOAD c:/st/stm32cubeide_1.12.0/stm32cubeide/plugins/com.st.stm32cube.ide.mcu.externaltools.gnu-tools-for-stm32.10.3-2021.10.win32_1.0.200.202301161003/tools/bin/../lib/gcc/arm-none-eabi/10.3.1/../../../../arm-none-eabi/lib/thumb/v7e-m+dp/hard\libc_nano.a
LOAD c:/st/stm32cubeide_1.12.0/stm32cubeide/plugins/com.st.stm32cube.ide.mcu.externaltools.gnu-tools-for-stm32.10.3-2021.10.win32_1.0.200.202301161003/tools/bin/../lib/gcc/arm-none-eabi/10.3.1/../../../../arm-none-eabi/lib/thumb/v7e-m+dp/hard\libnosys.a
END GROUP
LOAD c:/st/stm32cubeide_1.12.0/stm32cubeide/plugins/com.st.stm32cube.ide.mcu.externaltools.gnu-tools-for-stm32.10.3-2021.10.win32_1.0.200.202301161003/tools/bin/../lib/gcc/arm-none-eabi/10.3.1/thumb/v7e-m+dp/hard/crtend.o
LOAD c:/st/stm32cubeide_1.12.0/stm32cubeide/plugins/com.st.stm32cube.ide.mcu.externaltools.gnu-tools-for-stm32.10.3-2021.10.win32_1.0.200.202301161003/tools/bin/../lib/gcc/arm-none-eabi/10.3.1/thumb/v7e-m+dp/hard/crtn.o
                0x0000000020008000                _estack = (ORIGIN (DTCMRAM) + 0x8000)
                0x0000000000001000                _Min_Heap_Size = 0x1000
                0x0000000000000400                _Min_Stack_Size = 0x400

.isr_vector     0x0000000008000000      0x298
                0x0000000008000000                . = ALIGN (0x4)
 *(.isr_vector)
 .isr_vector    0x0000000008000000      0x298 ./Core/Startup/startup_stm32h750xbhx.o
                0x0000000008000000                g_pfnVectors
                0x0000000008000298                . = ALIGN (0x4)

.text           0x00000000080002a0     0xb62c
                0x00000000080002a0                . = ALIGN (0x4)
 *(.text)
 .text          0x00000000080002a0       0x40 c:/st/stm32cubeide_1.12.0/stm32cubeide/plugins/com.st.stm32cube.ide.mcu.externaltools.gnu-tools-for-stm32.10.3-2021.10.win32_1.0.200.202301161003/tools/bin/../lib/gcc/arm-none-eabi/10.3.1/thumb/v7e-m+dp/hard/crtbegin.o
 .text          0x00000000080002e0       0xa0 c:/st/stm32cubeide_1.12.0/stm32cubeide/plugins/com.st.stm32cube.ide.mcu.externaltools.gnu-tools-for-stm32.10.3-2021.10.win32_1.0.200.202301161003/tools/bin/../lib/gcc/arm-none-eabi/10.3.1/../../../../arm-none-eabi/lib/thumb/v7e-m+dp/hard\libc_nano.a(lib_a-memchr.o)
                0x00000000080002e0                memchr
 *(.text*)
 .text.main     0x0000000008000380       0xa0 ./Core/Src/boot.o
                0x0000000008000380                main
 .text.MX_QUADSPI_Init
                0x0000000008000420       0x70 ./Core/Src/boot.o
 .text.SystemClock_Config
                0x0000000008000490      0x100 ./Core/Src/boot.o
 .text.CPU_CACHE_Enable
                0x0000000008000590       0xdc ./Core/Src/boot.o
 .text.CPU_CACHE_Disable
                0x000000000800066c       0xb8 ./Core/Src/boot.o
 .text.MX_GPIO_Init
                0x0000000008000724      0x184 ./Core/Src/boot.o
 .text.MPU_Config
                0x00000000080008a8       0x82 ./Core/Src/boot.o
 *fill*         0x000000000800092a        0x2 
 .text.Error_Handler
                0x000000000800092c       0x18 ./Core/Src/boot.o
                0x000000000800092c                Error_Handler
 .text.HAL_MspInit
                0x0000000008000944       0x34 ./Core/Src/stm32h7xx_hal_msp.o
                0x0000000008000944                HAL_MspInit
 .text.HAL_QSPI_MspInit
                0x0000000008000978      0x1e0 ./Core/Src/stm32h7xx_hal_msp.o
                0x0000000008000978                HAL_QSPI_MspInit
 .text.NMI_Handler
                0x0000000008000b58        0x6 ./Core/Src/stm32h7xx_it.o
                0x0000000008000b58                NMI_Handler
 .text.HardFault_Handler
                0x0000000008000b5e        0x6 ./Core/Src/stm32h7xx_it.o
                0x0000000008000b5e                HardFault_Handler
 .text.MemManage_Handler
                0x0000000008000b64        0x6 ./Core/Src/stm32h7xx_it.o
                0x0000000008000b64                MemManage_Handler
 .text.BusFault_Handler
                0x0000000008000b6a        0x6 ./Core/Src/stm32h7xx_it.o
                0x0000000008000b6a                BusFault_Handler
 .text.UsageFault_Handler
                0x0000000008000b70        0x6 ./Core/Src/stm32h7xx_it.o
                0x0000000008000b70                UsageFault_Handler
 .text.SVC_Handler
                0x0000000008000b76        0xe ./Core/Src/stm32h7xx_it.o
                0x0000000008000b76                SVC_Handler
 .text.DebugMon_Handler
                0x0000000008000b84        0xe ./Core/Src/stm32h7xx_it.o
                0x0000000008000b84                DebugMon_Handler
 .text.PendSV_Handler
                0x0000000008000b92        0xe ./Core/Src/stm32h7xx_it.o
                0x0000000008000b92                PendSV_Handler
 .text.SysTick_Handler
                0x0000000008000ba0        0xc ./Core/Src/stm32h7xx_it.o
                0x0000000008000ba0                SysTick_Handler
 .text.OTG_FS_IRQHandler
                0x0000000008000bac       0x14 ./Core/Src/stm32h7xx_it.o
                0x0000000008000bac                OTG_FS_IRQHandler
 .text._read    0x0000000008000bc0       0x3a ./Core/Src/syscalls.o
                0x0000000008000bc0                _read
 .text._write   0x0000000008000bfa       0x38 ./Core/Src/syscalls.o
                0x0000000008000bfa                _write
 .text._close   0x0000000008000c32       0x18 ./Core/Src/syscalls.o
                0x0000000008000c32                _close
 .text._fstat   0x0000000008000c4a       0x20 ./Core/Src/syscalls.o
                0x0000000008000c4a                _fstat
 .text._isatty  0x0000000008000c6a       0x16 ./Core/Src/syscalls.o
                0x0000000008000c6a                _isatty
 .text._lseek   0x0000000008000c80       0x1a ./Core/Src/syscalls.o
                0x0000000008000c80                _lseek
 *fill*         0x0000000008000c9a        0x2 
 .text._sbrk    0x0000000008000c9c       0x6c ./Core/Src/sysmem.o
                0x0000000008000c9c                _sbrk
 .text.SystemInit
                0x0000000008000d08      0x110 ./Core/Src/system_stm32h7xx.o
                0x0000000008000d08                SystemInit
 .text.QSPI_If_Init_FS
                0x0000000008000e18       0x10 ./Core/Src/usbd_dfu_qspi_flash.o
 .text.QSPI_If_DeInit_FS
                0x0000000008000e28       0x10 ./Core/Src/usbd_dfu_qspi_flash.o
 .text.QSPI_If_Erase_FS
                0x0000000008000e38       0x70 ./Core/Src/usbd_dfu_qspi_flash.o
 .text.erase_sector
                0x0000000008000ea8       0x48 ./Core/Src/usbd_dfu_qspi_flash.o
                0x0000000008000ea8                erase_sector
 .text.QSPI_If_Write_FS
                0x0000000008000ef0       0x84 ./Core/Src/usbd_dfu_qspi_flash.o
 .text.QSPI_If_Read_FS
                0x0000000008000f74       0x68 ./Core/Src/usbd_dfu_qspi_flash.o
 .text.QSPI_If_GetStatus_FS
                0x0000000008000fdc       0x56 ./Core/Src/usbd_dfu_qspi_flash.o
 *fill*         0x0000000008001032        0x2 
 .text.QSPI_SetCom
                0x0000000008001034       0x84 ./Core/Src/w25vq.o
                0x0000000008001034                QSPI_SetCom
 .text.QSPI_Delay
                0x00000000080010b8       0x2c ./Core/Src/w25vq.o
                0x00000000080010b8                QSPI_Delay
 .text.QSPI_IsBusy
                0x00000000080010e4       0x38 ./Core/Src/w25vq.o
                0x00000000080010e4                QSPI_IsBusy
 .text.QSPI_Cmd
                0x000000000800111c       0x3c ./Core/Src/w25vq.o
                0x000000000800111c                QSPI_Cmd
 .text.QSPI_AutoPollingMemReady
                0x0000000008001158       0x70 ./Core/Src/w25vq.o
                0x0000000008001158                QSPI_AutoPollingMemReady
 .text.QSPI_WriteEnable
                0x00000000080011c8       0x3e ./Core/Src/w25vq.o
                0x00000000080011c8                QSPI_WriteEnable
 *fill*         0x0000000008001206        0x2 
 .text.QSPI_Reset
                0x0000000008001208       0x58 ./Core/Src/w25vq.o
                0x0000000008001208                QSPI_Reset
 .text.QSPI_Init
                0x0000000008001260       0x5c ./Core/Src/w25vq.o
                0x0000000008001260                QSPI_Init
 .text.QSPI_ReadStatusReg
                0x00000000080012bc       0x9c ./Core/Src/w25vq.o
                0x00000000080012bc                QSPI_ReadStatusReg
 .text.QSPI_WriteStatusReg
                0x0000000008001358       0xb4 ./Core/Src/w25vq.o
                0x0000000008001358                QSPI_WriteStatusReg
 .text.QSPI_EnableMemoryMappedMode
                0x000000000800140c       0x54 ./Core/Src/w25vq.o
                0x000000000800140c                QSPI_EnableMemoryMappedMode
 .text.QSPI_ReadDevID
                0x0000000008001460       0x2a ./Core/Src/w25vq.o
                0x0000000008001460                QSPI_ReadDevID
 *fill*         0x000000000800148a        0x2 
 .text.QSPI_QEEnable
                0x000000000800148c       0x40 ./Core/Src/w25vq.o
                0x000000000800148c                QSPI_QEEnable
 .text.QSPI_QEDisable
                0x00000000080014cc       0x30 ./Core/Src/w25vq.o
                0x00000000080014cc                QSPI_QEDisable
 .text.QSPI_EnableMap
                0x00000000080014fc       0x20 ./Core/Src/w25vq.o
                0x00000000080014fc                QSPI_EnableMap
 .text.QSPI_EraseSector
                0x000000000800151c       0x88 ./Core/Src/w25vq.o
                0x000000000800151c                QSPI_EraseSector
 .text.QSPI_EraseBlock
                0x00000000080015a4       0x88 ./Core/Src/w25vq.o
                0x00000000080015a4                QSPI_EraseBlock
 .text.QSPI_EraseChip
                0x000000000800162c       0x22 ./Core/Src/w25vq.o
                0x000000000800162c                QSPI_EraseChip
 *fill*         0x000000000800164e        0x2 
 .text.QSPI_Write
                0x0000000008001650       0xf8 ./Core/Src/w25vq.o
                0x0000000008001650                QSPI_Write
 .text.QSPI_Read
                0x0000000008001748       0xb0 ./Core/Src/w25vq.o
                0x0000000008001748                QSPI_Read
 .text.Reset_Handler
                0x00000000080017f8       0x50 ./Core/Startup/startup_stm32h750xbhx.o
                0x00000000080017f8                Reset_Handler
 .text.Default_Handler
                0x0000000008001848        0x2 ./Core/Startup/startup_stm32h750xbhx.o
                0x0000000008001848                RTC_Alarm_IRQHandler
                0x0000000008001848                HASH_RNG_IRQHandler
                0x0000000008001848                EXTI2_IRQHandler
                0x0000000008001848                TIM8_CC_IRQHandler
                0x0000000008001848                HRTIM1_Master_IRQHandler
                0x0000000008001848                UART8_IRQHandler
                0x0000000008001848                SPI4_IRQHandler
                0x0000000008001848                TIM1_CC_IRQHandler
                0x0000000008001848                BDMA_Channel6_IRQHandler
                0x0000000008001848                DMA2_Stream5_IRQHandler
                0x0000000008001848                HRTIM1_FLT_IRQHandler
                0x0000000008001848                JPEG_IRQHandler
                0x0000000008001848                DMA1_Stream5_IRQHandler
                0x0000000008001848                BDMA_Channel1_IRQHandler
                0x0000000008001848                HRTIM1_TIMD_IRQHandler
                0x0000000008001848                TAMP_STAMP_IRQHandler
                0x0000000008001848                EXTI3_IRQHandler
                0x0000000008001848                LPTIM4_IRQHandler
                0x0000000008001848                TIM8_TRG_COM_TIM14_IRQHandler
                0x0000000008001848                LPTIM2_IRQHandler
                0x0000000008001848                DFSDM1_FLT1_IRQHandler
                0x0000000008001848                DMAMUX2_OVR_IRQHandler
                0x0000000008001848                TIM8_UP_TIM13_IRQHandler
                0x0000000008001848                I2C3_ER_IRQHandler
                0x0000000008001848                DFSDM1_FLT2_IRQHandler
                0x0000000008001848                MDMA_IRQHandler
                0x0000000008001848                LPTIM3_IRQHandler
                0x0000000008001848                HSEM1_IRQHandler
                0x0000000008001848                EXTI0_IRQHandler
                0x0000000008001848                I2C2_EV_IRQHandler
                0x0000000008001848                DMA1_Stream2_IRQHandler
                0x0000000008001848                FPU_IRQHandler
                0x0000000008001848                OTG_HS_WKUP_IRQHandler
                0x0000000008001848                FDCAN1_IT1_IRQHandler
                0x0000000008001848                LTDC_ER_IRQHandler
                0x0000000008001848                DMA2_Stream2_IRQHandler
                0x0000000008001848                HRTIM1_TIME_IRQHandler
                0x0000000008001848                SPI1_IRQHandler
                0x0000000008001848                TIM6_DAC_IRQHandler
                0x0000000008001848                DCMI_IRQHandler
                0x0000000008001848                HRTIM1_TIMC_IRQHandler
                0x0000000008001848                DMA2_Stream3_IRQHandler
                0x0000000008001848                SAI2_IRQHandler
                0x0000000008001848                DFSDM1_FLT3_IRQHandler
                0x0000000008001848                USART6_IRQHandler
                0x0000000008001848                TIM17_IRQHandler
                0x0000000008001848                USART3_IRQHandler
                0x0000000008001848                BDMA_Channel7_IRQHandler
                0x0000000008001848                CRYP_IRQHandler
                0x0000000008001848                LPTIM5_IRQHandler
                0x0000000008001848                UART5_IRQHandler
                0x0000000008001848                ADC3_IRQHandler
                0x0000000008001848                DMA2_Stream0_IRQHandler
                0x0000000008001848                TIM4_IRQHandler
                0x0000000008001848                BDMA_Channel2_IRQHandler
                0x0000000008001848                QUADSPI_IRQHandler
                0x0000000008001848                I2C1_EV_IRQHandler
                0x0000000008001848                DMA1_Stream6_IRQHandler
                0x0000000008001848                DMAMUX1_OVR_IRQHandler
                0x0000000008001848                DMA1_Stream1_IRQHandler
                0x0000000008001848                TIM16_IRQHandler
                0x0000000008001848                UART4_IRQHandler
                0x0000000008001848                BDMA_Channel5_IRQHandler
                0x0000000008001848                TIM3_IRQHandler
                0x0000000008001848                RCC_IRQHandler
                0x0000000008001848                TIM8_BRK_TIM12_IRQHandler
                0x0000000008001848                TIM1_TRG_COM_IRQHandler
                0x0000000008001848                Default_Handler
                0x0000000008001848                ECC_IRQHandler
                0x0000000008001848                CEC_IRQHandler
                0x0000000008001848                EXTI15_10_IRQHandler
                0x0000000008001848                BDMA_Channel0_IRQHandler
                0x0000000008001848                ADC_IRQHandler
                0x0000000008001848                DMA1_Stream7_IRQHandler
                0x0000000008001848                HRTIM1_TIMA_IRQHandler
                0x0000000008001848                SPI5_IRQHandler
                0x0000000008001848                TIM7_IRQHandler
                0x0000000008001848                SDMMC1_IRQHandler
                0x0000000008001848                TIM5_IRQHandler
                0x0000000008001848                DMA2_Stream7_IRQHandler
                0x0000000008001848                TIM15_IRQHandler
                0x0000000008001848                PVD_AVD_IRQHandler
                0x0000000008001848                I2C3_EV_IRQHandler
                0x0000000008001848                EXTI9_5_IRQHandler
                0x0000000008001848                RTC_WKUP_IRQHandler
                0x0000000008001848                LTDC_IRQHandler
                0x0000000008001848                SAI3_IRQHandler
                0x0000000008001848                ETH_WKUP_IRQHandler
                0x0000000008001848                SPDIF_RX_IRQHandler
                0x0000000008001848                SPI2_IRQHandler
                0x0000000008001848                OTG_HS_EP1_IN_IRQHandler
                0x0000000008001848                DMA1_Stream0_IRQHandler
                0x0000000008001848                CRS_IRQHandler
                0x0000000008001848                EXTI4_IRQHandler
                0x0000000008001848                HRTIM1_TIMB_IRQHandler
                0x0000000008001848                FDCAN2_IT1_IRQHandler
                0x0000000008001848                ETH_IRQHandler
                0x0000000008001848                TIM1_UP_IRQHandler
                0x0000000008001848                BDMA_Channel4_IRQHandler
                0x0000000008001848                OTG_HS_EP1_OUT_IRQHandler
                0x0000000008001848                WWDG_IRQHandler
                0x0000000008001848                SPI6_IRQHandler
                0x0000000008001848                MDIOS_IRQHandler
                0x0000000008001848                I2C4_EV_IRQHandler
                0x0000000008001848                FDCAN2_IT0_IRQHandler
                0x0000000008001848                LPUART1_IRQHandler
                0x0000000008001848                FDCAN1_IT0_IRQHandler
                0x0000000008001848                TIM2_IRQHandler
                0x0000000008001848                OTG_FS_WKUP_IRQHandler
                0x0000000008001848                OTG_HS_IRQHandler
                0x0000000008001848                DMA2D_IRQHandler
                0x0000000008001848                TIM1_BRK_IRQHandler
                0x0000000008001848                EXTI1_IRQHandler
                0x0000000008001848                SDMMC2_IRQHandler
                0x0000000008001848                OTG_FS_EP1_OUT_IRQHandler
                0x0000000008001848                BDMA_Channel3_IRQHandler
                0x0000000008001848                UART7_IRQHandler
                0x0000000008001848                MDIOS_WKUP_IRQHandler
                0x0000000008001848                USART2_IRQHandler
                0x0000000008001848                DFSDM1_FLT0_IRQHandler
                0x0000000008001848                SAI4_IRQHandler
                0x0000000008001848                I2C2_ER_IRQHandler
                0x0000000008001848                DMA2_Stream1_IRQHandler
                0x0000000008001848                FLASH_IRQHandler
                0x0000000008001848                DMA2_Stream4_IRQHandler
                0x0000000008001848                USART1_IRQHandler
                0x0000000008001848                SPI3_IRQHandler
                0x0000000008001848                WAKEUP_PIN_IRQHandler
                0x0000000008001848                DMA1_Stream4_IRQHandler
                0x0000000008001848                OTG_FS_EP1_IN_IRQHandler
                0x0000000008001848                I2C1_ER_IRQHandler
                0x0000000008001848                FMC_IRQHandler
                0x0000000008001848                FDCAN_CAL_IRQHandler
                0x0000000008001848                SWPMI1_IRQHandler
                0x0000000008001848                COMP1_IRQHandler
                0x0000000008001848                LPTIM1_IRQHandler
                0x0000000008001848                I2C4_ER_IRQHandler
                0x0000000008001848                DMA2_Stream6_IRQHandler
                0x0000000008001848                SAI1_IRQHandler
                0x0000000008001848                DMA1_Stream3_IRQHandler
 *fill*         0x000000000800184a        0x2 
 .text.HAL_Init
                0x000000000800184c       0x78 ./Drivers/STM32H7xx_HAL_Driver/Src/stm32h7xx_hal.o
                0x000000000800184c                HAL_Init
 .text.HAL_InitTick
                0x00000000080018c4       0x6c ./Drivers/STM32H7xx_HAL_Driver/Src/stm32h7xx_hal.o
                0x00000000080018c4                HAL_InitTick
 .text.HAL_IncTick
                0x0000000008001930       0x28 ./Drivers/STM32H7xx_HAL_Driver/Src/stm32h7xx_hal.o
                0x0000000008001930                HAL_IncTick
 .text.HAL_GetTick
                0x0000000008001958       0x18 ./Drivers/STM32H7xx_HAL_Driver/Src/stm32h7xx_hal.o
                0x0000000008001958                HAL_GetTick
 .text.HAL_Delay
                0x0000000008001970       0x48 ./Drivers/STM32H7xx_HAL_Driver/Src/stm32h7xx_hal.o
                0x0000000008001970                HAL_Delay
 .text.HAL_GetREVID
                0x00000000080019b8       0x18 ./Drivers/STM32H7xx_HAL_Driver/Src/stm32h7xx_hal.o
                0x00000000080019b8                HAL_GetREVID
 .text.__NVIC_SetPriorityGrouping
                0x00000000080019d0       0x48 ./Drivers/STM32H7xx_HAL_Driver/Src/stm32h7xx_hal_cortex.o
 .text.__NVIC_GetPriorityGrouping
                0x0000000008001a18       0x1c ./Drivers/STM32H7xx_HAL_Driver/Src/stm32h7xx_hal_cortex.o
 .text.__NVIC_EnableIRQ
                0x0000000008001a34       0x3c ./Drivers/STM32H7xx_HAL_Driver/Src/stm32h7xx_hal_cortex.o
 .text.__NVIC_SetPriority
                0x0000000008001a70       0x54 ./Drivers/STM32H7xx_HAL_Driver/Src/stm32h7xx_hal_cortex.o
 .text.NVIC_EncodePriority
                0x0000000008001ac4       0x66 ./Drivers/STM32H7xx_HAL_Driver/Src/stm32h7xx_hal_cortex.o
 *fill*         0x0000000008001b2a        0x2 
 .text.SysTick_Config
                0x0000000008001b2c       0x44 ./Drivers/STM32H7xx_HAL_Driver/Src/stm32h7xx_hal_cortex.o
 .text.HAL_NVIC_SetPriorityGrouping
                0x0000000008001b70       0x16 ./Drivers/STM32H7xx_HAL_Driver/Src/stm32h7xx_hal_cortex.o
                0x0000000008001b70                HAL_NVIC_SetPriorityGrouping
 .text.HAL_NVIC_SetPriority
                0x0000000008001b86       0x34 ./Drivers/STM32H7xx_HAL_Driver/Src/stm32h7xx_hal_cortex.o
                0x0000000008001b86                HAL_NVIC_SetPriority
 .text.HAL_NVIC_EnableIRQ
                0x0000000008001bba       0x1c ./Drivers/STM32H7xx_HAL_Driver/Src/stm32h7xx_hal_cortex.o
                0x0000000008001bba                HAL_NVIC_EnableIRQ
 .text.HAL_SYSTICK_Config
                0x0000000008001bd6       0x18 ./Drivers/STM32H7xx_HAL_Driver/Src/stm32h7xx_hal_cortex.o
                0x0000000008001bd6                HAL_SYSTICK_Config
 *fill*         0x0000000008001bee        0x2 
 .text.HAL_MPU_Disable
                0x0000000008001bf0       0x30 ./Drivers/STM32H7xx_HAL_Driver/Src/stm32h7xx_hal_cortex.o
                0x0000000008001bf0                HAL_MPU_Disable
 .text.HAL_MPU_Enable
                0x0000000008001c20       0x40 ./Drivers/STM32H7xx_HAL_Driver/Src/stm32h7xx_hal_cortex.o
                0x0000000008001c20                HAL_MPU_Enable
 .text.HAL_MPU_ConfigRegion
                0x0000000008001c60       0x88 ./Drivers/STM32H7xx_HAL_Driver/Src/stm32h7xx_hal_cortex.o
                0x0000000008001c60                HAL_MPU_ConfigRegion
 .text.HAL_GPIO_Init
                0x0000000008001ce8      0x360 ./Drivers/STM32H7xx_HAL_Driver/Src/stm32h7xx_hal_gpio.o
                0x0000000008001ce8                HAL_GPIO_Init
 .text.HAL_GPIO_ReadPin
                0x0000000008002048       0x30 ./Drivers/STM32H7xx_HAL_Driver/Src/stm32h7xx_hal_gpio.o
                0x0000000008002048                HAL_GPIO_ReadPin
 .text.HAL_GPIO_WritePin
                0x0000000008002078       0x32 ./Drivers/STM32H7xx_HAL_Driver/Src/stm32h7xx_hal_gpio.o
                0x0000000008002078                HAL_GPIO_WritePin
 .text.HAL_GPIO_TogglePin
                0x00000000080020aa       0x34 ./Drivers/STM32H7xx_HAL_Driver/Src/stm32h7xx_hal_gpio.o
                0x00000000080020aa                HAL_GPIO_TogglePin
 .text.HAL_PCD_Init
                0x00000000080020de      0x248 ./Drivers/STM32H7xx_HAL_Driver/Src/stm32h7xx_hal_pcd.o
                0x00000000080020de                HAL_PCD_Init
 .text.HAL_PCD_Start
                0x0000000008002326       0x6a ./Drivers/STM32H7xx_HAL_Driver/Src/stm32h7xx_hal_pcd.o
                0x0000000008002326                HAL_PCD_Start
 .text.HAL_PCD_Stop
                0x0000000008002390       0x76 ./Drivers/STM32H7xx_HAL_Driver/Src/stm32h7xx_hal_pcd.o
                0x0000000008002390                HAL_PCD_Stop
 .text.HAL_PCD_IRQHandler
                0x0000000008002406      0x998 ./Drivers/STM32H7xx_HAL_Driver/Src/stm32h7xx_hal_pcd.o
                0x0000000008002406                HAL_PCD_IRQHandler
 .text.HAL_PCD_SetAddress
                0x0000000008002d9e       0x4a ./Drivers/STM32H7xx_HAL_Driver/Src/stm32h7xx_hal_pcd.o
                0x0000000008002d9e                HAL_PCD_SetAddress
 .text.HAL_PCD_EP_Open
                0x0000000008002de8       0xd0 ./Drivers/STM32H7xx_HAL_Driver/Src/stm32h7xx_hal_pcd.o
                0x0000000008002de8                HAL_PCD_EP_Open
 .text.HAL_PCD_EP_Receive
                0x0000000008002eb8       0x78 ./Drivers/STM32H7xx_HAL_Driver/Src/stm32h7xx_hal_pcd.o
                0x0000000008002eb8                HAL_PCD_EP_Receive
 .text.HAL_PCD_EP_Transmit
                0x0000000008002f30       0x76 ./Drivers/STM32H7xx_HAL_Driver/Src/stm32h7xx_hal_pcd.o
                0x0000000008002f30                HAL_PCD_EP_Transmit
 .text.HAL_PCD_EP_SetStall
                0x0000000008002fa6       0xc8 ./Drivers/STM32H7xx_HAL_Driver/Src/stm32h7xx_hal_pcd.o
                0x0000000008002fa6                HAL_PCD_EP_SetStall
 .text.HAL_PCD_EP_ClrStall
                0x000000000800306e       0xac ./Drivers/STM32H7xx_HAL_Driver/Src/stm32h7xx_hal_pcd.o
                0x000000000800306e                HAL_PCD_EP_ClrStall
 .text.HAL_PCD_EP_Abort
                0x000000000800311a       0x62 ./Drivers/STM32H7xx_HAL_Driver/Src/stm32h7xx_hal_pcd.o
                0x000000000800311a                HAL_PCD_EP_Abort
 .text.PCD_WriteEmptyTxFifo
                0x000000000800317c      0x11a ./Drivers/STM32H7xx_HAL_Driver/Src/stm32h7xx_hal_pcd.o
 *fill*         0x0000000008003296        0x2 
 .text.PCD_EP_OutXfrComplete_int
                0x0000000008003298      0x1d0 ./Drivers/STM32H7xx_HAL_Driver/Src/stm32h7xx_hal_pcd.o
 .text.PCD_EP_OutSetupPacket_int
                0x0000000008003468       0x8c ./Drivers/STM32H7xx_HAL_Driver/Src/stm32h7xx_hal_pcd.o
 .text.HAL_PCDEx_SetTxFiFo
                0x00000000080034f4       0x8e ./Drivers/STM32H7xx_HAL_Driver/Src/stm32h7xx_hal_pcd_ex.o
                0x00000000080034f4                HAL_PCDEx_SetTxFiFo
 .text.HAL_PCDEx_SetRxFiFo
                0x0000000008003582       0x22 ./Drivers/STM32H7xx_HAL_Driver/Src/stm32h7xx_hal_pcd_ex.o
                0x0000000008003582                HAL_PCDEx_SetRxFiFo
 .text.HAL_PCDEx_ActivateLPM
                0x00000000080035a4       0x48 ./Drivers/STM32H7xx_HAL_Driver/Src/stm32h7xx_hal_pcd_ex.o
                0x00000000080035a4                HAL_PCDEx_ActivateLPM
 .text.HAL_PCDEx_LPM_Callback
                0x00000000080035ec       0x18 ./Drivers/STM32H7xx_HAL_Driver/Src/stm32h7xx_hal_pcd_ex.o
                0x00000000080035ec                HAL_PCDEx_LPM_Callback
 .text.HAL_PWREx_ConfigSupply
                0x0000000008003604       0x74 ./Drivers/STM32H7xx_HAL_Driver/Src/stm32h7xx_hal_pwr_ex.o
                0x0000000008003604                HAL_PWREx_ConfigSupply
 .text.HAL_PWREx_EnableUSBVoltageDetector
                0x0000000008003678       0x20 ./Drivers/STM32H7xx_HAL_Driver/Src/stm32h7xx_hal_pwr_ex.o
                0x0000000008003678                HAL_PWREx_EnableUSBVoltageDetector
 .text.HAL_QSPI_Init
                0x0000000008003698       0xe8 ./Drivers/STM32H7xx_HAL_Driver/Src/stm32h7xx_hal_qspi.o
                0x0000000008003698                HAL_QSPI_Init
 .text.HAL_QSPI_Command
                0x0000000008003780       0xbc ./Drivers/STM32H7xx_HAL_Driver/Src/stm32h7xx_hal_qspi.o
                0x0000000008003780                HAL_QSPI_Command
 .text.HAL_QSPI_Transmit
                0x000000000800383c      0x124 ./Drivers/STM32H7xx_HAL_Driver/Src/stm32h7xx_hal_qspi.o
                0x000000000800383c                HAL_QSPI_Transmit
 .text.HAL_QSPI_Receive
                0x0000000008003960      0x13a ./Drivers/STM32H7xx_HAL_Driver/Src/stm32h7xx_hal_qspi.o
                0x0000000008003960                HAL_QSPI_Receive
 .text.HAL_QSPI_AutoPolling
                0x0000000008003a9a       0xee ./Drivers/STM32H7xx_HAL_Driver/Src/stm32h7xx_hal_qspi.o
                0x0000000008003a9a                HAL_QSPI_AutoPolling
 .text.HAL_QSPI_MemoryMapped
                0x0000000008003b88       0xc4 ./Drivers/STM32H7xx_HAL_Driver/Src/stm32h7xx_hal_qspi.o
                0x0000000008003b88                HAL_QSPI_MemoryMapped
 .text.HAL_QSPI_SetTimeout
                0x0000000008003c4c       0x1c ./Drivers/STM32H7xx_HAL_Driver/Src/stm32h7xx_hal_qspi.o
                0x0000000008003c4c                HAL_QSPI_SetTimeout
 .text.QSPI_WaitFlagStateUntilTimeout
                0x0000000008003c68       0x6e ./Drivers/STM32H7xx_HAL_Driver/Src/stm32h7xx_hal_qspi.o
 .text.QSPI_Config
                0x0000000008003cd6      0x30c ./Drivers/STM32H7xx_HAL_Driver/Src/stm32h7xx_hal_qspi.o
 *fill*         0x0000000008003fe2        0x2 
 .text.HAL_RCC_OscConfig
                0x0000000008003fe4      0x8b4 ./Drivers/STM32H7xx_HAL_Driver/Src/stm32h7xx_hal_rcc.o
                0x0000000008003fe4                HAL_RCC_OscConfig
 .text.HAL_RCC_ClockConfig
                0x0000000008004898      0x36c ./Drivers/STM32H7xx_HAL_Driver/Src/stm32h7xx_hal_rcc.o
                0x0000000008004898                HAL_RCC_ClockConfig
 .text.HAL_RCC_GetSysClockFreq
                0x0000000008004c04      0x2f4 ./Drivers/STM32H7xx_HAL_Driver/Src/stm32h7xx_hal_rcc.o
                0x0000000008004c04                HAL_RCC_GetSysClockFreq
 .text.HAL_RCC_GetHCLKFreq
                0x0000000008004ef8       0x60 ./Drivers/STM32H7xx_HAL_Driver/Src/stm32h7xx_hal_rcc.o
                0x0000000008004ef8                HAL_RCC_GetHCLKFreq
 .text.HAL_RCCEx_PeriphCLKConfig
                0x0000000008004f58     0x1414 ./Drivers/STM32H7xx_HAL_Driver/Src/stm32h7xx_hal_rcc_ex.o
                0x0000000008004f58                HAL_RCCEx_PeriphCLKConfig
 .text.RCCEx_PLL2_Config
                0x000000000800636c      0x164 ./Drivers/STM32H7xx_HAL_Driver/Src/stm32h7xx_hal_rcc_ex.o
 .text.RCCEx_PLL3_Config
                0x00000000080064d0      0x164 ./Drivers/STM32H7xx_HAL_Driver/Src/stm32h7xx_hal_rcc_ex.o
 .text.USB_CoreInit
                0x0000000008006634       0xdc ./Drivers/STM32H7xx_HAL_Driver/Src/stm32h7xx_ll_usb.o
                0x0000000008006634                USB_CoreInit
 .text.USB_SetTurnaroundTime
                0x0000000008006710      0x144 ./Drivers/STM32H7xx_HAL_Driver/Src/stm32h7xx_ll_usb.o
                0x0000000008006710                USB_SetTurnaroundTime
 .text.USB_EnableGlobalInt
                0x0000000008006854       0x22 ./Drivers/STM32H7xx_HAL_Driver/Src/stm32h7xx_ll_usb.o
                0x0000000008006854                USB_EnableGlobalInt
 .text.USB_DisableGlobalInt
                0x0000000008006876       0x22 ./Drivers/STM32H7xx_HAL_Driver/Src/stm32h7xx_ll_usb.o
                0x0000000008006876                USB_DisableGlobalInt
 .text.USB_SetCurrentMode
                0x0000000008006898       0x98 ./Drivers/STM32H7xx_HAL_Driver/Src/stm32h7xx_ll_usb.o
                0x0000000008006898                USB_SetCurrentMode
 .text.USB_DevInit
                0x0000000008006930      0x2bc ./Drivers/STM32H7xx_HAL_Driver/Src/stm32h7xx_ll_usb.o
                0x0000000008006930                USB_DevInit
 .text.USB_FlushTxFifo
                0x0000000008006bec       0x68 ./Drivers/STM32H7xx_HAL_Driver/Src/stm32h7xx_ll_usb.o
                0x0000000008006bec                USB_FlushTxFifo
 .text.USB_FlushRxFifo
                0x0000000008006c54       0x60 ./Drivers/STM32H7xx_HAL_Driver/Src/stm32h7xx_ll_usb.o
                0x0000000008006c54                USB_FlushRxFifo
 .text.USB_SetDevSpeed
                0x0000000008006cb4       0x32 ./Drivers/STM32H7xx_HAL_Driver/Src/stm32h7xx_ll_usb.o
                0x0000000008006cb4                USB_SetDevSpeed
 .text.USB_GetDevSpeed
                0x0000000008006ce6       0x4a ./Drivers/STM32H7xx_HAL_Driver/Src/stm32h7xx_ll_usb.o
                0x0000000008006ce6                USB_GetDevSpeed
 .text.USB_ActivateEndpoint
                0x0000000008006d30      0x110 ./Drivers/STM32H7xx_HAL_Driver/Src/stm32h7xx_ll_usb.o
                0x0000000008006d30                USB_ActivateEndpoint
 .text.USB_EPStartXfer
                0x0000000008006e40      0x540 ./Drivers/STM32H7xx_HAL_Driver/Src/stm32h7xx_ll_usb.o
                0x0000000008006e40                USB_EPStartXfer
 .text.USB_EPStopXfer
                0x0000000008007380      0x154 ./Drivers/STM32H7xx_HAL_Driver/Src/stm32h7xx_ll_usb.o
                0x0000000008007380                USB_EPStopXfer
 .text.USB_WritePacket
                0x00000000080074d4       0x7c ./Drivers/STM32H7xx_HAL_Driver/Src/stm32h7xx_ll_usb.o
                0x00000000080074d4                USB_WritePacket
 .text.USB_ReadPacket
                0x0000000008007550       0xb0 ./Drivers/STM32H7xx_HAL_Driver/Src/stm32h7xx_ll_usb.o
                0x0000000008007550                USB_ReadPacket
 .text.USB_EPSetStall
                0x0000000008007600       0xdc ./Drivers/STM32H7xx_HAL_Driver/Src/stm32h7xx_ll_usb.o
                0x0000000008007600                USB_EPSetStall
 .text.USB_EPClearStall
                0x00000000080076dc       0xcc ./Drivers/STM32H7xx_HAL_Driver/Src/stm32h7xx_ll_usb.o
                0x00000000080076dc                USB_EPClearStall
 .text.USB_SetDevAddress
                0x00000000080077a8       0x4c ./Drivers/STM32H7xx_HAL_Driver/Src/stm32h7xx_ll_usb.o
                0x00000000080077a8                USB_SetDevAddress
 .text.USB_DevConnect
                0x00000000080077f4       0x42 ./Drivers/STM32H7xx_HAL_Driver/Src/stm32h7xx_ll_usb.o
                0x00000000080077f4                USB_DevConnect
 .text.USB_DevDisconnect
                0x0000000008007836       0x42 ./Drivers/STM32H7xx_HAL_Driver/Src/stm32h7xx_ll_usb.o
                0x0000000008007836                USB_DevDisconnect
 .text.USB_ReadInterrupts
                0x0000000008007878       0x26 ./Drivers/STM32H7xx_HAL_Driver/Src/stm32h7xx_ll_usb.o
                0x0000000008007878                USB_ReadInterrupts
 .text.USB_ReadDevAllOutEpInterrupt
                0x000000000800789e       0x34 ./Drivers/STM32H7xx_HAL_Driver/Src/stm32h7xx_ll_usb.o
                0x000000000800789e                USB_ReadDevAllOutEpInterrupt
 .text.USB_ReadDevAllInEpInterrupt
                0x00000000080078d2       0x34 ./Drivers/STM32H7xx_HAL_Driver/Src/stm32h7xx_ll_usb.o
                0x00000000080078d2                USB_ReadDevAllInEpInterrupt
 .text.USB_ReadDevOutEPInterrupt
                0x0000000008007906       0x3c ./Drivers/STM32H7xx_HAL_Driver/Src/stm32h7xx_ll_usb.o
                0x0000000008007906                USB_ReadDevOutEPInterrupt
 .text.USB_ReadDevInEPInterrupt
                0x0000000008007942       0x5c ./Drivers/STM32H7xx_HAL_Driver/Src/stm32h7xx_ll_usb.o
                0x0000000008007942                USB_ReadDevInEPInterrupt
 .text.USB_GetMode
                0x000000000800799e       0x1c ./Drivers/STM32H7xx_HAL_Driver/Src/stm32h7xx_ll_usb.o
                0x000000000800799e                USB_GetMode
 *fill*         0x00000000080079ba        0x2 
 .text.USB_ActivateSetup
                0x00000000080079bc       0x48 ./Drivers/STM32H7xx_HAL_Driver/Src/stm32h7xx_ll_usb.o
                0x00000000080079bc                USB_ActivateSetup
 .text.USB_EP0_OutStart
                0x0000000008007a04       0xbc ./Drivers/STM32H7xx_HAL_Driver/Src/stm32h7xx_ll_usb.o
                0x0000000008007a04                USB_EP0_OutStart
 .text.USB_CoreReset
                0x0000000008007ac0       0x68 ./Drivers/STM32H7xx_HAL_Driver/Src/stm32h7xx_ll_usb.o
 .text.__NVIC_SystemReset
                0x0000000008007b28       0x2c ./Middlewares/ST/STM32_USB_Device_Library/Class/DFU/Src/usbd_dfu.o
 .text.USBD_DFU_Init
                0x0000000008007b54       0xde ./Middlewares/ST/STM32_USB_Device_Library/Class/DFU/Src/usbd_dfu.o
 .text.USBD_DFU_DeInit
                0x0000000008007c32       0xa4 ./Middlewares/ST/STM32_USB_Device_Library/Class/DFU/Src/usbd_dfu.o
 *fill*         0x0000000008007cd6        0x2 
 .text.USBD_DFU_Setup
                0x0000000008007cd8      0x208 ./Middlewares/ST/STM32_USB_Device_Library/Class/DFU/Src/usbd_dfu.o
 .text.USBD_DFU_GetCfgDesc
                0x0000000008007ee0       0x20 ./Middlewares/ST/STM32_USB_Device_Library/Class/DFU/Src/usbd_dfu.o
 .text.USBD_DFU_EP0_RxReady
                0x0000000008007f00       0x16 ./Middlewares/ST/STM32_USB_Device_Library/Class/DFU/Src/usbd_dfu.o
 .text.USBD_DFU_EP0_TxReady
                0x0000000008007f16      0x1da ./Middlewares/ST/STM32_USB_Device_Library/Class/DFU/Src/usbd_dfu.o
 .text.USBD_DFU_SOF
                0x00000000080080f0       0x16 ./Middlewares/ST/STM32_USB_Device_Library/Class/DFU/Src/usbd_dfu.o
 *fill*         0x0000000008008106        0x2 
 .text.USBD_DFU_GetDeviceQualifierDesc
                0x0000000008008108       0x20 ./Middlewares/ST/STM32_USB_Device_Library/Class/DFU/Src/usbd_dfu.o
 .text.USBD_DFU_GetUsrStringDesc
                0x0000000008008128       0x4c ./Middlewares/ST/STM32_USB_Device_Library/Class/DFU/Src/usbd_dfu.o
 .text.USBD_DFU_RegisterMedia
                0x0000000008008174       0x34 ./Middlewares/ST/STM32_USB_Device_Library/Class/DFU/Src/usbd_dfu.o
                0x0000000008008174                USBD_DFU_RegisterMedia
 .text.DFU_Detach
                0x00000000080081a8       0xe0 ./Middlewares/ST/STM32_USB_Device_Library/Class/DFU/Src/usbd_dfu.o
 .text.DFU_Download
                0x0000000008008288       0xec ./Middlewares/ST/STM32_USB_Device_Library/Class/DFU/Src/usbd_dfu.o
 .text.DFU_Upload
                0x0000000008008374      0x1d0 ./Middlewares/ST/STM32_USB_Device_Library/Class/DFU/Src/usbd_dfu.o
 .text.DFU_GetStatus
                0x0000000008008544      0x198 ./Middlewares/ST/STM32_USB_Device_Library/Class/DFU/Src/usbd_dfu.o
 .text.DFU_ClearStatus
                0x00000000080086dc       0xb0 ./Middlewares/ST/STM32_USB_Device_Library/Class/DFU/Src/usbd_dfu.o
 .text.DFU_GetState
                0x000000000800878c       0x38 ./Middlewares/ST/STM32_USB_Device_Library/Class/DFU/Src/usbd_dfu.o
 .text.DFU_Abort
                0x00000000080087c4       0xaa ./Middlewares/ST/STM32_USB_Device_Library/Class/DFU/Src/usbd_dfu.o
 .text.DFU_Leave
                0x000000000800886e       0xb2 ./Middlewares/ST/STM32_USB_Device_Library/Class/DFU/Src/usbd_dfu.o
 .text.USBD_DFU_GetDfuFuncDesc
                0x0000000008008920       0x60 ./Middlewares/ST/STM32_USB_Device_Library/Class/DFU/Src/usbd_dfu.o
 .text.USBD_Init
                0x0000000008008980       0x60 ./Middlewares/ST/STM32_USB_Device_Library/Core/Src/usbd_core.o
                0x0000000008008980                USBD_Init
 .text.USBD_RegisterClass
                0x00000000080089e0       0x6c ./Middlewares/ST/STM32_USB_Device_Library/Core/Src/usbd_core.o
                0x00000000080089e0                USBD_RegisterClass
 .text.USBD_Start
                0x0000000008008a4c       0x18 ./Middlewares/ST/STM32_USB_Device_Library/Core/Src/usbd_core.o
                0x0000000008008a4c                USBD_Start
 .text.USBD_Stop
                0x0000000008008a64       0x36 ./Middlewares/ST/STM32_USB_Device_Library/Core/Src/usbd_core.o
                0x0000000008008a64                USBD_Stop
 .text.USBD_RunTestMode
                0x0000000008008a9a       0x16 ./Middlewares/ST/STM32_USB_Device_Library/Core/Src/usbd_core.o
                0x0000000008008a9a                USBD_RunTestMode
 .text.USBD_SetClassConfig
                0x0000000008008ab0       0x38 ./Middlewares/ST/STM32_USB_Device_Library/Core/Src/usbd_core.o
                0x0000000008008ab0                USBD_SetClassConfig
 .text.USBD_ClrClassConfig
                0x0000000008008ae8       0x34 ./Middlewares/ST/STM32_USB_Device_Library/Core/Src/usbd_core.o
                0x0000000008008ae8                USBD_ClrClassConfig
 .text.USBD_LL_SetupStage
                0x0000000008008b1c       0xaa ./Middlewares/ST/STM32_USB_Device_Library/Core/Src/usbd_core.o
                0x0000000008008b1c                USBD_LL_SetupStage
 .text.USBD_LL_DataOutStage
                0x0000000008008bc6      0x166 ./Middlewares/ST/STM32_USB_Device_Library/Core/Src/usbd_core.o
                0x0000000008008bc6                USBD_LL_DataOutStage
 .text.USBD_LL_DataInStage
                0x0000000008008d2c      0x164 ./Middlewares/ST/STM32_USB_Device_Library/Core/Src/usbd_core.o
                0x0000000008008d2c                USBD_LL_DataInStage
 .text.USBD_LL_Reset
                0x0000000008008e90       0xa4 ./Middlewares/ST/STM32_USB_Device_Library/Core/Src/usbd_core.o
                0x0000000008008e90                USBD_LL_Reset
 .text.USBD_LL_SetSpeed
                0x0000000008008f34       0x20 ./Middlewares/ST/STM32_USB_Device_Library/Core/Src/usbd_core.o
                0x0000000008008f34                USBD_LL_SetSpeed
 .text.USBD_LL_Suspend
                0x0000000008008f54       0x38 ./Middlewares/ST/STM32_USB_Device_Library/Core/Src/usbd_core.o
                0x0000000008008f54                USBD_LL_Suspend
 .text.USBD_LL_Resume
                0x0000000008008f8c       0x30 ./Middlewares/ST/STM32_USB_Device_Library/Core/Src/usbd_core.o
                0x0000000008008f8c                USBD_LL_Resume
 .text.USBD_LL_SOF
                0x0000000008008fbc       0x40 ./Middlewares/ST/STM32_USB_Device_Library/Core/Src/usbd_core.o
                0x0000000008008fbc                USBD_LL_SOF
 .text.USBD_LL_IsoINIncomplete
                0x0000000008008ffc       0x64 ./Middlewares/ST/STM32_USB_Device_Library/Core/Src/usbd_core.o
                0x0000000008008ffc                USBD_LL_IsoINIncomplete
 .text.USBD_LL_IsoOUTIncomplete
                0x0000000008009060       0x64 ./Middlewares/ST/STM32_USB_Device_Library/Core/Src/usbd_core.o
                0x0000000008009060                USBD_LL_IsoOUTIncomplete
 .text.USBD_LL_DevConnected
                0x00000000080090c4       0x16 ./Middlewares/ST/STM32_USB_Device_Library/Core/Src/usbd_core.o
                0x00000000080090c4                USBD_LL_DevConnected
 .text.USBD_LL_DevDisconnected
                0x00000000080090da       0x46 ./Middlewares/ST/STM32_USB_Device_Library/Core/Src/usbd_core.o
                0x00000000080090da                USBD_LL_DevDisconnected
 .text.USBD_CoreFindIF
                0x0000000008009120       0x1a ./Middlewares/ST/STM32_USB_Device_Library/Core/Src/usbd_core.o
                0x0000000008009120                USBD_CoreFindIF
 .text.USBD_CoreFindEP
                0x000000000800913a       0x1a ./Middlewares/ST/STM32_USB_Device_Library/Core/Src/usbd_core.o
                0x000000000800913a                USBD_CoreFindEP
 .text.USBD_GetNextDesc
                0x0000000008009154       0x3a ./Middlewares/ST/STM32_USB_Device_Library/Core/Src/usbd_core.o
                0x0000000008009154                USBD_GetNextDesc
 .text.SWAPBYTE
                0x000000000800918e       0x3c ./Middlewares/ST/STM32_USB_Device_Library/Core/Src/usbd_ctlreq.o
 *fill*         0x00000000080091ca        0x2 
 .text.USBD_StdDevReq
                0x00000000080091cc       0xe4 ./Middlewares/ST/STM32_USB_Device_Library/Core/Src/usbd_ctlreq.o
                0x00000000080091cc                USBD_StdDevReq
 .text.USBD_StdItfReq
                0x00000000080092b0       0xd8 ./Middlewares/ST/STM32_USB_Device_Library/Core/Src/usbd_ctlreq.o
                0x00000000080092b0                USBD_StdItfReq
 .text.USBD_StdEPReq
                0x0000000008009388      0x33a ./Middlewares/ST/STM32_USB_Device_Library/Core/Src/usbd_ctlreq.o
                0x0000000008009388                USBD_StdEPReq
 *fill*         0x00000000080096c2        0x2 
 .text.USBD_GetDescriptor
                0x00000000080096c4      0x320 ./Middlewares/ST/STM32_USB_Device_Library/Core/Src/usbd_ctlreq.o
 .text.USBD_SetAddress
                0x00000000080099e4       0x88 ./Middlewares/ST/STM32_USB_Device_Library/Core/Src/usbd_ctlreq.o
 .text.USBD_SetConfig
                0x0000000008009a6c      0x154 ./Middlewares/ST/STM32_USB_Device_Library/Core/Src/usbd_ctlreq.o
 .text.USBD_GetConfig
                0x0000000008009bc0       0x6c ./Middlewares/ST/STM32_USB_Device_Library/Core/Src/usbd_ctlreq.o
 .text.USBD_GetStatus
                0x0000000008009c2c       0x68 ./Middlewares/ST/STM32_USB_Device_Library/Core/Src/usbd_ctlreq.o
 .text.USBD_SetFeature
                0x0000000008009c94       0x52 ./Middlewares/ST/STM32_USB_Device_Library/Core/Src/usbd_ctlreq.o
 .text.USBD_ClrFeature
                0x0000000008009ce6       0x44 ./Middlewares/ST/STM32_USB_Device_Library/Core/Src/usbd_ctlreq.o
 .text.USBD_ParseSetupRequest
                0x0000000008009d2a       0x74 ./Middlewares/ST/STM32_USB_Device_Library/Core/Src/usbd_ctlreq.o
                0x0000000008009d2a                USBD_ParseSetupRequest
 .text.USBD_CtlError
                0x0000000008009d9e       0x22 ./Middlewares/ST/STM32_USB_Device_Library/Core/Src/usbd_ctlreq.o
                0x0000000008009d9e                USBD_CtlError
 .text.USBD_GetString
                0x0000000008009dc0       0x8c ./Middlewares/ST/STM32_USB_Device_Library/Core/Src/usbd_ctlreq.o
                0x0000000008009dc0                USBD_GetString
 .text.USBD_GetLen
                0x0000000008009e4c       0x34 ./Middlewares/ST/STM32_USB_Device_Library/Core/Src/usbd_ctlreq.o
 .text.USBD_CtlSendData
                0x0000000008009e80       0x36 ./Middlewares/ST/STM32_USB_Device_Library/Core/Src/usbd_ioreq.o
                0x0000000008009e80                USBD_CtlSendData
 .text.USBD_CtlContinueSendData
                0x0000000008009eb6       0x22 ./Middlewares/ST/STM32_USB_Device_Library/Core/Src/usbd_ioreq.o
                0x0000000008009eb6                USBD_CtlContinueSendData
 .text.USBD_CtlPrepareRx
                0x0000000008009ed8       0x3a ./Middlewares/ST/STM32_USB_Device_Library/Core/Src/usbd_ioreq.o
                0x0000000008009ed8                USBD_CtlPrepareRx
 .text.USBD_CtlContinueRx
                0x0000000008009f12       0x22 ./Middlewares/ST/STM32_USB_Device_Library/Core/Src/usbd_ioreq.o
                0x0000000008009f12                USBD_CtlContinueRx
 .text.USBD_CtlSendStatus
                0x0000000008009f34       0x26 ./Middlewares/ST/STM32_USB_Device_Library/Core/Src/usbd_ioreq.o
                0x0000000008009f34                USBD_CtlSendStatus
 .text.USBD_CtlReceiveStatus
                0x0000000008009f5a       0x26 ./Middlewares/ST/STM32_USB_Device_Library/Core/Src/usbd_ioreq.o
                0x0000000008009f5a                USBD_CtlReceiveStatus
 .text.MX_USB_DEVICE_Init
                0x0000000008009f80       0x64 ./USB_DEVICE/App/usb_device.o
                0x0000000008009f80                MX_USB_DEVICE_Init
 .text.USBD_FS_DeviceDescriptor
                0x0000000008009fe4       0x24 ./USB_DEVICE/App/usbd_desc.o
                0x0000000008009fe4                USBD_FS_DeviceDescriptor
 .text.USBD_FS_LangIDStrDescriptor
                0x000000000800a008       0x24 ./USB_DEVICE/App/usbd_desc.o
                0x000000000800a008                USBD_FS_LangIDStrDescriptor
 .text.USBD_FS_ProductStrDescriptor
                0x000000000800a02c       0x3c ./USB_DEVICE/App/usbd_desc.o
                0x000000000800a02c                USBD_FS_ProductStrDescriptor
 .text.USBD_FS_ManufacturerStrDescriptor
                0x000000000800a068       0x28 ./USB_DEVICE/App/usbd_desc.o
                0x000000000800a068                USBD_FS_ManufacturerStrDescriptor
 .text.USBD_FS_SerialStrDescriptor
                0x000000000800a090       0x24 ./USB_DEVICE/App/usbd_desc.o
                0x000000000800a090                USBD_FS_SerialStrDescriptor
 .text.USBD_FS_ConfigStrDescriptor
                0x000000000800a0b4       0x3c ./USB_DEVICE/App/usbd_desc.o
                0x000000000800a0b4                USBD_FS_ConfigStrDescriptor
 .text.USBD_FS_InterfaceStrDescriptor
                0x000000000800a0f0       0x3c ./USB_DEVICE/App/usbd_desc.o
                0x000000000800a0f0                USBD_FS_InterfaceStrDescriptor
 .text.Get_SerialNum
                0x000000000800a12c       0x58 ./USB_DEVICE/App/usbd_desc.o
 .text.IntToUnicode
                0x000000000800a184       0x7e ./USB_DEVICE/App/usbd_desc.o
 *fill*         0x000000000800a202        0x2 
 .text.HAL_PCD_MspInit
                0x000000000800a204       0xe8 ./USB_DEVICE/Target/usbd_conf.o
                0x000000000800a204                HAL_PCD_MspInit
 .text.HAL_PCD_SetupStageCallback
                0x000000000800a2ec       0x24 ./USB_DEVICE/Target/usbd_conf.o
                0x000000000800a2ec                HAL_PCD_SetupStageCallback
 .text.HAL_PCD_DataOutStageCallback
                0x000000000800a310       0x36 ./USB_DEVICE/Target/usbd_conf.o
                0x000000000800a310                HAL_PCD_DataOutStageCallback
 .text.HAL_PCD_DataInStageCallback
                0x000000000800a346       0x34 ./USB_DEVICE/Target/usbd_conf.o
                0x000000000800a346                HAL_PCD_DataInStageCallback
 .text.HAL_PCD_SOFCallback
                0x000000000800a37a       0x1c ./USB_DEVICE/Target/usbd_conf.o
                0x000000000800a37a                HAL_PCD_SOFCallback
 .text.HAL_PCD_ResetCallback
                0x000000000800a396       0x50 ./USB_DEVICE/Target/usbd_conf.o
                0x000000000800a396                HAL_PCD_ResetCallback
 *fill*         0x000000000800a3e6        0x2 
 .text.HAL_PCD_SuspendCallback
                0x000000000800a3e8       0x4c ./USB_DEVICE/Target/usbd_conf.o
                0x000000000800a3e8                HAL_PCD_SuspendCallback
 .text.HAL_PCD_ResumeCallback
                0x000000000800a434       0x1c ./USB_DEVICE/Target/usbd_conf.o
                0x000000000800a434                HAL_PCD_ResumeCallback
 .text.HAL_PCD_ISOOUTIncompleteCallback
                0x000000000800a450       0x24 ./USB_DEVICE/Target/usbd_conf.o
                0x000000000800a450                HAL_PCD_ISOOUTIncompleteCallback
 .text.HAL_PCD_ISOINIncompleteCallback
                0x000000000800a474       0x24 ./USB_DEVICE/Target/usbd_conf.o
                0x000000000800a474                HAL_PCD_ISOINIncompleteCallback
 .text.HAL_PCD_ConnectCallback
                0x000000000800a498       0x1c ./USB_DEVICE/Target/usbd_conf.o
                0x000000000800a498                HAL_PCD_ConnectCallback
 .text.HAL_PCD_DisconnectCallback
                0x000000000800a4b4       0x1c ./USB_DEVICE/Target/usbd_conf.o
                0x000000000800a4b4                HAL_PCD_DisconnectCallback
 .text.USBD_LL_Init
                0x000000000800a4d0       0xa0 ./USB_DEVICE/Target/usbd_conf.o
                0x000000000800a4d0                USBD_LL_Init
 .text.USBD_LL_Start
                0x000000000800a570       0x36 ./USB_DEVICE/Target/usbd_conf.o
                0x000000000800a570                USBD_LL_Start
 .text.USBD_LL_Stop
                0x000000000800a5a6       0x36 ./USB_DEVICE/Target/usbd_conf.o
                0x000000000800a5a6                USBD_LL_Stop
 .text.USBD_LL_OpenEP
                0x000000000800a5dc       0x4c ./USB_DEVICE/Target/usbd_conf.o
                0x000000000800a5dc                USBD_LL_OpenEP
 .text.USBD_LL_StallEP
                0x000000000800a628       0x3e ./USB_DEVICE/Target/usbd_conf.o
                0x000000000800a628                USBD_LL_StallEP
 .text.USBD_LL_ClearStallEP
                0x000000000800a666       0x3e ./USB_DEVICE/Target/usbd_conf.o
                0x000000000800a666                USBD_LL_ClearStallEP
 .text.USBD_LL_IsStallEP
                0x000000000800a6a4       0x58 ./USB_DEVICE/Target/usbd_conf.o
                0x000000000800a6a4                USBD_LL_IsStallEP
 .text.USBD_LL_SetUSBAddress
                0x000000000800a6fc       0x3e ./USB_DEVICE/Target/usbd_conf.o
                0x000000000800a6fc                USBD_LL_SetUSBAddress
 .text.USBD_LL_Transmit
                0x000000000800a73a       0x42 ./USB_DEVICE/Target/usbd_conf.o
                0x000000000800a73a                USBD_LL_Transmit
 .text.USBD_LL_PrepareReceive
                0x000000000800a77c       0x42 ./USB_DEVICE/Target/usbd_conf.o
                0x000000000800a77c                USBD_LL_PrepareReceive
 *fill*         0x000000000800a7be        0x2 
 .text.USBD_static_malloc
                0x000000000800a7c0       0x1c ./USB_DEVICE/Target/usbd_conf.o
                0x000000000800a7c0                USBD_static_malloc
 .text.USBD_static_free
                0x000000000800a7dc       0x14 ./USB_DEVICE/Target/usbd_conf.o
                0x000000000800a7dc                USBD_static_free
 .text.USBD_Get_USB_Status
                0x000000000800a7f0       0x58 ./USB_DEVICE/Target/usbd_conf.o
                0x000000000800a7f0                USBD_Get_USB_Status
 .text.__errno  0x000000000800a848        0xc c:/st/stm32cubeide_1.12.0/stm32cubeide/plugins/com.st.stm32cube.ide.mcu.externaltools.gnu-tools-for-stm32.10.3-2021.10.win32_1.0.200.202301161003/tools/bin/../lib/gcc/arm-none-eabi/10.3.1/../../../../arm-none-eabi/lib/thumb/v7e-m+dp/hard\libc_nano.a(lib_a-errno.o)
                0x000000000800a848                __errno
 .text.__libc_init_array
                0x000000000800a854       0x48 c:/st/stm32cubeide_1.12.0/stm32cubeide/plugins/com.st.stm32cube.ide.mcu.externaltools.gnu-tools-for-stm32.10.3-2021.10.win32_1.0.200.202301161003/tools/bin/../lib/gcc/arm-none-eabi/10.3.1/../../../../arm-none-eabi/lib/thumb/v7e-m+dp/hard\libc_nano.a(lib_a-init.o)
                0x000000000800a854                __libc_init_array
 .text.memset   0x000000000800a89c       0x10 c:/st/stm32cubeide_1.12.0/stm32cubeide/plugins/com.st.stm32cube.ide.mcu.externaltools.gnu-tools-for-stm32.10.3-2021.10.win32_1.0.200.202301161003/tools/bin/../lib/gcc/arm-none-eabi/10.3.1/../../../../arm-none-eabi/lib/thumb/v7e-m+dp/hard\libc_nano.a(lib_a-memset.o)
                0x000000000800a89c                memset
 .text.printf   0x000000000800a8ac       0x30 c:/st/stm32cubeide_1.12.0/stm32cubeide/plugins/com.st.stm32cube.ide.mcu.externaltools.gnu-tools-for-stm32.10.3-2021.10.win32_1.0.200.202301161003/tools/bin/../lib/gcc/arm-none-eabi/10.3.1/../../../../arm-none-eabi/lib/thumb/v7e-m+dp/hard\libc_nano.a(lib_a-printf.o)
                0x000000000800a8ac                iprintf
                0x000000000800a8ac                printf
 .text._puts_r  0x000000000800a8dc       0xdc c:/st/stm32cubeide_1.12.0/stm32cubeide/plugins/com.st.stm32cube.ide.mcu.externaltools.gnu-tools-for-stm32.10.3-2021.10.win32_1.0.200.202301161003/tools/bin/../lib/gcc/arm-none-eabi/10.3.1/../../../../arm-none-eabi/lib/thumb/v7e-m+dp/hard\libc_nano.a(lib_a-puts.o)
                0x000000000800a8dc                _puts_r
 .text.puts     0x000000000800a9b8       0x10 c:/st/stm32cubeide_1.12.0/stm32cubeide/plugins/com.st.stm32cube.ide.mcu.externaltools.gnu-tools-for-stm32.10.3-2021.10.win32_1.0.200.202301161003/tools/bin/../lib/gcc/arm-none-eabi/10.3.1/../../../../arm-none-eabi/lib/thumb/v7e-m+dp/hard\libc_nano.a(lib_a-puts.o)
                0x000000000800a9b8                puts
 .text.__swbuf_r
                0x000000000800a9c8       0xa4 c:/st/stm32cubeide_1.12.0/stm32cubeide/plugins/com.st.stm32cube.ide.mcu.externaltools.gnu-tools-for-stm32.10.3-2021.10.win32_1.0.200.202301161003/tools/bin/../lib/gcc/arm-none-eabi/10.3.1/../../../../arm-none-eabi/lib/thumb/v7e-m+dp/hard\libc_nano.a(lib_a-wbuf.o)
                0x000000000800a9c8                __swbuf_r
 .text.__swsetup_r
                0x000000000800aa6c       0xdc c:/st/stm32cubeide_1.12.0/stm32cubeide/plugins/com.st.stm32cube.ide.mcu.externaltools.gnu-tools-for-stm32.10.3-2021.10.win32_1.0.200.202301161003/tools/bin/../lib/gcc/arm-none-eabi/10.3.1/../../../../arm-none-eabi/lib/thumb/v7e-m+dp/hard\libc_nano.a(lib_a-wsetup.o)
                0x000000000800aa6c                __swsetup_r
 .text.__sflush_r
                0x000000000800ab48      0x10c c:/st/stm32cubeide_1.12.0/stm32cubeide/plugins/com.st.stm32cube.ide.mcu.externaltools.gnu-tools-for-stm32.10.3-2021.10.win32_1.0.200.202301161003/tools/bin/../lib/gcc/arm-none-eabi/10.3.1/../../../../arm-none-eabi/lib/thumb/v7e-m+dp/hard\libc_nano.a(lib_a-fflush.o)
                0x000000000800ab48                __sflush_r
 .text._fflush_r
                0x000000000800ac54       0x78 c:/st/stm32cubeide_1.12.0/stm32cubeide/plugins/com.st.stm32cube.ide.mcu.externaltools.gnu-tools-for-stm32.10.3-2021.10.win32_1.0.200.202301161003/tools/bin/../lib/gcc/arm-none-eabi/10.3.1/../../../../arm-none-eabi/lib/thumb/v7e-m+dp/hard\libc_nano.a(lib_a-fflush.o)
                0x000000000800ac54                _fflush_r
 .text.std      0x000000000800accc       0x48 c:/st/stm32cubeide_1.12.0/stm32cubeide/plugins/com.st.stm32cube.ide.mcu.externaltools.gnu-tools-for-stm32.10.3-2021.10.win32_1.0.200.202301161003/tools/bin/../lib/gcc/arm-none-eabi/10.3.1/../../../../arm-none-eabi/lib/thumb/v7e-m+dp/hard\libc_nano.a(lib_a-findfp.o)
 .text._cleanup_r
                0x000000000800ad14        0xc c:/st/stm32cubeide_1.12.0/stm32cubeide/plugins/com.st.stm32cube.ide.mcu.externaltools.gnu-tools-for-stm32.10.3-2021.10.win32_1.0.200.202301161003/tools/bin/../lib/gcc/arm-none-eabi/10.3.1/../../../../arm-none-eabi/lib/thumb/v7e-m+dp/hard\libc_nano.a(lib_a-findfp.o)
                0x000000000800ad14                _cleanup_r
 .text.__sfmoreglue
                0x000000000800ad20       0x2c c:/st/stm32cubeide_1.12.0/stm32cubeide/plugins/com.st.stm32cube.ide.mcu.externaltools.gnu-tools-for-stm32.10.3-2021.10.win32_1.0.200.202301161003/tools/bin/../lib/gcc/arm-none-eabi/10.3.1/../../../../arm-none-eabi/lib/thumb/v7e-m+dp/hard\libc_nano.a(lib_a-findfp.o)
                0x000000000800ad20                __sfmoreglue
 .text.__sfp_lock_acquire
                0x000000000800ad4c        0xc c:/st/stm32cubeide_1.12.0/stm32cubeide/plugins/com.st.stm32cube.ide.mcu.externaltools.gnu-tools-for-stm32.10.3-2021.10.win32_1.0.200.202301161003/tools/bin/../lib/gcc/arm-none-eabi/10.3.1/../../../../arm-none-eabi/lib/thumb/v7e-m+dp/hard\libc_nano.a(lib_a-findfp.o)
                0x000000000800ad4c                __sfp_lock_acquire
 .text.__sfp_lock_release
                0x000000000800ad58        0xc c:/st/stm32cubeide_1.12.0/stm32cubeide/plugins/com.st.stm32cube.ide.mcu.externaltools.gnu-tools-for-stm32.10.3-2021.10.win32_1.0.200.202301161003/tools/bin/../lib/gcc/arm-none-eabi/10.3.1/../../../../arm-none-eabi/lib/thumb/v7e-m+dp/hard\libc_nano.a(lib_a-findfp.o)
                0x000000000800ad58                __sfp_lock_release
 .text.__sinit_lock_acquire
                0x000000000800ad64        0xc c:/st/stm32cubeide_1.12.0/stm32cubeide/plugins/com.st.stm32cube.ide.mcu.externaltools.gnu-tools-for-stm32.10.3-2021.10.win32_1.0.200.202301161003/tools/bin/../lib/gcc/arm-none-eabi/10.3.1/../../../../arm-none-eabi/lib/thumb/v7e-m+dp/hard\libc_nano.a(lib_a-findfp.o)
                0x000000000800ad64                __sinit_lock_acquire
 .text.__sinit_lock_release
                0x000000000800ad70        0xc c:/st/stm32cubeide_1.12.0/stm32cubeide/plugins/com.st.stm32cube.ide.mcu.externaltools.gnu-tools-for-stm32.10.3-2021.10.win32_1.0.200.202301161003/tools/bin/../lib/gcc/arm-none-eabi/10.3.1/../../../../arm-none-eabi/lib/thumb/v7e-m+dp/hard\libc_nano.a(lib_a-findfp.o)
                0x000000000800ad70                __sinit_lock_release
 .text.__sinit  0x000000000800ad7c       0x70 c:/st/stm32cubeide_1.12.0/stm32cubeide/plugins/com.st.stm32cube.ide.mcu.externaltools.gnu-tools-for-stm32.10.3-2021.10.win32_1.0.200.202301161003/tools/bin/../lib/gcc/arm-none-eabi/10.3.1/../../../../arm-none-eabi/lib/thumb/v7e-m+dp/hard\libc_nano.a(lib_a-findfp.o)
                0x000000000800ad7c                __sinit
 .text.__sfp    0x000000000800adec       0x8c c:/st/stm32cubeide_1.12.0/stm32cubeide/plugins/com.st.stm32cube.ide.mcu.externaltools.gnu-tools-for-stm32.10.3-2021.10.win32_1.0.200.202301161003/tools/bin/../lib/gcc/arm-none-eabi/10.3.1/../../../../arm-none-eabi/lib/thumb/v7e-m+dp/hard\libc_nano.a(lib_a-findfp.o)
                0x000000000800adec                __sfp
 .text._fwalk_reent
                0x000000000800ae78       0x3e c:/st/stm32cubeide_1.12.0/stm32cubeide/plugins/com.st.stm32cube.ide.mcu.externaltools.gnu-tools-for-stm32.10.3-2021.10.win32_1.0.200.202301161003/tools/bin/../lib/gcc/arm-none-eabi/10.3.1/../../../../arm-none-eabi/lib/thumb/v7e-m+dp/hard\libc_nano.a(lib_a-fwalk.o)
                0x000000000800ae78                _fwalk_reent
 .text.__retarget_lock_init_recursive
                0x000000000800aeb6        0x2 c:/st/stm32cubeide_1.12.0/stm32cubeide/plugins/com.st.stm32cube.ide.mcu.externaltools.gnu-tools-for-stm32.10.3-2021.10.win32_1.0.200.202301161003/tools/bin/../lib/gcc/arm-none-eabi/10.3.1/../../../../arm-none-eabi/lib/thumb/v7e-m+dp/hard\libc_nano.a(lib_a-lock.o)
                0x000000000800aeb6                __retarget_lock_init_recursive
 .text.__retarget_lock_acquire_recursive
                0x000000000800aeb8        0x2 c:/st/stm32cubeide_1.12.0/stm32cubeide/plugins/com.st.stm32cube.ide.mcu.externaltools.gnu-tools-for-stm32.10.3-2021.10.win32_1.0.200.202301161003/tools/bin/../lib/gcc/arm-none-eabi/10.3.1/../../../../arm-none-eabi/lib/thumb/v7e-m+dp/hard\libc_nano.a(lib_a-lock.o)
                0x000000000800aeb8                __retarget_lock_acquire_recursive
 .text.__retarget_lock_release_recursive
                0x000000000800aeba        0x2 c:/st/stm32cubeide_1.12.0/stm32cubeide/plugins/com.st.stm32cube.ide.mcu.externaltools.gnu-tools-for-stm32.10.3-2021.10.win32_1.0.200.202301161003/tools/bin/../lib/gcc/arm-none-eabi/10.3.1/../../../../arm-none-eabi/lib/thumb/v7e-m+dp/hard\libc_nano.a(lib_a-lock.o)
                0x000000000800aeba                __retarget_lock_release_recursive
 .text.__swhatbuf_r
                0x000000000800aebc       0x4a c:/st/stm32cubeide_1.12.0/stm32cubeide/plugins/com.st.stm32cube.ide.mcu.externaltools.gnu-tools-for-stm32.10.3-2021.10.win32_1.0.200.202301161003/tools/bin/../lib/gcc/arm-none-eabi/10.3.1/../../../../arm-none-eabi/lib/thumb/v7e-m+dp/hard\libc_nano.a(lib_a-makebuf.o)
                0x000000000800aebc                __swhatbuf_r
 *fill*         0x000000000800af06        0x2 
 .text.__smakebuf_r
                0x000000000800af08       0x80 c:/st/stm32cubeide_1.12.0/stm32cubeide/plugins/com.st.stm32cube.ide.mcu.externaltools.gnu-tools-for-stm32.10.3-2021.10.win32_1.0.200.202301161003/tools/bin/../lib/gcc/arm-none-eabi/10.3.1/../../../../arm-none-eabi/lib/thumb/v7e-m+dp/hard\libc_nano.a(lib_a-makebuf.o)
                0x000000000800af08                __smakebuf_r
 .text._free_r  0x000000000800af88       0x98 c:/st/stm32cubeide_1.12.0/stm32cubeide/plugins/com.st.stm32cube.ide.mcu.externaltools.gnu-tools-for-stm32.10.3-2021.10.win32_1.0.200.202301161003/tools/bin/../lib/gcc/arm-none-eabi/10.3.1/../../../../arm-none-eabi/lib/thumb/v7e-m+dp/hard\libc_nano.a(lib_a-nano-freer.o)
                0x000000000800af88                _free_r
 .text.sbrk_aligned
                0x000000000800b020       0x40 c:/st/stm32cubeide_1.12.0/stm32cubeide/plugins/com.st.stm32cube.ide.mcu.externaltools.gnu-tools-for-stm32.10.3-2021.10.win32_1.0.200.202301161003/tools/bin/../lib/gcc/arm-none-eabi/10.3.1/../../../../arm-none-eabi/lib/thumb/v7e-m+dp/hard\libc_nano.a(lib_a-nano-mallocr.o)
 .text._malloc_r
                0x000000000800b060       0xe8 c:/st/stm32cubeide_1.12.0/stm32cubeide/plugins/com.st.stm32cube.ide.mcu.externaltools.gnu-tools-for-stm32.10.3-2021.10.win32_1.0.200.202301161003/tools/bin/../lib/gcc/arm-none-eabi/10.3.1/../../../../arm-none-eabi/lib/thumb/v7e-m+dp/hard\libc_nano.a(lib_a-nano-mallocr.o)
                0x000000000800b060                _malloc_r
 .text.__sfputc_r
                0x000000000800b148       0x2e c:/st/stm32cubeide_1.12.0/stm32cubeide/plugins/com.st.stm32cube.ide.mcu.externaltools.gnu-tools-for-stm32.10.3-2021.10.win32_1.0.200.202301161003/tools/bin/../lib/gcc/arm-none-eabi/10.3.1/../../../../arm-none-eabi/lib/thumb/v7e-m+dp/hard\libc_nano.a(lib_a-nano-vfprintf.o)
 .text.__sfputs_r
                0x000000000800b176       0x24 c:/st/stm32cubeide_1.12.0/stm32cubeide/plugins/com.st.stm32cube.ide.mcu.externaltools.gnu-tools-for-stm32.10.3-2021.10.win32_1.0.200.202301161003/tools/bin/../lib/gcc/arm-none-eabi/10.3.1/../../../../arm-none-eabi/lib/thumb/v7e-m+dp/hard\libc_nano.a(lib_a-nano-vfprintf.o)
                0x000000000800b176                __sfputs_r
 *fill*         0x000000000800b19a        0x2 
 .text._vfprintf_r
                0x000000000800b19c      0x260 c:/st/stm32cubeide_1.12.0/stm32cubeide/plugins/com.st.stm32cube.ide.mcu.externaltools.gnu-tools-for-stm32.10.3-2021.10.win32_1.0.200.202301161003/tools/bin/../lib/gcc/arm-none-eabi/10.3.1/../../../../arm-none-eabi/lib/thumb/v7e-m+dp/hard\libc_nano.a(lib_a-nano-vfprintf.o)
                0x000000000800b19c                _vfprintf_r
                0x000000000800b19c                _vfiprintf_r
 .text._printf_common
                0x000000000800b3fc       0xda c:/st/stm32cubeide_1.12.0/stm32cubeide/plugins/com.st.stm32cube.ide.mcu.externaltools.gnu-tools-for-stm32.10.3-2021.10.win32_1.0.200.202301161003/tools/bin/../lib/gcc/arm-none-eabi/10.3.1/../../../../arm-none-eabi/lib/thumb/v7e-m+dp/hard\libc_nano.a(lib_a-nano-vfprintf_i.o)
                0x000000000800b3fc                _printf_common
 *fill*         0x000000000800b4d6        0x2 
 .text._printf_i
                0x000000000800b4d8      0x24c c:/st/stm32cubeide_1.12.0/stm32cubeide/plugins/com.st.stm32cube.ide.mcu.externaltools.gnu-tools-for-stm32.10.3-2021.10.win32_1.0.200.202301161003/tools/bin/../lib/gcc/arm-none-eabi/10.3.1/../../../../arm-none-eabi/lib/thumb/v7e-m+dp/hard\libc_nano.a(lib_a-nano-vfprintf_i.o)
                0x000000000800b4d8                _printf_i
 .text._sbrk_r  0x000000000800b724       0x20 c:/st/stm32cubeide_1.12.0/stm32cubeide/plugins/com.st.stm32cube.ide.mcu.externaltools.gnu-tools-for-stm32.10.3-2021.10.win32_1.0.200.202301161003/tools/bin/../lib/gcc/arm-none-eabi/10.3.1/../../../../arm-none-eabi/lib/thumb/v7e-m+dp/hard\libc_nano.a(lib_a-sbrkr.o)
                0x000000000800b724                _sbrk_r
 .text.__sread  0x000000000800b744       0x22 c:/st/stm32cubeide_1.12.0/stm32cubeide/plugins/com.st.stm32cube.ide.mcu.externaltools.gnu-tools-for-stm32.10.3-2021.10.win32_1.0.200.202301161003/tools/bin/../lib/gcc/arm-none-eabi/10.3.1/../../../../arm-none-eabi/lib/thumb/v7e-m+dp/hard\libc_nano.a(lib_a-stdio.o)
                0x000000000800b744                __sread
 .text.__swrite
                0x000000000800b766       0x38 c:/st/stm32cubeide_1.12.0/stm32cubeide/plugins/com.st.stm32cube.ide.mcu.externaltools.gnu-tools-for-stm32.10.3-2021.10.win32_1.0.200.202301161003/tools/bin/../lib/gcc/arm-none-eabi/10.3.1/../../../../arm-none-eabi/lib/thumb/v7e-m+dp/hard\libc_nano.a(lib_a-stdio.o)
                0x000000000800b766                __swrite
 .text.__sseek  0x000000000800b79e       0x24 c:/st/stm32cubeide_1.12.0/stm32cubeide/plugins/com.st.stm32cube.ide.mcu.externaltools.gnu-tools-for-stm32.10.3-2021.10.win32_1.0.200.202301161003/tools/bin/../lib/gcc/arm-none-eabi/10.3.1/../../../../arm-none-eabi/lib/thumb/v7e-m+dp/hard\libc_nano.a(lib_a-stdio.o)
                0x000000000800b79e                __sseek
 .text.__sclose
                0x000000000800b7c2        0x8 c:/st/stm32cubeide_1.12.0/stm32cubeide/plugins/com.st.stm32cube.ide.mcu.externaltools.gnu-tools-for-stm32.10.3-2021.10.win32_1.0.200.202301161003/tools/bin/../lib/gcc/arm-none-eabi/10.3.1/../../../../arm-none-eabi/lib/thumb/v7e-m+dp/hard\libc_nano.a(lib_a-stdio.o)
                0x000000000800b7c2                __sclose
 *fill*         0x000000000800b7ca        0x2 
 .text._write_r
                0x000000000800b7cc       0x24 c:/st/stm32cubeide_1.12.0/stm32cubeide/plugins/com.st.stm32cube.ide.mcu.externaltools.gnu-tools-for-stm32.10.3-2021.10.win32_1.0.200.202301161003/tools/bin/../lib/gcc/arm-none-eabi/10.3.1/../../../../arm-none-eabi/lib/thumb/v7e-m+dp/hard\libc_nano.a(lib_a-writer.o)
                0x000000000800b7cc                _write_r
 .text._close_r
                0x000000000800b7f0       0x20 c:/st/stm32cubeide_1.12.0/stm32cubeide/plugins/com.st.stm32cube.ide.mcu.externaltools.gnu-tools-for-stm32.10.3-2021.10.win32_1.0.200.202301161003/tools/bin/../lib/gcc/arm-none-eabi/10.3.1/../../../../arm-none-eabi/lib/thumb/v7e-m+dp/hard\libc_nano.a(lib_a-closer.o)
                0x000000000800b7f0                _close_r
 .text._fstat_r
                0x000000000800b810       0x24 c:/st/stm32cubeide_1.12.0/stm32cubeide/plugins/com.st.stm32cube.ide.mcu.externaltools.gnu-tools-for-stm32.10.3-2021.10.win32_1.0.200.202301161003/tools/bin/../lib/gcc/arm-none-eabi/10.3.1/../../../../arm-none-eabi/lib/thumb/v7e-m+dp/hard\libc_nano.a(lib_a-fstatr.o)
                0x000000000800b810                _fstat_r
 .text._isatty_r
                0x000000000800b834       0x20 c:/st/stm32cubeide_1.12.0/stm32cubeide/plugins/com.st.stm32cube.ide.mcu.externaltools.gnu-tools-for-stm32.10.3-2021.10.win32_1.0.200.202301161003/tools/bin/../lib/gcc/arm-none-eabi/10.3.1/../../../../arm-none-eabi/lib/thumb/v7e-m+dp/hard\libc_nano.a(lib_a-isattyr.o)
                0x000000000800b834                _isatty_r
 .text._lseek_r
                0x000000000800b854       0x24 c:/st/stm32cubeide_1.12.0/stm32cubeide/plugins/com.st.stm32cube.ide.mcu.externaltools.gnu-tools-for-stm32.10.3-2021.10.win32_1.0.200.202301161003/tools/bin/../lib/gcc/arm-none-eabi/10.3.1/../../../../arm-none-eabi/lib/thumb/v7e-m+dp/hard\libc_nano.a(lib_a-lseekr.o)
                0x000000000800b854                _lseek_r
 .text.__malloc_lock
                0x000000000800b878        0xc c:/st/stm32cubeide_1.12.0/stm32cubeide/plugins/com.st.stm32cube.ide.mcu.externaltools.gnu-tools-for-stm32.10.3-2021.10.win32_1.0.200.202301161003/tools/bin/../lib/gcc/arm-none-eabi/10.3.1/../../../../arm-none-eabi/lib/thumb/v7e-m+dp/hard\libc_nano.a(lib_a-mlock.o)
                0x000000000800b878                __malloc_lock
 .text.__malloc_unlock
                0x000000000800b884        0xc c:/st/stm32cubeide_1.12.0/stm32cubeide/plugins/com.st.stm32cube.ide.mcu.externaltools.gnu-tools-for-stm32.10.3-2021.10.win32_1.0.200.202301161003/tools/bin/../lib/gcc/arm-none-eabi/10.3.1/../../../../arm-none-eabi/lib/thumb/v7e-m+dp/hard\libc_nano.a(lib_a-mlock.o)
                0x000000000800b884                __malloc_unlock
 .text._read_r  0x000000000800b890       0x24 c:/st/stm32cubeide_1.12.0/stm32cubeide/plugins/com.st.stm32cube.ide.mcu.externaltools.gnu-tools-for-stm32.10.3-2021.10.win32_1.0.200.202301161003/tools/bin/../lib/gcc/arm-none-eabi/10.3.1/../../../../arm-none-eabi/lib/thumb/v7e-m+dp/hard\libc_nano.a(lib_a-readr.o)
                0x000000000800b890                _read_r
 *(.glue_7)
 .glue_7        0x000000000800b8b4        0x0 linker stubs
 *(.glue_7t)
 .glue_7t       0x000000000800b8b4        0x0 linker stubs
 *(.eh_frame)
 .eh_frame      0x000000000800b8b4        0x0 c:/st/stm32cubeide_1.12.0/stm32cubeide/plugins/com.st.stm32cube.ide.mcu.externaltools.gnu-tools-for-stm32.10.3-2021.10.win32_1.0.200.202301161003/tools/bin/../lib/gcc/arm-none-eabi/10.3.1/thumb/v7e-m+dp/hard/crtbegin.o
 *(.init)
 .init          0x000000000800b8b4        0x4 c:/st/stm32cubeide_1.12.0/stm32cubeide/plugins/com.st.stm32cube.ide.mcu.externaltools.gnu-tools-for-stm32.10.3-2021.10.win32_1.0.200.202301161003/tools/bin/../lib/gcc/arm-none-eabi/10.3.1/thumb/v7e-m+dp/hard/crti.o
                0x000000000800b8b4                _init
 .init          0x000000000800b8b8        0x8 c:/st/stm32cubeide_1.12.0/stm32cubeide/plugins/com.st.stm32cube.ide.mcu.externaltools.gnu-tools-for-stm32.10.3-2021.10.win32_1.0.200.202301161003/tools/bin/../lib/gcc/arm-none-eabi/10.3.1/thumb/v7e-m+dp/hard/crtn.o
 *(.fini)
 .fini          0x000000000800b8c0        0x4 c:/st/stm32cubeide_1.12.0/stm32cubeide/plugins/com.st.stm32cube.ide.mcu.externaltools.gnu-tools-for-stm32.10.3-2021.10.win32_1.0.200.202301161003/tools/bin/../lib/gcc/arm-none-eabi/10.3.1/thumb/v7e-m+dp/hard/crti.o
                0x000000000800b8c0                _fini
 .fini          0x000000000800b8c4        0x8 c:/st/stm32cubeide_1.12.0/stm32cubeide/plugins/com.st.stm32cube.ide.mcu.externaltools.gnu-tools-for-stm32.10.3-2021.10.win32_1.0.200.202301161003/tools/bin/../lib/gcc/arm-none-eabi/10.3.1/thumb/v7e-m+dp/hard/crtn.o
                0x000000000800b8cc                . = ALIGN (0x4)
                0x000000000800b8cc                _etext = .

.vfp11_veneer   0x000000000800b8cc        0x0
 .vfp11_veneer  0x000000000800b8cc        0x0 linker stubs

.v4_bx          0x000000000800b8cc        0x0
 .v4_bx         0x000000000800b8cc        0x0 linker stubs

.iplt           0x000000000800b8cc        0x0
 .iplt          0x000000000800b8cc        0x0 c:/st/stm32cubeide_1.12.0/stm32cubeide/plugins/com.st.stm32cube.ide.mcu.externaltools.gnu-tools-for-stm32.10.3-2021.10.win32_1.0.200.202301161003/tools/bin/../lib/gcc/arm-none-eabi/10.3.1/thumb/v7e-m+dp/hard/crtbegin.o

.rodata         0x000000000800b8cc      0x1b8
                0x000000000800b8cc                . = ALIGN (0x4)
 *(.rodata)
 .rodata        0x000000000800b8cc       0x12 ./Core/Src/boot.o
 *fill*         0x000000000800b8de        0x2 
 .rodata        0x000000000800b8e0       0x90 ./Core/Src/usbd_dfu_qspi_flash.o
 .rodata        0x000000000800b970       0x1c ./Core/Src/w25vq.o
 .rodata        0x000000000800b98c       0x4e ./USB_DEVICE/App/usbd_desc.o
 *(.rodata*)
 *fill*         0x000000000800b9da        0x2 
 .rodata.D1CorePrescTable
                0x000000000800b9dc       0x10 ./Core/Src/system_stm32h7xx.o
                0x000000000800b9dc                D1CorePrescTable
 .rodata._global_impure_ptr
                0x000000000800b9ec        0x4 c:/st/stm32cubeide_1.12.0/stm32cubeide/plugins/com.st.stm32cube.ide.mcu.externaltools.gnu-tools-for-stm32.10.3-2021.10.win32_1.0.200.202301161003/tools/bin/../lib/gcc/arm-none-eabi/10.3.1/../../../../arm-none-eabi/lib/thumb/v7e-m+dp/hard\libc_nano.a(lib_a-impure.o)
                0x000000000800b9ec                _global_impure_ptr
 .rodata.__sf_fake_stderr
                0x000000000800b9f0       0x20 c:/st/stm32cubeide_1.12.0/stm32cubeide/plugins/com.st.stm32cube.ide.mcu.externaltools.gnu-tools-for-stm32.10.3-2021.10.win32_1.0.200.202301161003/tools/bin/../lib/gcc/arm-none-eabi/10.3.1/../../../../arm-none-eabi/lib/thumb/v7e-m+dp/hard\libc_nano.a(lib_a-findfp.o)
                0x000000000800b9f0                __sf_fake_stderr
 .rodata.__sf_fake_stdin
                0x000000000800ba10       0x20 c:/st/stm32cubeide_1.12.0/stm32cubeide/plugins/com.st.stm32cube.ide.mcu.externaltools.gnu-tools-for-stm32.10.3-2021.10.win32_1.0.200.202301161003/tools/bin/../lib/gcc/arm-none-eabi/10.3.1/../../../../arm-none-eabi/lib/thumb/v7e-m+dp/hard\libc_nano.a(lib_a-findfp.o)
                0x000000000800ba10                __sf_fake_stdin
 .rodata.__sf_fake_stdout
                0x000000000800ba30       0x20 c:/st/stm32cubeide_1.12.0/stm32cubeide/plugins/com.st.stm32cube.ide.mcu.externaltools.gnu-tools-for-stm32.10.3-2021.10.win32_1.0.200.202301161003/tools/bin/../lib/gcc/arm-none-eabi/10.3.1/../../../../arm-none-eabi/lib/thumb/v7e-m+dp/hard\libc_nano.a(lib_a-findfp.o)
                0x000000000800ba30                __sf_fake_stdout
 .rodata._vfprintf_r.str1.1
                0x000000000800ba50       0x11 c:/st/stm32cubeide_1.12.0/stm32cubeide/plugins/com.st.stm32cube.ide.mcu.externaltools.gnu-tools-for-stm32.10.3-2021.10.win32_1.0.200.202301161003/tools/bin/../lib/gcc/arm-none-eabi/10.3.1/../../../../arm-none-eabi/lib/thumb/v7e-m+dp/hard\libc_nano.a(lib_a-nano-vfprintf.o)
 .rodata._printf_i.str1.1
                0x000000000800ba61       0x22 c:/st/stm32cubeide_1.12.0/stm32cubeide/plugins/com.st.stm32cube.ide.mcu.externaltools.gnu-tools-for-stm32.10.3-2021.10.win32_1.0.200.202301161003/tools/bin/../lib/gcc/arm-none-eabi/10.3.1/../../../../arm-none-eabi/lib/thumb/v7e-m+dp/hard\libc_nano.a(lib_a-nano-vfprintf_i.o)
                0x000000000800ba84                . = ALIGN (0x4)
 *fill*         0x000000000800ba83        0x1 

.rel.dyn        0x000000000800ba84        0x0
 .rel.iplt      0x000000000800ba84        0x0 c:/st/stm32cubeide_1.12.0/stm32cubeide/plugins/com.st.stm32cube.ide.mcu.externaltools.gnu-tools-for-stm32.10.3-2021.10.win32_1.0.200.202301161003/tools/bin/../lib/gcc/arm-none-eabi/10.3.1/thumb/v7e-m+dp/hard/crtbegin.o

.ARM.extab
 *(.ARM.extab* .gnu.linkonce.armextab.*)

.ARM            0x000000000800ba84        0x0
                0x000000000800ba84                __exidx_start = .
 *(.ARM.exidx*)
                0x000000000800ba84                __exidx_end = .

.preinit_array  0x000000000800ba84        0x0
                0x000000000800ba84                PROVIDE (__preinit_array_start = .)
 *(.preinit_array*)
                0x000000000800ba84                PROVIDE (__preinit_array_end = .)

.init_array     0x000000000800ba84        0x4
                0x000000000800ba84                PROVIDE (__init_array_start = .)
 *(SORT_BY_NAME(.init_array.*))
 *(.init_array*)
 .init_array    0x000000000800ba84        0x4 c:/st/stm32cubeide_1.12.0/stm32cubeide/plugins/com.st.stm32cube.ide.mcu.externaltools.gnu-tools-for-stm32.10.3-2021.10.win32_1.0.200.202301161003/tools/bin/../lib/gcc/arm-none-eabi/10.3.1/thumb/v7e-m+dp/hard/crtbegin.o
                0x000000000800ba88                PROVIDE (__init_array_end = .)

.fini_array     0x000000000800ba88        0x4
                [!provide]                        PROVIDE (__fini_array_start = .)
 *(SORT_BY_NAME(.fini_array.*))
 *(.fini_array*)
 .fini_array    0x000000000800ba88        0x4 c:/st/stm32cubeide_1.12.0/stm32cubeide/plugins/com.st.stm32cube.ide.mcu.externaltools.gnu-tools-for-stm32.10.3-2021.10.win32_1.0.200.202301161003/tools/bin/../lib/gcc/arm-none-eabi/10.3.1/thumb/v7e-m+dp/hard/crtbegin.o
                [!provide]                        PROVIDE (__fini_array_end = .)
                0x000000000800ba8c                _sidata = LOADADDR (.data)

.data           0x0000000020000000      0x144 load address 0x000000000800ba8c
                0x0000000020000000                . = ALIGN (0x4)
                0x0000000020000000                _sdata = .
 *(.data)
 *(.data*)
 .data.SystemCoreClock
                0x0000000020000000        0x4 ./Core/Src/system_stm32h7xx.o
                0x0000000020000000                SystemCoreClock
 .data.SystemD2Clock
                0x0000000020000004        0x4 ./Core/Src/system_stm32h7xx.o
                0x0000000020000004                SystemD2Clock
 .data.USBD_DFU_QSPI_FLASH_fops_FS
                0x0000000020000008       0x1c ./Core/Src/usbd_dfu_qspi_flash.o
                0x0000000020000008                USBD_DFU_QSPI_FLASH_fops_FS
 .data.uwTickPrio
                0x0000000020000024        0x4 ./Drivers/STM32H7xx_HAL_Driver/Src/stm32h7xx_hal.o
                0x0000000020000024                uwTickPrio
 .data.uwTickFreq
                0x0000000020000028        0x1 ./Drivers/STM32H7xx_HAL_Driver/Src/stm32h7xx_hal.o
                0x0000000020000028                uwTickFreq
 *fill*         0x0000000020000029        0x3 
 .data.USBD_DFU
                0x000000002000002c       0x3c ./Middlewares/ST/STM32_USB_Device_Library/Class/DFU/Src/usbd_dfu.o
                0x000000002000002c                USBD_DFU
 .data.USBD_DFU_CfgDesc
                0x0000000020000068       0x1b ./Middlewares/ST/STM32_USB_Device_Library/Class/DFU/Src/usbd_dfu.o
 *fill*         0x0000000020000083        0x1 
 .data.USBD_DFU_DeviceQualifierDesc
                0x0000000020000084        0xa ./Middlewares/ST/STM32_USB_Device_Library/Class/DFU/Src/usbd_dfu.o
 *fill*         0x000000002000008e        0x2 
 .data.FS_Desc  0x0000000020000090       0x1c ./USB_DEVICE/App/usbd_desc.o
                0x0000000020000090                FS_Desc
 .data.USBD_FS_DeviceDesc
                0x00000000200000ac       0x12 ./USB_DEVICE/App/usbd_desc.o
                0x00000000200000ac                USBD_FS_DeviceDesc
 *fill*         0x00000000200000be        0x2 
 .data.USBD_LangIDDesc
                0x00000000200000c0        0x4 ./USB_DEVICE/App/usbd_desc.o
                0x00000000200000c0                USBD_LangIDDesc
 .data.USBD_StringSerial
                0x00000000200000c4       0x1a ./USB_DEVICE/App/usbd_desc.o
                0x00000000200000c4                USBD_StringSerial
 *fill*         0x00000000200000de        0x2 
 .data._impure_ptr
                0x00000000200000e0        0x4 c:/st/stm32cubeide_1.12.0/stm32cubeide/plugins/com.st.stm32cube.ide.mcu.externaltools.gnu-tools-for-stm32.10.3-2021.10.win32_1.0.200.202301161003/tools/bin/../lib/gcc/arm-none-eabi/10.3.1/../../../../arm-none-eabi/lib/thumb/v7e-m+dp/hard\libc_nano.a(lib_a-impure.o)
                0x00000000200000e0                _impure_ptr
 .data.impure_data
                0x00000000200000e4       0x60 c:/st/stm32cubeide_1.12.0/stm32cubeide/plugins/com.st.stm32cube.ide.mcu.externaltools.gnu-tools-for-stm32.10.3-2021.10.win32_1.0.200.202301161003/tools/bin/../lib/gcc/arm-none-eabi/10.3.1/../../../../arm-none-eabi/lib/thumb/v7e-m+dp/hard\libc_nano.a(lib_a-impure.o)
 *(.RamFunc)
 *(.RamFunc*)
                0x0000000020000144                . = ALIGN (0x4)
                0x0000000020000144                _edata = .

.igot.plt       0x0000000020000144        0x0 load address 0x000000000800bbd0
 .igot.plt      0x0000000020000144        0x0 c:/st/stm32cubeide_1.12.0/stm32cubeide/plugins/com.st.stm32cube.ide.mcu.externaltools.gnu-tools-for-stm32.10.3-2021.10.win32_1.0.200.202301161003/tools/bin/../lib/gcc/arm-none-eabi/10.3.1/thumb/v7e-m+dp/hard/crtbegin.o
                0x0000000020000144                . = ALIGN (0x4)

.bss            0x0000000020000144      0xf98 load address 0x000000000800bbd0
                0x0000000020000144                _sbss = .
                0x0000000020000144                __bss_start__ = _sbss
 *(.bss)
 .bss           0x0000000020000144       0x1c c:/st/stm32cubeide_1.12.0/stm32cubeide/plugins/com.st.stm32cube.ide.mcu.externaltools.gnu-tools-for-stm32.10.3-2021.10.win32_1.0.200.202301161003/tools/bin/../lib/gcc/arm-none-eabi/10.3.1/thumb/v7e-m+dp/hard/crtbegin.o
 *(.bss*)
 .bss.hqspi     0x0000000020000160       0x4c ./Core/Src/boot.o
                0x0000000020000160                hqspi
 .bss.JumpToApplication
                0x00000000200001ac        0x4 ./Core/Src/boot.o
                0x00000000200001ac                JumpToApplication
 .bss.__sbrk_heap_end
                0x00000000200001b0        0x4 ./Core/Src/sysmem.o
 .bss.state     0x00000000200001b4        0x2 ./Core/Src/usbd_dfu_qspi_flash.o
                0x00000000200001b4                state
 *fill*         0x00000000200001b6        0x2 
 .bss.back_addr
                0x00000000200001b8        0x4 ./Core/Src/usbd_dfu_qspi_flash.o
                0x00000000200001b8                back_addr
 .bss.qspi_data
                0x00000000200001bc        0x2 ./Core/Src/w25vq.o
                0x00000000200001bc                qspi_data
 *fill*         0x00000000200001be        0x2 
 .bss.uwTick    0x00000000200001c0        0x4 ./Drivers/STM32H7xx_HAL_Driver/Src/stm32h7xx_hal.o
                0x00000000200001c0                uwTick
 .bss.USBD_StrDesc.0
                0x00000000200001c4       0xff ./Middlewares/ST/STM32_USB_Device_Library/Class/DFU/Src/usbd_dfu.o
 .bss.cfgidx.0  0x00000000200002c3        0x1 ./Middlewares/ST/STM32_USB_Device_Library/Core/Src/usbd_ctlreq.o
 .bss.hUsbDeviceFS
                0x00000000200002c4      0x2dc ./USB_DEVICE/App/usb_device.o
                0x00000000200002c4                hUsbDeviceFS
 .bss.USBD_StrDesc
                0x00000000200005a0      0x200 ./USB_DEVICE/App/usbd_desc.o
                0x00000000200005a0                USBD_StrDesc
 .bss.hpcd_USB_OTG_FS
                0x00000000200007a0      0x50c ./USB_DEVICE/Target/usbd_conf.o
                0x00000000200007a0                hpcd_USB_OTG_FS
 .bss.mem.0     0x0000000020000cac      0x420 ./USB_DEVICE/Target/usbd_conf.o
 .bss.__lock___malloc_recursive_mutex
                0x00000000200010cc        0x1 c:/st/stm32cubeide_1.12.0/stm32cubeide/plugins/com.st.stm32cube.ide.mcu.externaltools.gnu-tools-for-stm32.10.3-2021.10.win32_1.0.200.202301161003/tools/bin/../lib/gcc/arm-none-eabi/10.3.1/../../../../arm-none-eabi/lib/thumb/v7e-m+dp/hard\libc_nano.a(lib_a-lock.o)
                0x00000000200010cc                __lock___malloc_recursive_mutex
 .bss.__lock___sfp_recursive_mutex
                0x00000000200010cd        0x1 c:/st/stm32cubeide_1.12.0/stm32cubeide/plugins/com.st.stm32cube.ide.mcu.externaltools.gnu-tools-for-stm32.10.3-2021.10.win32_1.0.200.202301161003/tools/bin/../lib/gcc/arm-none-eabi/10.3.1/../../../../arm-none-eabi/lib/thumb/v7e-m+dp/hard\libc_nano.a(lib_a-lock.o)
                0x00000000200010cd                __lock___sfp_recursive_mutex
 .bss.__lock___sinit_recursive_mutex
                0x00000000200010ce        0x1 c:/st/stm32cubeide_1.12.0/stm32cubeide/plugins/com.st.stm32cube.ide.mcu.externaltools.gnu-tools-for-stm32.10.3-2021.10.win32_1.0.200.202301161003/tools/bin/../lib/gcc/arm-none-eabi/10.3.1/../../../../arm-none-eabi/lib/thumb/v7e-m+dp/hard\libc_nano.a(lib_a-lock.o)
                0x00000000200010ce                __lock___sinit_recursive_mutex
 *fill*         0x00000000200010cf        0x1 
 .bss.__malloc_free_list
                0x00000000200010d0        0x4 c:/st/stm32cubeide_1.12.0/stm32cubeide/plugins/com.st.stm32cube.ide.mcu.externaltools.gnu-tools-for-stm32.10.3-2021.10.win32_1.0.200.202301161003/tools/bin/../lib/gcc/arm-none-eabi/10.3.1/../../../../arm-none-eabi/lib/thumb/v7e-m+dp/hard\libc_nano.a(lib_a-nano-mallocr.o)
                0x00000000200010d0                __malloc_free_list
 .bss.__malloc_sbrk_start
                0x00000000200010d4        0x4 c:/st/stm32cubeide_1.12.0/stm32cubeide/plugins/com.st.stm32cube.ide.mcu.externaltools.gnu-tools-for-stm32.10.3-2021.10.win32_1.0.200.202301161003/tools/bin/../lib/gcc/arm-none-eabi/10.3.1/../../../../arm-none-eabi/lib/thumb/v7e-m+dp/hard\libc_nano.a(lib_a-nano-mallocr.o)
                0x00000000200010d4                __malloc_sbrk_start
 .bss.errno     0x00000000200010d8        0x4 c:/st/stm32cubeide_1.12.0/stm32cubeide/plugins/com.st.stm32cube.ide.mcu.externaltools.gnu-tools-for-stm32.10.3-2021.10.win32_1.0.200.202301161003/tools/bin/../lib/gcc/arm-none-eabi/10.3.1/../../../../arm-none-eabi/lib/thumb/v7e-m+dp/hard\libc_nano.a(lib_a-reent.o)
                0x00000000200010d8                errno
 *(COMMON)
                0x00000000200010dc                . = ALIGN (0x4)
                0x00000000200010dc                _ebss = .
                0x00000000200010dc                __bss_end__ = _ebss

._user_heap_stack
                0x00000000200010dc     0x1404 load address 0x000000000800bbd0
                0x00000000200010e0                . = ALIGN (0x8)
 *fill*         0x00000000200010dc        0x4 
                [!provide]                        PROVIDE (end = .)
                0x00000000200010e0                PROVIDE (_end = .)
                0x00000000200020e0                . = (. + _Min_Heap_Size)