Archive member included to satisfy reference by file (symbol)

c:/st/stm32cubeide_1.12.0/stm32cubeide/plugins/com.st.stm32cube.ide.mcu.externaltools.gnu-tools-for-stm32.10.3-2021.10.win32_1.0.200.202301161003/tools/bin/../lib/gcc/arm-none-eabi/10.3.1/../../../../arm-none-eabi/lib/thumb/v7e-m+dp/hard\libc_nano.a(lib_a-errno.o)
                              ./Core/Src/syscalls.o (__errno)
c:/st/stm32cubeide_1.12.0/stm32cubeide/plugins/com.st.stm32cube.ide.mcu.externaltools.gnu-tools-for-stm32.10.3-2021.10.win32_1.0.200.202301161003/tools/bin/../lib/gcc/arm-none-eabi/10.3.1/../../../../arm-none-eabi/lib/thumb/v7e-m+dp/hard\libc_nano.a(lib_a-exit.o)
                              c:/st/stm32cubeide_1.12.0/stm32cubeide/plugins/com.st.stm32cube.ide.mcu.externaltools.gnu-tools-for-stm32.10.3-2021.10.win32_1.0.200.202301161003/tools/bin/../lib/gcc/arm-none-eabi/10.3.1/../../../../arm-none-eabi/lib/thumb/v7e-m+dp/hard/crt0.o (exit)
c:/st/stm32cubeide_1.12.0/stm32cubeide/plugins/com.st.stm32cube.ide.mcu.externaltools.gnu-tools-for-stm32.10.3-2021.10.win32_1.0.200.202301161003/tools/bin/../lib/gcc/arm-none-eabi/10.3.1/../../../../arm-none-eabi/lib/thumb/v7e-m+dp/hard\libc_nano.a(lib_a-impure.o)
                              c:/st/stm32cubeide_1.12.0/stm32cubeide/plugins/com.st.stm32cube.ide.mcu.externaltools.gnu-tools-for-stm32.10.3-2021.10.win32_1.0.200.202301161003/tools/bin/../lib/gcc/arm-none-eabi/10.3.1/../../../../arm-none-eabi/lib/thumb/v7e-m+dp/hard\libc_nano.a(lib_a-exit.o) (_global_impure_ptr)
c:/st/stm32cubeide_1.12.0/stm32cubeide/plugins/com.st.stm32cube.ide.mcu.externaltools.gnu-tools-for-stm32.10.3-2021.10.win32_1.0.200.202301161003/tools/bin/../lib/gcc/arm-none-eabi/10.3.1/../../../../arm-none-eabi/lib/thumb/v7e-m+dp/hard\libc_nano.a(lib_a-init.o)
                              c:/st/stm32cubeide_1.12.0/stm32cubeide/plugins/com.st.stm32cube.ide.mcu.externaltools.gnu-tools-for-stm32.10.3-2021.10.win32_1.0.200.202301161003/tools/bin/../lib/gcc/arm-none-eabi/10.3.1/../../../../arm-none-eabi/lib/thumb/v7e-m+dp/hard/crt0.o (__libc_init_array)
c:/st/stm32cubeide_1.12.0/stm32cubeide/plugins/com.st.stm32cube.ide.mcu.externaltools.gnu-tools-for-stm32.10.3-2021.10.win32_1.0.200.202301161003/tools/bin/../lib/gcc/arm-none-eabi/10.3.1/../../../../arm-none-eabi/lib/thumb/v7e-m+dp/hard\libc_nano.a(lib_a-memset.o)
                              c:/st/stm32cubeide_1.12.0/stm32cubeide/plugins/com.st.stm32cube.ide.mcu.externaltools.gnu-tools-for-stm32.10.3-2021.10.win32_1.0.200.202301161003/tools/bin/../lib/gcc/arm-none-eabi/10.3.1/../../../../arm-none-eabi/lib/thumb/v7e-m+dp/hard/crt0.o (memset)
c:/st/stm32cubeide_1.12.0/stm32cubeide/plugins/com.st.stm32cube.ide.mcu.externaltools.gnu-tools-for-stm32.10.3-2021.10.win32_1.0.200.202301161003/tools/bin/../lib/gcc/arm-none-eabi/10.3.1/../../../../arm-none-eabi/lib/thumb/v7e-m+dp/hard\libc_nano.a(lib_a-printf.o)
                              ./Core/Src/log.o (printf)
c:/st/stm32cubeide_1.12.0/stm32cubeide/plugins/com.st.stm32cube.ide.mcu.externaltools.gnu-tools-for-stm32.10.3-2021.10.win32_1.0.200.202301161003/tools/bin/../lib/gcc/arm-none-eabi/10.3.1/../../../../arm-none-eabi/lib/thumb/v7e-m+dp/hard\libc_nano.a(lib_a-puts.o)
                              ./Core/Src/log.o (puts)
c:/st/stm32cubeide_1.12.0/stm32cubeide/plugins/com.st.stm32cube.ide.mcu.externaltools.gnu-tools-for-stm32.10.3-2021.10.win32_1.0.200.202301161003/tools/bin/../lib/gcc/arm-none-eabi/10.3.1/../../../../arm-none-eabi/lib/thumb/v7e-m+dp/hard\libc_nano.a(lib_a-snprintf.o)
                              ./Core/Src/log.o (snprintf)
c:/st/stm32cubeide_1.12.0/stm32cubeide/plugins/com.st.stm32cube.ide.mcu.externaltools.gnu-tools-for-stm32.10.3-2021.10.win32_1.0.200.202301161003/tools/bin/../lib/gcc/arm-none-eabi/10.3.1/../../../../arm-none-eabi/lib/thumb/v7e-m+dp/hard\libc_nano.a(lib_a-strlen.o)
                              ./Core/Src/log.o (strlen)
c:/st/stm32cubeide_1.12.0/stm32cubeide/plugins/com.st.stm32cube.ide.mcu.externaltools.gnu-tools-for-stm32.10.3-2021.10.win32_1.0.200.202301161003/tools/bin/../lib/gcc/arm-none-eabi/10.3.1/../../../../arm-none-eabi/lib/thumb/v7e-m+dp/hard\libc_nano.a(lib_a-wbuf.o)
                              c:/st/stm32cubeide_1.12.0/stm32cubeide/plugins/com.st.stm32cube.ide.mcu.externaltools.gnu-tools-for-stm32.10.3-2021.10.win32_1.0.200.202301161003/tools/bin/../lib/gcc/arm-none-eabi/10.3.1/../../../../arm-none-eabi/lib/thumb/v7e-m+dp/hard\libc_nano.a(lib_a-puts.o) (__swbuf_r)
c:/st/stm32cubeide_1.12.0/stm32cubeide/plugins/com.st.stm32cube.ide.mcu.externaltools.gnu-tools-for-stm32.10.3-2021.10.win32_1.0.200.202301161003/tools/bin/../lib/gcc/arm-none-eabi/10.3.1/../../../../arm-none-eabi/lib/thumb/v7e-m+dp/hard\libc_nano.a(lib_a-wsetup.o)
[...]
Memory Configuration

Name             Origin             Length             Attributes
FLASH            0x0000000008000000 0x0000000000020000 xr
DTCMRAM          0x0000000020000000 0x0000000000020000 xrw
RAM_D1           0x0000000024000000 0x0000000000080000 xrw
RAM_D2           0x0000000030000000 0x0000000000048000 xrw
RAM_D3           0x0000000038000000 0x0000000000010000 xrw
ITCMRAM          0x0000000000000000 0x0000000000010000 xrw
QSPI             0x0000000090000000 0x0000000000400000 xr
*default*        0x0000000000000000 0xffffffffffffffff

Linker script and memory map

LOAD c:/st/stm32cubeide_1.12.0/stm32cubeide/plugins/com.st.stm32cube.ide.mcu.externaltools.gnu-tools-for-stm32.10.3-2021.10.win32_1.0.200.202301161003/tools/bin/../lib/gcc/arm-none-eabi/10.3.1/thumb/v7e-m+dp/hard/crti.o
LOAD c:/st/stm32cubeide_1.12.0/stm32cubeide/plugins/com.st.stm32cube.ide.mcu.externaltools.gnu-tools-for-stm32.10.3-2021.10.win32_1.0.200.202301161003/tools/bin/../lib/gcc/arm-none-eabi/10.3.1/thumb/v7e-m+dp/hard/crtbegin.o
LOAD c:/st/stm32cubeide_1.12.0/stm32cubeide/plugins/com.st.stm32cube.ide.mcu.externaltools.gnu-tools-for-stm32.10.3-2021.10.win32_1.0.200.202301161003/tools/bin/../lib/gcc/arm-none-eabi/10.3.1/../../../../arm-none-eabi/lib/thumb/v7e-m+dp/hard/crt0.o
LOAD ./Core/Src/log.o
LOAD ./Core/Src/main.o
LOAD ./Core/Src/stm32h7xx_hal_msp.o
LOAD ./Core/Src/stm32h7xx_it.o
LOAD ./Core/Src/syscalls.o
LOAD ./Core/Src/sysmem.o
LOAD ./Core/Src/system_stm32h7xx.o
LOAD ./Core/Src/usbd_dfu_qspi_flash.o
LOAD ./Core/Src/w25vq.o
LOAD ./Core/Startup/startup_stm32h750xbhx.o
LOAD ./Drivers/STM32H7xx_HAL_Driver/Src/stm32h7xx_hal.o
LOAD ./Drivers/STM32H7xx_HAL_Driver/Src/stm32h7xx_hal_cortex.o
LOAD ./Drivers/STM32H7xx_HAL_Driver/Src/stm32h7xx_hal_dma.o
LOAD ./Drivers/STM32H7xx_HAL_Driver/Src/stm32h7xx_hal_dma_ex.o
LOAD ./Drivers/STM32H7xx_HAL_Driver/Src/stm32h7xx_hal_exti.o
LOAD ./Drivers/STM32H7xx_HAL_Driver/Src/stm32h7xx_hal_flash.o
LOAD ./Drivers/STM32H7xx_HAL_Driver/Src/stm32h7xx_hal_flash_ex.o
LOAD ./Drivers/STM32H7xx_HAL_Driver/Src/stm32h7xx_hal_gpio.o
LOAD ./Drivers/STM32H7xx_HAL_Driver/Src/stm32h7xx_hal_hsem.o
LOAD ./Drivers/STM32H7xx_HAL_Driver/Src/stm32h7xx_hal_i2c.o
LOAD ./Drivers/STM32H7xx_HAL_Driver/Src/stm32h7xx_hal_i2c_ex.o
LOAD ./Drivers/STM32H7xx_HAL_Driver/Src/stm32h7xx_hal_mdma.o
LOAD ./Drivers/STM32H7xx_HAL_Driver/Src/stm32h7xx_hal_pcd.o
LOAD ./Drivers/STM32H7xx_HAL_Driver/Src/stm32h7xx_hal_pcd_ex.o
LOAD ./Drivers/STM32H7xx_HAL_Driver/Src/stm32h7xx_hal_pwr.o
LOAD ./Drivers/STM32H7xx_HAL_Driver/Src/stm32h7xx_hal_pwr_ex.o
LOAD ./Drivers/STM32H7xx_HAL_Driver/Src/stm32h7xx_hal_qspi.o
LOAD ./Drivers/STM32H7xx_HAL_Driver/Src/stm32h7xx_hal_rcc.o
LOAD ./Drivers/STM32H7xx_HAL_Driver/Src/stm32h7xx_hal_rcc_ex.o
LOAD ./Drivers/STM32H7xx_HAL_Driver/Src/stm32h7xx_hal_tim.o
LOAD ./Drivers/STM32H7xx_HAL_Driver/Src/stm32h7xx_hal_tim_ex.o
LOAD ./Drivers/STM32H7xx_HAL_Driver/Src/stm32h7xx_hal_uart.o
LOAD ./Drivers/STM32H7xx_HAL_Driver/Src/stm32h7xx_hal_uart_ex.o
LOAD ./Drivers/STM32H7xx_HAL_Driver/Src/stm32h7xx_ll_usb.o
LOAD ./Middlewares/ST/STM32_USB_Device_Library/Class/DFU/Src/usbd_dfu.o
LOAD ./Middlewares/ST/STM32_USB_Device_Library/Core/Src/usbd_core.o
LOAD ./Middlewares/ST/STM32_USB_Device_Library/Core/Src/usbd_ctlreq.o
LOAD ./Middlewares/ST/STM32_USB_Device_Library/Core/Src/usbd_ioreq.o
LOAD ./USB_DEVICE/App/usb_device.o
LOAD ./USB_DEVICE/App/usbd_desc.o
LOAD ./USB_DEVICE/App/usbd_dfu_if.o
LOAD ./USB_DEVICE/Target/usbd_conf.o
START GROUP
LOAD c:/st/stm32cubeide_1.12.0/stm32cubeide/plugins/com.st.stm32cube.ide.mcu.externaltools.gnu-tools-for-stm32.10.3-2021.10.win32_1.0.200.202301161003/tools/bin/../lib/gcc/arm-none-eabi/10.3.1/../../../../arm-none-eabi/lib/thumb/v7e-m+dp/hard\libstdc++_nano.a
LOAD c:/st/stm32cubeide_1.12.0/stm32cubeide/plugins/com.st.stm32cube.ide.mcu.externaltools.gnu-tools-for-stm32.10.3-2021.10.win32_1.0.200.202301161003/tools/bin/../lib/gcc/arm-none-eabi/10.3.1/../../../../arm-none-eabi/lib/thumb/v7e-m+dp/hard\libsupc++_nano.a
END GROUP
LOAD c:/st/stm32cubeide_1.12.0/stm32cubeide/plugins/com.st.stm32cube.ide.mcu.externaltools.gnu-tools-for-stm32.10.3-2021.10.win32_1.0.200.202301161003/tools/bin/../lib/gcc/arm-none-eabi/10.3.1/../../../../arm-none-eabi/lib/thumb/v7e-m+dp/hard\libstdc++_nano.a
LOAD c:/st/stm32cubeide_1.12.0/stm32cubeide/plugins/com.st.stm32cube.ide.mcu.externaltools.gnu-tools-for-stm32.10.3-2021.10.win32_1.0.200.202301161003/tools/bin/../lib/gcc/arm-none-eabi/10.3.1/../../../../arm-none-eabi/lib/thumb/v7e-m+dp/hard\libm.a
LOAD c:/st/stm32cubeide_1.12.0/stm32cubeide/plugins/com.st.stm32cube.ide.mcu.externaltools.gnu-tools-for-stm32.10.3-2021.10.win32_1.0.200.202301161003/tools/bin/../lib/gcc/arm-none-eabi/10.3.1/../../../../arm-none-eabi/lib/thumb/v7e-m+dp/hard\libc_nano.a
START GROUP
LOAD c:/st/stm32cubeide_1.12.0/stm32cubeide/plugins/com.st.stm32cube.ide.mcu.externaltools.gnu-tools-for-stm32.10.3-2021.10.win32_1.0.200.202301161003/tools/bin/../lib/gcc/arm-none-eabi/10.3.1/thumb/v7e-m+dp/hard\libgcc.a
LOAD c:/st/stm32cubeide_1.12.0/stm32cubeide/plugins/com.st.stm32cube.ide.mcu.externaltools.gnu-tools-for-stm32.10.3-2021.10.win32_1.0.200.202301161003/tools/bin/../lib/gcc/arm-none-eabi/10.3.1/../../../../arm-none-eabi/lib/thumb/v7e-m+dp/hard\libc_nano.a
END GROUP
START GROUP
LOAD c:/st/stm32cubeide_1.12.0/stm32cubeide/plugins/com.st.stm32cube.ide.mcu.externaltools.gnu-tools-for-stm32.10.3-2021.10.win32_1.0.200.202301161003/tools/bin/../lib/gcc/arm-none-eabi/10.3.1/thumb/v7e-m+dp/hard\libgcc.a
LOAD c:/st/stm32cubeide_1.12.0/stm32cubeide/plugins/com.st.stm32cube.ide.mcu.externaltools.gnu-tools-for-stm32.10.3-2021.10.win32_1.0.200.202301161003/tools/bin/../lib/gcc/arm-none-eabi/10.3.1/../../../../arm-none-eabi/lib/thumb/v7e-m+dp/hard\libc_nano.a
LOAD c:/st/stm32cubeide_1.12.0/stm32cubeide/plugins/com.st.stm32cube.ide.mcu.externaltools.gnu-tools-for-stm32.10.3-2021.10.win32_1.0.200.202301161003/tools/bin/../lib/gcc/arm-none-eabi/10.3.1/../../../../arm-none-eabi/lib/thumb/v7e-m+dp/hard\libnosys.a
END GROUP
START GROUP
LOAD c:/st/stm32cubeide_1.12.0/stm32cubeide/plugins/com.st.stm32cube.ide.mcu.externaltools.gnu-tools-for-stm32.10.3-2021.10.win32_1.0.200.202301161003/tools/bin/../lib/gcc/arm-none-eabi/10.3.1/thumb/v7e-m+dp/hard\libgcc.a
LOAD c:/st/stm32cubeide_1.12.0/stm32cubeide/plugins/com.st.stm32cube.ide.mcu.externaltools.gnu-tools-for-stm32.10.3-2021.10.win32_1.0.200.202301161003/tools/bin/../lib/gcc/arm-none-eabi/10.3.1/../../../../arm-none-eabi/lib/thumb/v7e-m+dp/hard\libc_nano.a
LOAD c:/st/stm32cubeide_1.12.0/stm32cubeide/plugins/com.st.stm32cube.ide.mcu.externaltools.gnu-tools-for-stm32.10.3-2021.10.win32_1.0.200.202301161003/tools/bin/../lib/gcc/arm-none-eabi/10.3.1/../../../../arm-none-eabi/lib/thumb/v7e-m+dp/hard\libnosys.a
END GROUP
LOAD c:/st/stm32cubeide_1.12.0/stm32cubeide/plugins/com.st.stm32cube.ide.mcu.externaltools.gnu-tools-for-stm32.10.3-2021.10.win32_1.0.200.202301161003/tools/bin/../lib/gcc/arm-none-eabi/10.3.1/thumb/v7e-m+dp/hard/crtend.o
LOAD c:/st/stm32cubeide_1.12.0/stm32cubeide/plugins/com.st.stm32cube.ide.mcu.externaltools.gnu-tools-for-stm32.10.3-2021.10.win32_1.0.200.202301161003/tools/bin/../lib/gcc/arm-none-eabi/10.3.1/thumb/v7e-m+dp/hard/crtn.o
                0x0000000038010000                _estack = (ORIGIN (RAM_D3) + LENGTH (RAM_D3))
                0x0000000000000200                _Min_Heap_Size = 0x200
                0x0000000000000400                _Min_Stack_Size = 0x400

.isr_vector     0x0000000008000000      0x298
                0x0000000008000000                . = ALIGN (0x4)
 *(.isr_vector)
 .isr_vector    0x0000000008000000      0x298 ./Core/Startup/startup_stm32h750xbhx.o
                0x0000000008000000                g_pfnVectors
                0x0000000008000298                . = ALIGN (0x4)

.text           0x00000000080002a0     0xd258
                0x00000000080002a0                . = ALIGN (0x4)
 *(.text)
 .text          0x00000000080002a0       0x40 c:/st/stm32cubeide_1.12.0/stm32cubeide/plugins/com.st.stm32cube.ide.mcu.externaltools.gnu-tools-for-stm32.10.3-2021.10.win32_1.0.200.202301161003/tools/bin/../lib/gcc/arm-none-eabi/10.3.1/thumb/v7e-m+dp/hard/crtbegin.o
 .text          0x00000000080002e0       0xa0 c:/st/stm32cubeide_1.12.0/stm32cubeide/plugins/com.st.stm32cube.ide.mcu.externaltools.gnu-tools-for-stm32.10.3-2021.10.win32_1.0.200.202301161003/tools/bin/../lib/gcc/arm-none-eabi/10.3.1/../../../../arm-none-eabi/lib/thumb/v7e-m+dp/hard\libc_nano.a(lib_a-memchr.o)
                0x00000000080002e0                memchr
 .text          0x0000000008000380       0x30 c:/st/stm32cubeide_1.12.0/stm32cubeide/plugins/com.st.stm32cube.ide.mcu.externaltools.gnu-tools-for-stm32.10.3-2021.10.win32_1.0.200.202301161003/tools/bin/../lib/gcc/arm-none-eabi/10.3.1/thumb/v7e-m+dp/hard\libgcc.a(_aeabi_uldivmod.o)
                0x0000000008000380                __aeabi_uldivmod
 .text          0x00000000080003b0      0x2d0 c:/st/stm32cubeide_1.12.0/stm32cubeide/plugins/com.st.stm32cube.ide.mcu.externaltools.gnu-tools-for-stm32.10.3-2021.10.win32_1.0.200.202301161003/tools/bin/../lib/gcc/arm-none-eabi/10.3.1/thumb/v7e-m+dp/hard\libgcc.a(_udivmoddi4.o)
                0x00000000080003b0                __udivmoddi4
 .text          0x0000000008000680        0x4 c:/st/stm32cubeide_1.12.0/stm32cubeide/plugins/com.st.stm32cube.ide.mcu.externaltools.gnu-tools-for-stm32.10.3-2021.10.win32_1.0.200.202301161003/tools/bin/../lib/gcc/arm-none-eabi/10.3.1/thumb/v7e-m+dp/hard\libgcc.a(_dvmd_tls.o)
                0x0000000008000680                __aeabi_idiv0
                0x0000000008000680                __aeabi_ldiv0
 *(.text*)
 .text.__io_putchar
                0x0000000008000684       0x2c ./Core/Src/log.o
                0x0000000008000684                __io_putchar
 .text.JumpToApp
                0x00000000080006b0       0x6c ./Core/Src/main.o
                0x00000000080006b0                JumpToApp
 .text.main     0x000000000800071c       0x8c ./Core/Src/main.o
                0x000000000800071c                main
 .text.SystemClock_Config
                0x00000000080007a8      0x100 ./Core/Src/main.o
                0x00000000080007a8                SystemClock_Config
 .text.MX_QUADSPI_Init
                0x00000000080008a8       0x58 ./Core/Src/main.o
 .text.MX_UART5_Init
                0x0000000008000900       0x98 ./Core/Src/main.o
 .text.MX_GPIO_Init
                0x0000000008000998      0x184 ./Core/Src/main.o
 .text.MPU_Config
                0x0000000008000b1c       0x5a ./Core/Src/main.o
 *fill*         0x0000000008000b76        0x2 
 .text.Error_Handler
                0x0000000008000b78       0x1c ./Core/Src/main.o
                0x0000000008000b78                Error_Handler
 .text.HAL_MspInit
                0x0000000008000b94       0x34 ./Core/Src/stm32h7xx_hal_msp.o
                0x0000000008000b94                HAL_MspInit
 .text.HAL_QSPI_MspInit
                0x0000000008000bc8      0x1e0 ./Core/Src/stm32h7xx_hal_msp.o
                0x0000000008000bc8                HAL_QSPI_MspInit
 .text.HAL_UART_MspInit
                0x0000000008000da8      0x120 ./Core/Src/stm32h7xx_hal_msp.o
                0x0000000008000da8                HAL_UART_MspInit
 .text.NMI_Handler
                0x0000000008000ec8        0x6 ./Core/Src/stm32h7xx_it.o
                0x0000000008000ec8                NMI_Handler
 *fill*         0x0000000008000ece        0x2 
 .text.HardFault_Handler
                0x0000000008000ed0       0x14 ./Core/Src/stm32h7xx_it.o
                0x0000000008000ed0                HardFault_Handler
 .text.MemManage_Handler
                0x0000000008000ee4       0x14 ./Core/Src/stm32h7xx_it.o
                0x0000000008000ee4                MemManage_Handler
 .text.BusFault_Handler
                0x0000000008000ef8        0x6 ./Core/Src/stm32h7xx_it.o
                0x0000000008000ef8                BusFault_Handler
 .text.UsageFault_Handler
                0x0000000008000efe        0x6 ./Core/Src/stm32h7xx_it.o
                0x0000000008000efe                UsageFault_Handler
 .text.SVC_Handler
                0x0000000008000f04        0xe ./Core/Src/stm32h7xx_it.o
                0x0000000008000f04                SVC_Handler
 .text.DebugMon_Handler
                0x0000000008000f12        0xe ./Core/Src/stm32h7xx_it.o
                0x0000000008000f12                DebugMon_Handler
 .text.PendSV_Handler
                0x0000000008000f20        0xe ./Core/Src/stm32h7xx_it.o
                0x0000000008000f20                PendSV_Handler
 .text.SysTick_Handler
                0x0000000008000f2e        0xc ./Core/Src/stm32h7xx_it.o
                0x0000000008000f2e                SysTick_Handler
 *fill*         0x0000000008000f3a        0x2 
 .text.OTG_FS_IRQHandler
                0x0000000008000f3c       0x14 ./Core/Src/stm32h7xx_it.o
                0x0000000008000f3c                OTG_FS_IRQHandler
 .text._read    0x0000000008000f50       0x3a ./Core/Src/syscalls.o
                0x0000000008000f50                _read
 .text._write   0x0000000008000f8a       0x38 ./Core/Src/syscalls.o
                0x0000000008000f8a                _write
 .text._close   0x0000000008000fc2       0x18 ./Core/Src/syscalls.o
                0x0000000008000fc2                _close
 .text._fstat   0x0000000008000fda       0x20 ./Core/Src/syscalls.o
                0x0000000008000fda                _fstat
 .text._isatty  0x0000000008000ffa       0x16 ./Core/Src/syscalls.o
                0x0000000008000ffa                _isatty
 .text._lseek   0x0000000008001010       0x1a ./Core/Src/syscalls.o
                0x0000000008001010                _lseek
 *fill*         0x000000000800102a        0x2 
 .text._sbrk    0x000000000800102c       0x6c ./Core/Src/sysmem.o
                0x000000000800102c                _sbrk
 .text.SystemInit
                0x0000000008001098      0x110 ./Core/Src/system_stm32h7xx.o
                0x0000000008001098                SystemInit
 .text.QSPI_If_Init_FS
                0x00000000080011a8       0x10 ./Core/Src/usbd_dfu_qspi_flash.o
 .text.QSPI_If_DeInit_FS
                0x00000000080011b8       0x10 ./Core/Src/usbd_dfu_qspi_flash.o
 .text.QSPI_If_Erase_FS
                0x00000000080011c8       0x70 ./Core/Src/usbd_dfu_qspi_flash.o
 .text.erase_sector
                0x0000000008001238       0x48 ./Core/Src/usbd_dfu_qspi_flash.o
                0x0000000008001238                erase_sector
 .text.QSPI_If_Write_FS
                0x0000000008001280       0x84 ./Core/Src/usbd_dfu_qspi_flash.o
 .text.QSPI_If_Read_FS
                0x0000000008001304       0x68 ./Core/Src/usbd_dfu_qspi_flash.o
 .text.QSPI_If_GetStatus_FS
                0x000000000800136c       0x56 ./Core/Src/usbd_dfu_qspi_flash.o
 *fill*         0x00000000080013c2        0x2 
 .text.QSPI_SetCom
                0x00000000080013c4       0x84 ./Core/Src/w25vq.o
                0x00000000080013c4                QSPI_SetCom
 .text.QSPI_Delay
                0x0000000008001448       0x2c ./Core/Src/w25vq.o
                0x0000000008001448                QSPI_Delay
 .text.QSPI_IsBusy
                0x0000000008001474       0x38 ./Core/Src/w25vq.o
                0x0000000008001474                QSPI_IsBusy
 .text.QSPI_Cmd
                0x00000000080014ac       0x3c ./Core/Src/w25vq.o
                0x00000000080014ac                QSPI_Cmd
 .text.QSPI_AutoPollingMemReady
                0x00000000080014e8       0x70 ./Core/Src/w25vq.o
                0x00000000080014e8                QSPI_AutoPollingMemReady
 .text.QSPI_WriteEnable
                0x0000000008001558       0x3e ./Core/Src/w25vq.o
                0x0000000008001558                QSPI_WriteEnable
 *fill*         0x0000000008001596        0x2 
 .text.QSPI_Reset
                0x0000000008001598       0x58 ./Core/Src/w25vq.o
                0x0000000008001598                QSPI_Reset
 .text.QSPI_Init
                0x00000000080015f0       0x5c ./Core/Src/w25vq.o
                0x00000000080015f0                QSPI_Init
 .text.QSPI_ReadStatusReg
                0x000000000800164c       0x9c ./Core/Src/w25vq.o
                0x000000000800164c                QSPI_ReadStatusReg
 .text.QSPI_WriteStatusReg
                0x00000000080016e8       0xb4 ./Core/Src/w25vq.o
                0x00000000080016e8                QSPI_WriteStatusReg
 .text.QSPI_EnableMemoryMappedMode
                0x000000000800179c       0x54 ./Core/Src/w25vq.o
                0x000000000800179c                QSPI_EnableMemoryMappedMode
 .text.QSPI_ReadDevID
                0x00000000080017f0       0x2a ./Core/Src/w25vq.o
                0x00000000080017f0                QSPI_ReadDevID
 *fill*         0x000000000800181a        0x2 
 .text.QSPI_QEEnable
                0x000000000800181c       0x40 ./Core/Src/w25vq.o
                0x000000000800181c                QSPI_QEEnable
 .text.QSPI_QEDisable
                0x000000000800185c       0x30 ./Core/Src/w25vq.o
                0x000000000800185c                QSPI_QEDisable
 .text.QSPI_EnableMap
                0x000000000800188c       0x20 ./Core/Src/w25vq.o
                0x000000000800188c                QSPI_EnableMap
 .text.QSPI_EraseSector
                0x00000000080018ac       0x88 ./Core/Src/w25vq.o
                0x00000000080018ac                QSPI_EraseSector
 .text.QSPI_EraseBlock
                0x0000000008001934       0x88 ./Core/Src/w25vq.o
                0x0000000008001934                QSPI_EraseBlock
 .text.QSPI_EraseChip
                0x00000000080019bc       0x22 ./Core/Src/w25vq.o
                0x00000000080019bc                QSPI_EraseChip
 *fill*         0x00000000080019de        0x2 
 .text.QSPI_Write
                0x00000000080019e0       0xf8 ./Core/Src/w25vq.o
                0x00000000080019e0                QSPI_Write
 .text.QSPI_Read
                0x0000000008001ad8       0xb0 ./Core/Src/w25vq.o
                0x0000000008001ad8                QSPI_Read
 .text.Reset_Handler
                0x0000000008001b88       0x50 ./Core/Startup/startup_stm32h750xbhx.o
                0x0000000008001b88                Reset_Handler
 .text.Default_Handler
                0x0000000008001bd8        0x2 ./Core/Startup/startup_stm32h750xbhx.o
                0x0000000008001bd8                RTC_Alarm_IRQHandler
                0x0000000008001bd8                HASH_RNG_IRQHandler
                0x0000000008001bd8                EXTI2_IRQHandler
                0x0000000008001bd8                TIM8_CC_IRQHandler
                0x0000000008001bd8                HRTIM1_Master_IRQHandler
                0x0000000008001bd8                UART8_IRQHandler
                0x0000000008001bd8                SPI4_IRQHandler
                0x0000000008001bd8                TIM1_CC_IRQHandler
                0x0000000008001bd8                BDMA_Channel6_IRQHandler
                0x0000000008001bd8                DMA2_Stream5_IRQHandler
                0x0000000008001bd8                HRTIM1_FLT_IRQHandler
                0x0000000008001bd8                JPEG_IRQHandler
                0x0000000008001bd8                DMA1_Stream5_IRQHandler
                0x0000000008001bd8                BDMA_Channel1_IRQHandler
                0x0000000008001bd8                HRTIM1_TIMD_IRQHandler
                0x0000000008001bd8                TAMP_STAMP_IRQHandler
                0x0000000008001bd8                EXTI3_IRQHandler
                0x0000000008001bd8                LPTIM4_IRQHandler
                0x0000000008001bd8                TIM8_TRG_COM_TIM14_IRQHandler
                0x0000000008001bd8                LPTIM2_IRQHandler
                0x0000000008001bd8                DFSDM1_FLT1_IRQHandler
                0x0000000008001bd8                DMAMUX2_OVR_IRQHandler
                0x0000000008001bd8                TIM8_UP_TIM13_IRQHandler
                0x0000000008001bd8                I2C3_ER_IRQHandler
                0x0000000008001bd8                DFSDM1_FLT2_IRQHandler
                0x0000000008001bd8                MDMA_IRQHandler
                0x0000000008001bd8                LPTIM3_IRQHandler
                0x0000000008001bd8                HSEM1_IRQHandler
                0x0000000008001bd8                EXTI0_IRQHandler
                0x0000000008001bd8                I2C2_EV_IRQHandler
                0x0000000008001bd8                DMA1_Stream2_IRQHandler
                0x0000000008001bd8                FPU_IRQHandler
                0x0000000008001bd8                OTG_HS_WKUP_IRQHandler
                0x0000000008001bd8                FDCAN1_IT1_IRQHandler
                0x0000000008001bd8                LTDC_ER_IRQHandler
                0x0000000008001bd8                DMA2_Stream2_IRQHandler
                0x0000000008001bd8                HRTIM1_TIME_IRQHandler
                0x0000000008001bd8                SPI1_IRQHandler
                0x0000000008001bd8                TIM6_DAC_IRQHandler
                0x0000000008001bd8                DCMI_IRQHandler
                0x0000000008001bd8                HRTIM1_TIMC_IRQHandler
                0x0000000008001bd8                DMA2_Stream3_IRQHandler
                0x0000000008001bd8                SAI2_IRQHandler
                0x0000000008001bd8                DFSDM1_FLT3_IRQHandler
                0x0000000008001bd8                USART6_IRQHandler
                0x0000000008001bd8                TIM17_IRQHandler
                0x0000000008001bd8                USART3_IRQHandler
                0x0000000008001bd8                BDMA_Channel7_IRQHandler
                0x0000000008001bd8                CRYP_IRQHandler
                0x0000000008001bd8                LPTIM5_IRQHandler
                0x0000000008001bd8                UART5_IRQHandler
                0x0000000008001bd8                ADC3_IRQHandler
                0x0000000008001bd8                DMA2_Stream0_IRQHandler
                0x0000000008001bd8                TIM4_IRQHandler
                0x0000000008001bd8                BDMA_Channel2_IRQHandler
                0x0000000008001bd8                QUADSPI_IRQHandler
                0x0000000008001bd8                I2C1_EV_IRQHandler
                0x0000000008001bd8                DMA1_Stream6_IRQHandler
                0x0000000008001bd8                DMAMUX1_OVR_IRQHandler
                0x0000000008001bd8                DMA1_Stream1_IRQHandler
                0x0000000008001bd8                TIM16_IRQHandler
                0x0000000008001bd8                UART4_IRQHandler
                0x0000000008001bd8                BDMA_Channel5_IRQHandler
                0x0000000008001bd8                TIM3_IRQHandler
                0x0000000008001bd8                RCC_IRQHandler
                0x0000000008001bd8                TIM8_BRK_TIM12_IRQHandler
                0x0000000008001bd8                TIM1_TRG_COM_IRQHandler
                0x0000000008001bd8                Default_Handler
                0x0000000008001bd8                ECC_IRQHandler
                0x0000000008001bd8                CEC_IRQHandler
                0x0000000008001bd8                EXTI15_10_IRQHandler
                0x0000000008001bd8                BDMA_Channel0_IRQHandler
                0x0000000008001bd8                ADC_IRQHandler
                0x0000000008001bd8                DMA1_Stream7_IRQHandler
                0x0000000008001bd8                HRTIM1_TIMA_IRQHandler
                0x0000000008001bd8                SPI5_IRQHandler
                0x0000000008001bd8                TIM7_IRQHandler
                0x0000000008001bd8                SDMMC1_IRQHandler
                0x0000000008001bd8                TIM5_IRQHandler
                0x0000000008001bd8                DMA2_Stream7_IRQHandler
                0x0000000008001bd8                TIM15_IRQHandler
                0x0000000008001bd8                PVD_AVD_IRQHandler
                0x0000000008001bd8                I2C3_EV_IRQHandler
                0x0000000008001bd8                EXTI9_5_IRQHandler
                0x0000000008001bd8                RTC_WKUP_IRQHandler
                0x0000000008001bd8                LTDC_IRQHandler
                0x0000000008001bd8                SAI3_IRQHandler
                0x0000000008001bd8                ETH_WKUP_IRQHandler
                0x0000000008001bd8                SPDIF_RX_IRQHandler
                0x0000000008001bd8                SPI2_IRQHandler
                0x0000000008001bd8                OTG_HS_EP1_IN_IRQHandler
                0x0000000008001bd8                DMA1_Stream0_IRQHandler
                0x0000000008001bd8                CRS_IRQHandler
                0x0000000008001bd8                EXTI4_IRQHandler
                0x0000000008001bd8                HRTIM1_TIMB_IRQHandler
                0x0000000008001bd8                FDCAN2_IT1_IRQHandler
                0x0000000008001bd8                ETH_IRQHandler
                0x0000000008001bd8                TIM1_UP_IRQHandler
                0x0000000008001bd8                BDMA_Channel4_IRQHandler
                0x0000000008001bd8                OTG_HS_EP1_OUT_IRQHandler
                0x0000000008001bd8                WWDG_IRQHandler
                0x0000000008001bd8                SPI6_IRQHandler
                0x0000000008001bd8                MDIOS_IRQHandler
                0x0000000008001bd8                I2C4_EV_IRQHandler
                0x0000000008001bd8                FDCAN2_IT0_IRQHandler
                0x0000000008001bd8                LPUART1_IRQHandler
                0x0000000008001bd8                FDCAN1_IT0_IRQHandler
                0x0000000008001bd8                TIM2_IRQHandler
                0x0000000008001bd8                OTG_FS_WKUP_IRQHandler
                0x0000000008001bd8                OTG_HS_IRQHandler
                0x0000000008001bd8                DMA2D_IRQHandler
                0x0000000008001bd8                TIM1_BRK_IRQHandler
                0x0000000008001bd8                EXTI1_IRQHandler
                0x0000000008001bd8                SDMMC2_IRQHandler
                0x0000000008001bd8                OTG_FS_EP1_OUT_IRQHandler
                0x0000000008001bd8                BDMA_Channel3_IRQHandler
                0x0000000008001bd8                UART7_IRQHandler
                0x0000000008001bd8                MDIOS_WKUP_IRQHandler
                0x0000000008001bd8                USART2_IRQHandler
                0x0000000008001bd8                DFSDM1_FLT0_IRQHandler
                0x0000000008001bd8                SAI4_IRQHandler
                0x0000000008001bd8                I2C2_ER_IRQHandler
                0x0000000008001bd8                DMA2_Stream1_IRQHandler
                0x0000000008001bd8                FLASH_IRQHandler
                0x0000000008001bd8                DMA2_Stream4_IRQHandler
                0x0000000008001bd8                USART1_IRQHandler
                0x0000000008001bd8                SPI3_IRQHandler
                0x0000000008001bd8                WAKEUP_PIN_IRQHandler
                0x0000000008001bd8                DMA1_Stream4_IRQHandler
                0x0000000008001bd8                OTG_FS_EP1_IN_IRQHandler
                0x0000000008001bd8                I2C1_ER_IRQHandler
                0x0000000008001bd8                FMC_IRQHandler
                0x0000000008001bd8                FDCAN_CAL_IRQHandler
                0x0000000008001bd8                SWPMI1_IRQHandler
                0x0000000008001bd8                COMP1_IRQHandler
                0x0000000008001bd8                LPTIM1_IRQHandler
                0x0000000008001bd8                I2C4_ER_IRQHandler
                0x0000000008001bd8                DMA2_Stream6_IRQHandler
                0x0000000008001bd8                SAI1_IRQHandler
                0x0000000008001bd8                DMA1_Stream3_IRQHandler
 *fill*         0x0000000008001bda        0x2 
 .text.HAL_Init
                0x0000000008001bdc       0x78 ./Drivers/STM32H7xx_HAL_Driver/Src/stm32h7xx_hal.o
                0x0000000008001bdc                HAL_Init
 .text.HAL_InitTick
                0x0000000008001c54       0x6c ./Drivers/STM32H7xx_HAL_Driver/Src/stm32h7xx_hal.o
                0x0000000008001c54                HAL_InitTick
 .text.HAL_IncTick
                0x0000000008001cc0       0x28 ./Drivers/STM32H7xx_HAL_Driver/Src/stm32h7xx_hal.o
                0x0000000008001cc0                HAL_IncTick
 .text.HAL_GetTick
                0x0000000008001ce8       0x18 ./Drivers/STM32H7xx_HAL_Driver/Src/stm32h7xx_hal.o
                0x0000000008001ce8                HAL_GetTick
 .text.HAL_Delay
                0x0000000008001d00       0x48 ./Drivers/STM32H7xx_HAL_Driver/Src/stm32h7xx_hal.o
                0x0000000008001d00                HAL_Delay
 .text.HAL_GetREVID
                0x0000000008001d48       0x18 ./Drivers/STM32H7xx_HAL_Driver/Src/stm32h7xx_hal.o
                0x0000000008001d48                HAL_GetREVID
 .text.__NVIC_SetPriorityGrouping
                0x0000000008001d60       0x48 ./Drivers/STM32H7xx_HAL_Driver/Src/stm32h7xx_hal_cortex.o
 .text.__NVIC_GetPriorityGrouping
                0x0000000008001da8       0x1c ./Drivers/STM32H7xx_HAL_Driver/Src/stm32h7xx_hal_cortex.o
 .text.__NVIC_EnableIRQ
                0x0000000008001dc4       0x3c ./Drivers/STM32H7xx_HAL_Driver/Src/stm32h7xx_hal_cortex.o
 .text.__NVIC_SetPriority
                0x0000000008001e00       0x54 ./Drivers/STM32H7xx_HAL_Driver/Src/stm32h7xx_hal_cortex.o
 .text.NVIC_EncodePriority
                0x0000000008001e54       0x66 ./Drivers/STM32H7xx_HAL_Driver/Src/stm32h7xx_hal_cortex.o
 *fill*         0x0000000008001eba        0x2 
 .text.SysTick_Config
                0x0000000008001ebc       0x44 ./Drivers/STM32H7xx_HAL_Driver/Src/stm32h7xx_hal_cortex.o
 .text.HAL_NVIC_SetPriorityGrouping
                0x0000000008001f00       0x16 ./Drivers/STM32H7xx_HAL_Driver/Src/stm32h7xx_hal_cortex.o
                0x0000000008001f00                HAL_NVIC_SetPriorityGrouping
 .text.HAL_NVIC_SetPriority
                0x0000000008001f16       0x34 ./Drivers/STM32H7xx_HAL_Driver/Src/stm32h7xx_hal_cortex.o
                0x0000000008001f16                HAL_NVIC_SetPriority
 .text.HAL_NVIC_EnableIRQ
                0x0000000008001f4a       0x1c ./Drivers/STM32H7xx_HAL_Driver/Src/stm32h7xx_hal_cortex.o
                0x0000000008001f4a                HAL_NVIC_EnableIRQ
 .text.HAL_SYSTICK_Config
                0x0000000008001f66       0x18 ./Drivers/STM32H7xx_HAL_Driver/Src/stm32h7xx_hal_cortex.o
                0x0000000008001f66                HAL_SYSTICK_Config
 *fill*         0x0000000008001f7e        0x2 
 .text.HAL_MPU_Disable
                0x0000000008001f80       0x30 ./Drivers/STM32H7xx_HAL_Driver/Src/stm32h7xx_hal_cortex.o
                0x0000000008001f80                HAL_MPU_Disable
 .text.HAL_MPU_Enable
                0x0000000008001fb0       0x40 ./Drivers/STM32H7xx_HAL_Driver/Src/stm32h7xx_hal_cortex.o
                0x0000000008001fb0                HAL_MPU_Enable
 .text.HAL_MPU_ConfigRegion
                0x0000000008001ff0       0x88 ./Drivers/STM32H7xx_HAL_Driver/Src/stm32h7xx_hal_cortex.o
                0x0000000008001ff0                HAL_MPU_ConfigRegion
 .text.HAL_GPIO_Init
                0x0000000008002078      0x360 ./Drivers/STM32H7xx_HAL_Driver/Src/stm32h7xx_hal_gpio.o
                0x0000000008002078                HAL_GPIO_Init
 .text.HAL_GPIO_ReadPin
                0x00000000080023d8       0x30 ./Drivers/STM32H7xx_HAL_Driver/Src/stm32h7xx_hal_gpio.o
                0x00000000080023d8                HAL_GPIO_ReadPin
 .text.HAL_GPIO_WritePin
                0x0000000008002408       0x32 ./Drivers/STM32H7xx_HAL_Driver/Src/stm32h7xx_hal_gpio.o
                0x0000000008002408                HAL_GPIO_WritePin
 .text.HAL_GPIO_TogglePin
                0x000000000800243a       0x34 ./Drivers/STM32H7xx_HAL_Driver/Src/stm32h7xx_hal_gpio.o
                0x000000000800243a                HAL_GPIO_TogglePin
 .text.HAL_PCD_Init
                0x000000000800246e      0x248 ./Drivers/STM32H7xx_HAL_Driver/Src/stm32h7xx_hal_pcd.o
                0x000000000800246e                HAL_PCD_Init
 .text.HAL_PCD_Start
                0x00000000080026b6       0x6a ./Drivers/STM32H7xx_HAL_Driver/Src/stm32h7xx_hal_pcd.o
                0x00000000080026b6                HAL_PCD_Start
 .text.HAL_PCD_Stop
                0x0000000008002720       0x76 ./Drivers/STM32H7xx_HAL_Driver/Src/stm32h7xx_hal_pcd.o
                0x0000000008002720                HAL_PCD_Stop
 .text.HAL_PCD_IRQHandler
                0x0000000008002796      0x998 ./Drivers/STM32H7xx_HAL_Driver/Src/stm32h7xx_hal_pcd.o
                0x0000000008002796                HAL_PCD_IRQHandler
 .text.HAL_PCD_SetAddress
                0x000000000800312e       0x4a ./Drivers/STM32H7xx_HAL_Driver/Src/stm32h7xx_hal_pcd.o
                0x000000000800312e                HAL_PCD_SetAddress
 .text.HAL_PCD_EP_Open
                0x0000000008003178       0xd0 ./Drivers/STM32H7xx_HAL_Driver/Src/stm32h7xx_hal_pcd.o
                0x0000000008003178                HAL_PCD_EP_Open
 .text.HAL_PCD_EP_Receive
                0x0000000008003248       0x78 ./Drivers/STM32H7xx_HAL_Driver/Src/stm32h7xx_hal_pcd.o
                0x0000000008003248                HAL_PCD_EP_Receive
 .text.HAL_PCD_EP_Transmit
                0x00000000080032c0       0x76 ./Drivers/STM32H7xx_HAL_Driver/Src/stm32h7xx_hal_pcd.o
                0x00000000080032c0                HAL_PCD_EP_Transmit
 .text.HAL_PCD_EP_SetStall
                0x0000000008003336       0xc8 ./Drivers/STM32H7xx_HAL_Driver/Src/stm32h7xx_hal_pcd.o
                0x0000000008003336                HAL_PCD_EP_SetStall
 .text.HAL_PCD_EP_ClrStall
                0x00000000080033fe       0xac ./Drivers/STM32H7xx_HAL_Driver/Src/stm32h7xx_hal_pcd.o
                0x00000000080033fe                HAL_PCD_EP_ClrStall
 .text.HAL_PCD_EP_Abort
                0x00000000080034aa       0x62 ./Drivers/STM32H7xx_HAL_Driver/Src/stm32h7xx_hal_pcd.o
                0x00000000080034aa                HAL_PCD_EP_Abort
 .text.PCD_WriteEmptyTxFifo
                0x000000000800350c      0x11a ./Drivers/STM32H7xx_HAL_Driver/Src/stm32h7xx_hal_pcd.o
 *fill*         0x0000000008003626        0x2 
 .text.PCD_EP_OutXfrComplete_int
                0x0000000008003628      0x1d0 ./Drivers/STM32H7xx_HAL_Driver/Src/stm32h7xx_hal_pcd.o
 .text.PCD_EP_OutSetupPacket_int
                0x00000000080037f8       0x8c ./Drivers/STM32H7xx_HAL_Driver/Src/stm32h7xx_hal_pcd.o
 .text.HAL_PCDEx_SetTxFiFo
                0x0000000008003884       0x8e ./Drivers/STM32H7xx_HAL_Driver/Src/stm32h7xx_hal_pcd_ex.o
                0x0000000008003884                HAL_PCDEx_SetTxFiFo
 .text.HAL_PCDEx_SetRxFiFo
                0x0000000008003912       0x22 ./Drivers/STM32H7xx_HAL_Driver/Src/stm32h7xx_hal_pcd_ex.o
                0x0000000008003912                HAL_PCDEx_SetRxFiFo
 .text.HAL_PCDEx_ActivateLPM
                0x0000000008003934       0x48 ./Drivers/STM32H7xx_HAL_Driver/Src/stm32h7xx_hal_pcd_ex.o
                0x0000000008003934                HAL_PCDEx_ActivateLPM
 .text.HAL_PCDEx_LPM_Callback
                0x000000000800397c       0x18 ./Drivers/STM32H7xx_HAL_Driver/Src/stm32h7xx_hal_pcd_ex.o
                0x000000000800397c                HAL_PCDEx_LPM_Callback
 .text.HAL_PWREx_ConfigSupply
                0x0000000008003994       0x74 ./Drivers/STM32H7xx_HAL_Driver/Src/stm32h7xx_hal_pwr_ex.o
                0x0000000008003994                HAL_PWREx_ConfigSupply
 .text.HAL_PWREx_EnableUSBVoltageDetector
                0x0000000008003a08       0x20 ./Drivers/STM32H7xx_HAL_Driver/Src/stm32h7xx_hal_pwr_ex.o
                0x0000000008003a08                HAL_PWREx_EnableUSBVoltageDetector
 .text.HAL_QSPI_Init
                0x0000000008003a28       0xe8 ./Drivers/STM32H7xx_HAL_Driver/Src/stm32h7xx_hal_qspi.o
                0x0000000008003a28                HAL_QSPI_Init
 .text.HAL_QSPI_Command
                0x0000000008003b10       0xbc ./Drivers/STM32H7xx_HAL_Driver/Src/stm32h7xx_hal_qspi.o
                0x0000000008003b10                HAL_QSPI_Command
 .text.HAL_QSPI_Transmit
                0x0000000008003bcc      0x124 ./Drivers/STM32H7xx_HAL_Driver/Src/stm32h7xx_hal_qspi.o
                0x0000000008003bcc                HAL_QSPI_Transmit
 .text.HAL_QSPI_Receive
                0x0000000008003cf0      0x13a ./Drivers/STM32H7xx_HAL_Driver/Src/stm32h7xx_hal_qspi.o
                0x0000000008003cf0                HAL_QSPI_Receive
 .text.HAL_QSPI_AutoPolling
                0x0000000008003e2a       0xee ./Drivers/STM32H7xx_HAL_Driver/Src/stm32h7xx_hal_qspi.o
                0x0000000008003e2a                HAL_QSPI_AutoPolling
 .text.HAL_QSPI_MemoryMapped
                0x0000000008003f18       0xc4 ./Drivers/STM32H7xx_HAL_Driver/Src/stm32h7xx_hal_qspi.o
                0x0000000008003f18                HAL_QSPI_MemoryMapped
 .text.HAL_QSPI_SetTimeout
                0x0000000008003fdc       0x1c ./Drivers/STM32H7xx_HAL_Driver/Src/stm32h7xx_hal_qspi.o
                0x0000000008003fdc                HAL_QSPI_SetTimeout
 .text.QSPI_WaitFlagStateUntilTimeout
                0x0000000008003ff8       0x6e ./Drivers/STM32H7xx_HAL_Driver/Src/stm32h7xx_hal_qspi.o
 .text.QSPI_Config
                0x0000000008004066      0x30c ./Drivers/STM32H7xx_HAL_Driver/Src/stm32h7xx_hal_qspi.o
 *fill*         0x0000000008004372        0x2 
 .text.HAL_RCC_OscConfig
                0x0000000008004374      0x8b4 ./Drivers/STM32H7xx_HAL_Driver/Src/stm32h7xx_hal_rcc.o
                0x0000000008004374                HAL_RCC_OscConfig
 .text.HAL_RCC_ClockConfig
                0x0000000008004c28      0x36c ./Drivers/STM32H7xx_HAL_Driver/Src/stm32h7xx_hal_rcc.o
                0x0000000008004c28                HAL_RCC_ClockConfig
 .text.HAL_RCC_GetSysClockFreq
                0x0000000008004f94      0x2f4 ./Drivers/STM32H7xx_HAL_Driver/Src/stm32h7xx_hal_rcc.o
                0x0000000008004f94                HAL_RCC_GetSysClockFreq
 .text.HAL_RCC_GetHCLKFreq
                0x0000000008005288       0x60 ./Drivers/STM32H7xx_HAL_Driver/Src/stm32h7xx_hal_rcc.o
                0x0000000008005288                HAL_RCC_GetHCLKFreq
 .text.HAL_RCC_GetPCLK1Freq
                0x00000000080052e8       0x2c ./Drivers/STM32H7xx_HAL_Driver/Src/stm32h7xx_hal_rcc.o
                0x00000000080052e8                HAL_RCC_GetPCLK1Freq
 .text.HAL_RCC_GetPCLK2Freq
                0x0000000008005314       0x2c ./Drivers/STM32H7xx_HAL_Driver/Src/stm32h7xx_hal_rcc.o
                0x0000000008005314                HAL_RCC_GetPCLK2Freq
 .text.HAL_RCCEx_PeriphCLKConfig
                0x0000000008005340     0x1414 ./Drivers/STM32H7xx_HAL_Driver/Src/stm32h7xx_hal_rcc_ex.o
                0x0000000008005340                HAL_RCCEx_PeriphCLKConfig
 .text.HAL_RCCEx_GetD3PCLK1Freq
                0x0000000008006754       0x2c ./Drivers/STM32H7xx_HAL_Driver/Src/stm32h7xx_hal_rcc_ex.o
                0x0000000008006754                HAL_RCCEx_GetD3PCLK1Freq
 .text.HAL_RCCEx_GetPLL2ClockFreq
                0x0000000008006780      0x2a8 ./Drivers/STM32H7xx_HAL_Driver/Src/stm32h7xx_hal_rcc_ex.o
                0x0000000008006780                HAL_RCCEx_GetPLL2ClockFreq
 .text.HAL_RCCEx_GetPLL3ClockFreq
                0x0000000008006a28      0x2a8 ./Drivers/STM32H7xx_HAL_Driver/Src/stm32h7xx_hal_rcc_ex.o
                0x0000000008006a28                HAL_RCCEx_GetPLL3ClockFreq
 .text.RCCEx_PLL2_Config
                0x0000000008006cd0      0x164 ./Drivers/STM32H7xx_HAL_Driver/Src/stm32h7xx_hal_rcc_ex.o
 .text.RCCEx_PLL3_Config
                0x0000000008006e34      0x164 ./Drivers/STM32H7xx_HAL_Driver/Src/stm32h7xx_hal_rcc_ex.o
 .text.HAL_UART_Init
                0x0000000008006f98       0xa0 ./Drivers/STM32H7xx_HAL_Driver/Src/stm32h7xx_hal_uart.o
                0x0000000008006f98                HAL_UART_Init
 .text.HAL_UART_Transmit
                0x0000000008007038      0x11c ./Drivers/STM32H7xx_HAL_Driver/Src/stm32h7xx_hal_uart.o
                0x0000000008007038                HAL_UART_Transmit
 .text.UART_SetConfig
                0x0000000008007154      0xad0 ./Drivers/STM32H7xx_HAL_Driver/Src/stm32h7xx_hal_uart.o
                0x0000000008007154                UART_SetConfig
 .text.UART_AdvFeatureConfig
                0x0000000008007c24      0x144 ./Drivers/STM32H7xx_HAL_Driver/Src/stm32h7xx_hal_uart.o
                0x0000000008007c24                UART_AdvFeatureConfig
 .text.UART_CheckIdleState
                0x0000000008007d68      0x154 ./Drivers/STM32H7xx_HAL_Driver/Src/stm32h7xx_hal_uart.o
                0x0000000008007d68                UART_CheckIdleState
 .text.UART_WaitOnFlagUntilTimeout
                0x0000000008007ebc       0xce ./Drivers/STM32H7xx_HAL_Driver/Src/stm32h7xx_hal_uart.o
                0x0000000008007ebc                UART_WaitOnFlagUntilTimeout
 *fill*         0x0000000008007f8a        0x2 
 .text.UART_EndRxTransfer
                0x0000000008007f8c       0xcc ./Drivers/STM32H7xx_HAL_Driver/Src/stm32h7xx_hal_uart.o
 .text.HAL_UARTEx_DisableFifoMode
                0x0000000008008058       0x72 ./Drivers/STM32H7xx_HAL_Driver/Src/stm32h7xx_hal_uart_ex.o
                0x0000000008008058                HAL_UARTEx_DisableFifoMode
 .text.HAL_UARTEx_SetTxFifoThreshold
                0x00000000080080ca       0x7c ./Drivers/STM32H7xx_HAL_Driver/Src/stm32h7xx_hal_uart_ex.o
                0x00000000080080ca                HAL_UARTEx_SetTxFifoThreshold
 .text.HAL_UARTEx_SetRxFifoThreshold
                0x0000000008008146       0x7c ./Drivers/STM32H7xx_HAL_Driver/Src/stm32h7xx_hal_uart_ex.o
                0x0000000008008146                HAL_UARTEx_SetRxFifoThreshold
 *fill*         0x00000000080081c2        0x2 
 .text.UARTEx_SetNbDataToProcess
                0x00000000080081c4       0x9c ./Drivers/STM32H7xx_HAL_Driver/Src/stm32h7xx_hal_uart_ex.o
 .text.USB_CoreInit
                0x0000000008008260       0xdc ./Drivers/STM32H7xx_HAL_Driver/Src/stm32h7xx_ll_usb.o
                0x0000000008008260                USB_CoreInit
 .text.USB_SetTurnaroundTime
                0x000000000800833c      0x144 ./Drivers/STM32H7xx_HAL_Driver/Src/stm32h7xx_ll_usb.o
                0x000000000800833c                USB_SetTurnaroundTime
 .text.USB_EnableGlobalInt
                0x0000000008008480       0x22 ./Drivers/STM32H7xx_HAL_Driver/Src/stm32h7xx_ll_usb.o
                0x0000000008008480                USB_EnableGlobalInt
 .text.USB_DisableGlobalInt
                0x00000000080084a2       0x22 ./Drivers/STM32H7xx_HAL_Driver/Src/stm32h7xx_ll_usb.o
                0x00000000080084a2                USB_DisableGlobalInt
 .text.USB_SetCurrentMode
                0x00000000080084c4       0x98 ./Drivers/STM32H7xx_HAL_Driver/Src/stm32h7xx_ll_usb.o
                0x00000000080084c4                USB_SetCurrentMode
 .text.USB_DevInit
                0x000000000800855c      0x2bc ./Drivers/STM32H7xx_HAL_Driver/Src/stm32h7xx_ll_usb.o
                0x000000000800855c                USB_DevInit
 .text.USB_FlushTxFifo
                0x0000000008008818       0x68 ./Drivers/STM32H7xx_HAL_Driver/Src/stm32h7xx_ll_usb.o
                0x0000000008008818                USB_FlushTxFifo
 .text.USB_FlushRxFifo
                0x0000000008008880       0x60 ./Drivers/STM32H7xx_HAL_Driver/Src/stm32h7xx_ll_usb.o
                0x0000000008008880                USB_FlushRxFifo
 .text.USB_SetDevSpeed
                0x00000000080088e0       0x32 ./Drivers/STM32H7xx_HAL_Driver/Src/stm32h7xx_ll_usb.o
                0x00000000080088e0                USB_SetDevSpeed
 .text.USB_GetDevSpeed
                0x0000000008008912       0x4a ./Drivers/STM32H7xx_HAL_Driver/Src/stm32h7xx_ll_usb.o
                0x0000000008008912                USB_GetDevSpeed
 .text.USB_ActivateEndpoint
                0x000000000800895c      0x110 ./Drivers/STM32H7xx_HAL_Driver/Src/stm32h7xx_ll_usb.o
                0x000000000800895c                USB_ActivateEndpoint
 .text.USB_EPStartXfer
                0x0000000008008a6c      0x540 ./Drivers/STM32H7xx_HAL_Driver/Src/stm32h7xx_ll_usb.o
                0x0000000008008a6c                USB_EPStartXfer
 .text.USB_EPStopXfer
                0x0000000008008fac      0x154 ./Drivers/STM32H7xx_HAL_Driver/Src/stm32h7xx_ll_usb.o
                0x0000000008008fac                USB_EPStopXfer
 .text.USB_WritePacket
                0x0000000008009100       0x7c ./Drivers/STM32H7xx_HAL_Driver/Src/stm32h7xx_ll_usb.o
                0x0000000008009100                USB_WritePacket
 .text.USB_ReadPacket
                0x000000000800917c       0xb0 ./Drivers/STM32H7xx_HAL_Driver/Src/stm32h7xx_ll_usb.o
                0x000000000800917c                USB_ReadPacket
 .text.USB_EPSetStall
                0x000000000800922c       0xdc ./Drivers/STM32H7xx_HAL_Driver/Src/stm32h7xx_ll_usb.o
                0x000000000800922c                USB_EPSetStall
 .text.USB_EPClearStall
                0x0000000008009308       0xcc ./Drivers/STM32H7xx_HAL_Driver/Src/stm32h7xx_ll_usb.o
                0x0000000008009308                USB_EPClearStall
 .text.USB_SetDevAddress
                0x00000000080093d4       0x4c ./Drivers/STM32H7xx_HAL_Driver/Src/stm32h7xx_ll_usb.o
                0x00000000080093d4                USB_SetDevAddress
 .text.USB_DevConnect
                0x0000000008009420       0x42 ./Drivers/STM32H7xx_HAL_Driver/Src/stm32h7xx_ll_usb.o
                0x0000000008009420                USB_DevConnect
 .text.USB_DevDisconnect
                0x0000000008009462       0x42 ./Drivers/STM32H7xx_HAL_Driver/Src/stm32h7xx_ll_usb.o
                0x0000000008009462                USB_DevDisconnect
 .text.USB_ReadInterrupts
                0x00000000080094a4       0x26 ./Drivers/STM32H7xx_HAL_Driver/Src/stm32h7xx_ll_usb.o
                0x00000000080094a4                USB_ReadInterrupts
 .text.USB_ReadDevAllOutEpInterrupt
                0x00000000080094ca       0x34 ./Drivers/STM32H7xx_HAL_Driver/Src/stm32h7xx_ll_usb.o
                0x00000000080094ca                USB_ReadDevAllOutEpInterrupt
 .text.USB_ReadDevAllInEpInterrupt
                0x00000000080094fe       0x34 ./Drivers/STM32H7xx_HAL_Driver/Src/stm32h7xx_ll_usb.o
                0x00000000080094fe                USB_ReadDevAllInEpInterrupt
 .text.USB_ReadDevOutEPInterrupt
                0x0000000008009532       0x3c ./Drivers/STM32H7xx_HAL_Driver/Src/stm32h7xx_ll_usb.o
                0x0000000008009532                USB_ReadDevOutEPInterrupt
 .text.USB_ReadDevInEPInterrupt
                0x000000000800956e       0x5c ./Drivers/STM32H7xx_HAL_Driver/Src/stm32h7xx_ll_usb.o
                0x000000000800956e                USB_ReadDevInEPInterrupt
 .text.USB_GetMode
                0x00000000080095ca       0x1c ./Drivers/STM32H7xx_HAL_Driver/Src/stm32h7xx_ll_usb.o
                0x00000000080095ca                USB_GetMode
 *fill*         0x00000000080095e6        0x2 
 .text.USB_ActivateSetup
                0x00000000080095e8       0x48 ./Drivers/STM32H7xx_HAL_Driver/Src/stm32h7xx_ll_usb.o
                0x00000000080095e8                USB_ActivateSetup
 .text.USB_EP0_OutStart
                0x0000000008009630       0xbc ./Drivers/STM32H7xx_HAL_Driver/Src/stm32h7xx_ll_usb.o
                0x0000000008009630                USB_EP0_OutStart
 .text.USB_CoreReset
                0x00000000080096ec       0x68 ./Drivers/STM32H7xx_HAL_Driver/Src/stm32h7xx_ll_usb.o
 .text.__NVIC_SystemReset
                0x0000000008009754       0x2c ./Middlewares/ST/STM32_USB_Device_Library/Class/DFU/Src/usbd_dfu.o
 .text.USBD_DFU_Init
                0x0000000008009780       0xde ./Middlewares/ST/STM32_USB_Device_Library/Class/DFU/Src/usbd_dfu.o
 .text.USBD_DFU_DeInit
                0x000000000800985e       0xa4 ./Middlewares/ST/STM32_USB_Device_Library/Class/DFU/Src/usbd_dfu.o
 *fill*         0x0000000008009902        0x2 
 .text.USBD_DFU_Setup
                0x0000000008009904      0x208 ./Middlewares/ST/STM32_USB_Device_Library/Class/DFU/Src/usbd_dfu.o
 .text.USBD_DFU_GetCfgDesc
                0x0000000008009b0c       0x20 ./Middlewares/ST/STM32_USB_Device_Library/Class/DFU/Src/usbd_dfu.o
 .text.USBD_DFU_EP0_RxReady
                0x0000000008009b2c       0x16 ./Middlewares/ST/STM32_USB_Device_Library/Class/DFU/Src/usbd_dfu.o
 .text.USBD_DFU_EP0_TxReady
                0x0000000008009b42      0x1da ./Middlewares/ST/STM32_USB_Device_Library/Class/DFU/Src/usbd_dfu.o
 .text.USBD_DFU_SOF
                0x0000000008009d1c       0x16 ./Middlewares/ST/STM32_USB_Device_Library/Class/DFU/Src/usbd_dfu.o
 *fill*         0x0000000008009d32        0x2 
 .text.USBD_DFU_GetDeviceQualifierDesc
                0x0000000008009d34       0x20 ./Middlewares/ST/STM32_USB_Device_Library/Class/DFU/Src/usbd_dfu.o
 .text.USBD_DFU_GetUsrStringDesc
                0x0000000008009d54       0x4c ./Middlewares/ST/STM32_USB_Device_Library/Class/DFU/Src/usbd_dfu.o
 .text.USBD_DFU_RegisterMedia
                0x0000000008009da0       0x34 ./Middlewares/ST/STM32_USB_Device_Library/Class/DFU/Src/usbd_dfu.o
                0x0000000008009da0                USBD_DFU_RegisterMedia
 .text.DFU_Detach
                0x0000000008009dd4       0xe0 ./Middlewares/ST/STM32_USB_Device_Library/Class/DFU/Src/usbd_dfu.o
 .text.DFU_Download
                0x0000000008009eb4       0xec ./Middlewares/ST/STM32_USB_Device_Library/Class/DFU/Src/usbd_dfu.o
 .text.DFU_Upload
                0x0000000008009fa0      0x1d0 ./Middlewares/ST/STM32_USB_Device_Library/Class/DFU/Src/usbd_dfu.o
 .text.DFU_GetStatus
                0x000000000800a170      0x198 ./Middlewares/ST/STM32_USB_Device_Library/Class/DFU/Src/usbd_dfu.o
 .text.DFU_ClearStatus
                0x000000000800a308       0xb0 ./Middlewares/ST/STM32_USB_Device_Library/Class/DFU/Src/usbd_dfu.o
 .text.DFU_GetState
                0x000000000800a3b8       0x38 ./Middlewares/ST/STM32_USB_Device_Library/Class/DFU/Src/usbd_dfu.o
 .text.DFU_Abort
                0x000000000800a3f0       0xaa ./Middlewares/ST/STM32_USB_Device_Library/Class/DFU/Src/usbd_dfu.o
 .text.DFU_Leave
                0x000000000800a49a       0xb2 ./Middlewares/ST/STM32_USB_Device_Library/Class/DFU/Src/usbd_dfu.o
 .text.USBD_DFU_GetDfuFuncDesc
                0x000000000800a54c       0x60 ./Middlewares/ST/STM32_USB_Device_Library/Class/DFU/Src/usbd_dfu.o
 .text.USBD_Init
                0x000000000800a5ac       0x60 ./Middlewares/ST/STM32_USB_Device_Library/Core/Src/usbd_core.o
                0x000000000800a5ac                USBD_Init
 .text.USBD_RegisterClass
                0x000000000800a60c       0x6c ./Middlewares/ST/STM32_USB_Device_Library/Core/Src/usbd_core.o
                0x000000000800a60c                USBD_RegisterClass
 .text.USBD_Start
                0x000000000800a678       0x18 ./Middlewares/ST/STM32_USB_Device_Library/Core/Src/usbd_core.o
                0x000000000800a678                USBD_Start
 .text.USBD_Stop
                0x000000000800a690       0x36 ./Middlewares/ST/STM32_USB_Device_Library/Core/Src/usbd_core.o
                0x000000000800a690                USBD_Stop
 .text.USBD_RunTestMode
                0x000000000800a6c6       0x16 ./Middlewares/ST/STM32_USB_Device_Library/Core/Src/usbd_core.o
                0x000000000800a6c6                USBD_RunTestMode
 .text.USBD_SetClassConfig
                0x000000000800a6dc       0x38 ./Middlewares/ST/STM32_USB_Device_Library/Core/Src/usbd_core.o
                0x000000000800a6dc                USBD_SetClassConfig
 .text.USBD_ClrClassConfig
                0x000000000800a714       0x34 ./Middlewares/ST/STM32_USB_Device_Library/Core/Src/usbd_core.o
                0x000000000800a714                USBD_ClrClassConfig
 .text.USBD_LL_SetupStage
                0x000000000800a748       0xaa ./Middlewares/ST/STM32_USB_Device_Library/Core/Src/usbd_core.o
                0x000000000800a748                USBD_LL_SetupStage
 .text.USBD_LL_DataOutStage
                0x000000000800a7f2      0x166 ./Middlewares/ST/STM32_USB_Device_Library/Core/Src/usbd_core.o
                0x000000000800a7f2                USBD_LL_DataOutStage
 .text.USBD_LL_DataInStage
                0x000000000800a958      0x164 ./Middlewares/ST/STM32_USB_Device_Library/Core/Src/usbd_core.o
                0x000000000800a958                USBD_LL_DataInStage
 .text.USBD_LL_Reset
                0x000000000800aabc       0xa4 ./Middlewares/ST/STM32_USB_Device_Library/Core/Src/usbd_core.o
                0x000000000800aabc                USBD_LL_Reset
 .text.USBD_LL_SetSpeed
                0x000000000800ab60       0x20 ./Middlewares/ST/STM32_USB_Device_Library/Core/Src/usbd_core.o
                0x000000000800ab60                USBD_LL_SetSpeed
 .text.USBD_LL_Suspend
                0x000000000800ab80       0x38 ./Middlewares/ST/STM32_USB_Device_Library/Core/Src/usbd_core.o
                0x000000000800ab80                USBD_LL_Suspend
 .text.USBD_LL_Resume
                0x000000000800abb8       0x30 ./Middlewares/ST/STM32_USB_Device_Library/Core/Src/usbd_core.o
                0x000000000800abb8                USBD_LL_Resume
 .text.USBD_LL_SOF
                0x000000000800abe8       0x40 ./Middlewares/ST/STM32_USB_Device_Library/Core/Src/usbd_core.o
                0x000000000800abe8                USBD_LL_SOF
 .text.USBD_LL_IsoINIncomplete
                0x000000000800ac28       0x64 ./Middlewares/ST/STM32_USB_Device_Library/Core/Src/usbd_core.o
                0x000000000800ac28                USBD_LL_IsoINIncomplete
 .text.USBD_LL_IsoOUTIncomplete
                0x000000000800ac8c       0x64 ./Middlewares/ST/STM32_USB_Device_Library/Core/Src/usbd_core.o
                0x000000000800ac8c                USBD_LL_IsoOUTIncomplete
 .text.USBD_LL_DevConnected
                0x000000000800acf0       0x16 ./Middlewares/ST/STM32_USB_Device_Library/Core/Src/usbd_core.o
                0x000000000800acf0                USBD_LL_DevConnected
 .text.USBD_LL_DevDisconnected
                0x000000000800ad06       0x46 ./Middlewares/ST/STM32_USB_Device_Library/Core/Src/usbd_core.o
                0x000000000800ad06                USBD_LL_DevDisconnected
 .text.USBD_CoreFindIF
                0x000000000800ad4c       0x1a ./Middlewares/ST/STM32_USB_Device_Library/Core/Src/usbd_core.o
                0x000000000800ad4c                USBD_CoreFindIF
 .text.USBD_CoreFindEP
                0x000000000800ad66       0x1a ./Middlewares/ST/STM32_USB_Device_Library/Core/Src/usbd_core.o
                0x000000000800ad66                USBD_CoreFindEP
 .text.USBD_GetNextDesc
                0x000000000800ad80       0x3a ./Middlewares/ST/STM32_USB_Device_Library/Core/Src/usbd_core.o
                0x000000000800ad80                USBD_GetNextDesc
 .text.SWAPBYTE
                0x000000000800adba       0x3c ./Middlewares/ST/STM32_USB_Device_Library/Core/Src/usbd_ctlreq.o
 *fill*         0x000000000800adf6        0x2 
 .text.USBD_StdDevReq
                0x000000000800adf8       0xe4 ./Middlewares/ST/STM32_USB_Device_Library/Core/Src/usbd_ctlreq.o
                0x000000000800adf8                USBD_StdDevReq
 .text.USBD_StdItfReq
                0x000000000800aedc       0xd8 ./Middlewares/ST/STM32_USB_Device_Library/Core/Src/usbd_ctlreq.o
                0x000000000800aedc                USBD_StdItfReq
 .text.USBD_StdEPReq
                0x000000000800afb4      0x33a ./Middlewares/ST/STM32_USB_Device_Library/Core/Src/usbd_ctlreq.o
                0x000000000800afb4                USBD_StdEPReq
 *fill*         0x000000000800b2ee        0x2 
 .text.USBD_GetDescriptor
                0x000000000800b2f0      0x320 ./Middlewares/ST/STM32_USB_Device_Library/Core/Src/usbd_ctlreq.o
 .text.USBD_SetAddress
                0x000000000800b610       0x88 ./Middlewares/ST/STM32_USB_Device_Library/Core/Src/usbd_ctlreq.o
 .text.USBD_SetConfig
                0x000000000800b698      0x154 ./Middlewares/ST/STM32_USB_Device_Library/Core/Src/usbd_ctlreq.o
 .text.USBD_GetConfig
                0x000000000800b7ec       0x6c ./Middlewares/ST/STM32_USB_Device_Library/Core/Src/usbd_ctlreq.o
 .text.USBD_GetStatus
                0x000000000800b858       0x68 ./Middlewares/ST/STM32_USB_Device_Library/Core/Src/usbd_ctlreq.o
 .text.USBD_SetFeature
                0x000000000800b8c0       0x52 ./Middlewares/ST/STM32_USB_Device_Library/Core/Src/usbd_ctlreq.o
 .text.USBD_ClrFeature
                0x000000000800b912       0x44 ./Middlewares/ST/STM32_USB_Device_Library/Core/Src/usbd_ctlreq.o
 .text.USBD_ParseSetupRequest
                0x000000000800b956       0x74 ./Middlewares/ST/STM32_USB_Device_Library/Core/Src/usbd_ctlreq.o
                0x000000000800b956                USBD_ParseSetupRequest
 .text.USBD_CtlError
                0x000000000800b9ca       0x22 ./Middlewares/ST/STM32_USB_Device_Library/Core/Src/usbd_ctlreq.o
                0x000000000800b9ca                USBD_CtlError
 .text.USBD_GetString
                0x000000000800b9ec       0x8c ./Middlewares/ST/STM32_USB_Device_Library/Core/Src/usbd_ctlreq.o
                0x000000000800b9ec                USBD_GetString
 .text.USBD_GetLen
                0x000000000800ba78       0x34 ./Middlewares/ST/STM32_USB_Device_Library/Core/Src/usbd_ctlreq.o
 .text.USBD_CtlSendData
                0x000000000800baac       0x36 ./Middlewares/ST/STM32_USB_Device_Library/Core/Src/usbd_ioreq.o
                0x000000000800baac                USBD_CtlSendData
 .text.USBD_CtlContinueSendData
                0x000000000800bae2       0x22 ./Middlewares/ST/STM32_USB_Device_Library/Core/Src/usbd_ioreq.o
                0x000000000800bae2                USBD_CtlContinueSendData
 .text.USBD_CtlPrepareRx
                0x000000000800bb04       0x3a ./Middlewares/ST/STM32_USB_Device_Library/Core/Src/usbd_ioreq.o
                0x000000000800bb04                USBD_CtlPrepareRx
 .text.USBD_CtlContinueRx
                0x000000000800bb3e       0x22 ./Middlewares/ST/STM32_USB_Device_Library/Core/Src/usbd_ioreq.o
                0x000000000800bb3e                USBD_CtlContinueRx
 .text.USBD_CtlSendStatus
                0x000000000800bb60       0x26 ./Middlewares/ST/STM32_USB_Device_Library/Core/Src/usbd_ioreq.o
                0x000000000800bb60                USBD_CtlSendStatus
 .text.USBD_CtlReceiveStatus
                0x000000000800bb86       0x26 ./Middlewares/ST/STM32_USB_Device_Library/Core/Src/usbd_ioreq.o
                0x000000000800bb86                USBD_CtlReceiveStatus
 .text.MX_USB_DEVICE_Init
                0x000000000800bbac       0x64 ./USB_DEVICE/App/usb_device.o
                0x000000000800bbac                MX_USB_DEVICE_Init
 .text.USBD_FS_DeviceDescriptor
                0x000000000800bc10       0x24 ./USB_DEVICE/App/usbd_desc.o
                0x000000000800bc10                USBD_FS_DeviceDescriptor
 .text.USBD_FS_LangIDStrDescriptor
                0x000000000800bc34       0x24 ./USB_DEVICE/App/usbd_desc.o
                0x000000000800bc34                USBD_FS_LangIDStrDescriptor
 .text.USBD_FS_ProductStrDescriptor
                0x000000000800bc58       0x3c ./USB_DEVICE/App/usbd_desc.o
                0x000000000800bc58                USBD_FS_ProductStrDescriptor
 .text.USBD_FS_ManufacturerStrDescriptor
                0x000000000800bc94       0x28 ./USB_DEVICE/App/usbd_desc.o
                0x000000000800bc94                USBD_FS_ManufacturerStrDescriptor
 .text.USBD_FS_SerialStrDescriptor
                0x000000000800bcbc       0x24 ./USB_DEVICE/App/usbd_desc.o
                0x000000000800bcbc                USBD_FS_SerialStrDescriptor
 .text.USBD_FS_ConfigStrDescriptor
                0x000000000800bce0       0x3c ./USB_DEVICE/App/usbd_desc.o
                0x000000000800bce0                USBD_FS_ConfigStrDescriptor
 .text.USBD_FS_InterfaceStrDescriptor
                0x000000000800bd1c       0x3c ./USB_DEVICE/App/usbd_desc.o
                0x000000000800bd1c                USBD_FS_InterfaceStrDescriptor
 .text.Get_SerialNum
                0x000000000800bd58       0x58 ./USB_DEVICE/App/usbd_desc.o
 .text.IntToUnicode
                0x000000000800bdb0       0x7e ./USB_DEVICE/App/usbd_desc.o
 *fill*         0x000000000800be2e        0x2 
 .text.HAL_PCD_MspInit
                0x000000000800be30       0xe8 ./USB_DEVICE/Target/usbd_conf.o
                0x000000000800be30                HAL_PCD_MspInit
 .text.HAL_PCD_SetupStageCallback
                0x000000000800bf18       0x24 ./USB_DEVICE/Target/usbd_conf.o
                0x000000000800bf18                HAL_PCD_SetupStageCallback
 .text.HAL_PCD_DataOutStageCallback
                0x000000000800bf3c       0x36 ./USB_DEVICE/Target/usbd_conf.o
                0x000000000800bf3c                HAL_PCD_DataOutStageCallback
 .text.HAL_PCD_DataInStageCallback
                0x000000000800bf72       0x34 ./USB_DEVICE/Target/usbd_conf.o
                0x000000000800bf72                HAL_PCD_DataInStageCallback
 .text.HAL_PCD_SOFCallback
                0x000000000800bfa6       0x1c ./USB_DEVICE/Target/usbd_conf.o
                0x000000000800bfa6                HAL_PCD_SOFCallback
 .text.HAL_PCD_ResetCallback
                0x000000000800bfc2       0x50 ./USB_DEVICE/Target/usbd_conf.o
                0x000000000800bfc2                HAL_PCD_ResetCallback
 *fill*         0x000000000800c012        0x2 
 .text.HAL_PCD_SuspendCallback
                0x000000000800c014       0x4c ./USB_DEVICE/Target/usbd_conf.o
                0x000000000800c014                HAL_PCD_SuspendCallback
 .text.HAL_PCD_ResumeCallback
                0x000000000800c060       0x1c ./USB_DEVICE/Target/usbd_conf.o
                0x000000000800c060                HAL_PCD_ResumeCallback
 .text.HAL_PCD_ISOOUTIncompleteCallback
                0x000000000800c07c       0x24 ./USB_DEVICE/Target/usbd_conf.o
                0x000000000800c07c                HAL_PCD_ISOOUTIncompleteCallback
 .text.HAL_PCD_ISOINIncompleteCallback
                0x000000000800c0a0       0x24 ./USB_DEVICE/Target/usbd_conf.o
                0x000000000800c0a0                HAL_PCD_ISOINIncompleteCallback
 .text.HAL_PCD_ConnectCallback
                0x000000000800c0c4       0x1c ./USB_DEVICE/Target/usbd_conf.o
                0x000000000800c0c4                HAL_PCD_ConnectCallback
 .text.HAL_PCD_DisconnectCallback
                0x000000000800c0e0       0x1c ./USB_DEVICE/Target/usbd_conf.o
                0x000000000800c0e0                HAL_PCD_DisconnectCallback
 .text.USBD_LL_Init
                0x000000000800c0fc       0xa0 ./USB_DEVICE/Target/usbd_conf.o
                0x000000000800c0fc                USBD_LL_Init
 .text.USBD_LL_Start
                0x000000000800c19c       0x36 ./USB_DEVICE/Target/usbd_conf.o
                0x000000000800c19c                USBD_LL_Start
 .text.USBD_LL_Stop
                0x000000000800c1d2       0x36 ./USB_DEVICE/Target/usbd_conf.o
                0x000000000800c1d2                USBD_LL_Stop
 .text.USBD_LL_OpenEP
                0x000000000800c208       0x4c ./USB_DEVICE/Target/usbd_conf.o
                0x000000000800c208                USBD_LL_OpenEP
 .text.USBD_LL_StallEP
                0x000000000800c254       0x3e ./USB_DEVICE/Target/usbd_conf.o
                0x000000000800c254                USBD_LL_StallEP
 .text.USBD_LL_ClearStallEP
                0x000000000800c292       0x3e ./USB_DEVICE/Target/usbd_conf.o
                0x000000000800c292                USBD_LL_ClearStallEP
 .text.USBD_LL_IsStallEP
                0x000000000800c2d0       0x58 ./USB_DEVICE/Target/usbd_conf.o
                0x000000000800c2d0                USBD_LL_IsStallEP
 .text.USBD_LL_SetUSBAddress
                0x000000000800c328       0x3e ./USB_DEVICE/Target/usbd_conf.o
                0x000000000800c328                USBD_LL_SetUSBAddress
 .text.USBD_LL_Transmit
                0x000000000800c366       0x42 ./USB_DEVICE/Target/usbd_conf.o
                0x000000000800c366                USBD_LL_Transmit
 .text.USBD_LL_PrepareReceive
                0x000000000800c3a8       0x42 ./USB_DEVICE/Target/usbd_conf.o
                0x000000000800c3a8                USBD_LL_PrepareReceive
 *fill*         0x000000000800c3ea        0x2 
 .text.USBD_static_malloc
                0x000000000800c3ec       0x1c ./USB_DEVICE/Target/usbd_conf.o
                0x000000000800c3ec                USBD_static_malloc
 .text.USBD_static_free
                0x000000000800c408       0x14 ./USB_DEVICE/Target/usbd_conf.o
                0x000000000800c408                USBD_static_free
 .text.USBD_Get_USB_Status
                0x000000000800c41c       0x58 ./USB_DEVICE/Target/usbd_conf.o
                0x000000000800c41c                USBD_Get_USB_Status
 .text.__errno  0x000000000800c474        0xc c:/st/stm32cubeide_1.12.0/stm32cubeide/plugins/com.st.stm32cube.ide.mcu.externaltools.gnu-tools-for-stm32.10.3-2021.10.win32_1.0.200.202301161003/tools/bin/../lib/gcc/arm-none-eabi/10.3.1/../../../../arm-none-eabi/lib/thumb/v7e-m+dp/hard\libc_nano.a(lib_a-errno.o)
                0x000000000800c474                __errno
 .text.__libc_init_array
                0x000000000800c480       0x48 c:/st/stm32cubeide_1.12.0/stm32cubeide/plugins/com.st.stm32cube.ide.mcu.externaltools.gnu-tools-for-stm32.10.3-2021.10.win32_1.0.200.202301161003/tools/bin/../lib/gcc/arm-none-eabi/10.3.1/../../../../arm-none-eabi/lib/thumb/v7e-m+dp/hard\libc_nano.a(lib_a-init.o)
                0x000000000800c480                __libc_init_array
 .text.memset   0x000000000800c4c8       0x10 c:/st/stm32cubeide_1.12.0/stm32cubeide/plugins/com.st.stm32cube.ide.mcu.externaltools.gnu-tools-for-stm32.10.3-2021.10.win32_1.0.200.202301161003/tools/bin/../lib/gcc/arm-none-eabi/10.3.1/../../../../arm-none-eabi/lib/thumb/v7e-m+dp/hard\libc_nano.a(lib_a-memset.o)
                0x000000000800c4c8                memset
 .text.printf   0x000000000800c4d8       0x30 c:/st/stm32cubeide_1.12.0/stm32cubeide/plugins/com.st.stm32cube.ide.mcu.externaltools.gnu-tools-for-stm32.10.3-2021.10.win32_1.0.200.202301161003/tools/bin/../lib/gcc/arm-none-eabi/10.3.1/../../../../arm-none-eabi/lib/thumb/v7e-m+dp/hard\libc_nano.a(lib_a-printf.o)
                0x000000000800c4d8                iprintf
                0x000000000800c4d8                printf
 .text._puts_r  0x000000000800c508       0xdc c:/st/stm32cubeide_1.12.0/stm32cubeide/plugins/com.st.stm32cube.ide.mcu.externaltools.gnu-tools-for-stm32.10.3-2021.10.win32_1.0.200.202301161003/tools/bin/../lib/gcc/arm-none-eabi/10.3.1/../../../../arm-none-eabi/lib/thumb/v7e-m+dp/hard\libc_nano.a(lib_a-puts.o)
                0x000000000800c508                _puts_r
 .text.puts     0x000000000800c5e4       0x10 c:/st/stm32cubeide_1.12.0/stm32cubeide/plugins/com.st.stm32cube.ide.mcu.externaltools.gnu-tools-for-stm32.10.3-2021.10.win32_1.0.200.202301161003/tools/bin/../lib/gcc/arm-none-eabi/10.3.1/../../../../arm-none-eabi/lib/thumb/v7e-m+dp/hard\libc_nano.a(lib_a-puts.o)
                0x000000000800c5e4                puts
 .text.__swbuf_r
                0x000000000800c5f4       0xa4 c:/st/stm32cubeide_1.12.0/stm32cubeide/plugins/com.st.stm32cube.ide.mcu.externaltools.gnu-tools-for-stm32.10.3-2021.10.win32_1.0.200.202301161003/tools/bin/../lib/gcc/arm-none-eabi/10.3.1/../../../../arm-none-eabi/lib/thumb/v7e-m+dp/hard\libc_nano.a(lib_a-wbuf.o)
                0x000000000800c5f4                __swbuf_r
 .text.__swsetup_r
                0x000000000800c698       0xdc c:/st/stm32cubeide_1.12.0/stm32cubeide/plugins/com.st.stm32cube.ide.mcu.externaltools.gnu-tools-for-stm32.10.3-2021.10.win32_1.0.200.202301161003/tools/bin/../lib/gcc/arm-none-eabi/10.3.1/../../../../arm-none-eabi/lib/thumb/v7e-m+dp/hard\libc_nano.a(lib_a-wsetup.o)
                0x000000000800c698                __swsetup_r
 .text.__sflush_r
                0x000000000800c774      0x10c c:/st/stm32cubeide_1.12.0/stm32cubeide/plugins/com.st.stm32cube.ide.mcu.externaltools.gnu-tools-for-stm32.10.3-2021.10.win32_1.0.200.202301161003/tools/bin/../lib/gcc/arm-none-eabi/10.3.1/../../../../arm-none-eabi/lib/thumb/v7e-m+dp/hard\libc_nano.a(lib_a-fflush.o)
                0x000000000800c774                __sflush_r
 .text._fflush_r
                0x000000000800c880       0x78 c:/st/stm32cubeide_1.12.0/stm32cubeide/plugins/com.st.stm32cube.ide.mcu.externaltools.gnu-tools-for-stm32.10.3-2021.10.win32_1.0.200.202301161003/tools/bin/../lib/gcc/arm-none-eabi/10.3.1/../../../../arm-none-eabi/lib/thumb/v7e-m+dp/hard\libc_nano.a(lib_a-fflush.o)
                0x000000000800c880                _fflush_r
 .text.std      0x000000000800c8f8       0x48 c:/st/stm32cubeide_1.12.0/stm32cubeide/plugins/com.st.stm32cube.ide.mcu.externaltools.gnu-tools-for-stm32.10.3-2021.10.win32_1.0.200.202301161003/tools/bin/../lib/gcc/arm-none-eabi/10.3.1/../../../../arm-none-eabi/lib/thumb/v7e-m+dp/hard\libc_nano.a(lib_a-findfp.o)
 .text._cleanup_r
                0x000000000800c940        0xc c:/st/stm32cubeide_1.12.0/stm32cubeide/plugins/com.st.stm32cube.ide.mcu.externaltools.gnu-tools-for-stm32.10.3-2021.10.win32_1.0.200.202301161003/tools/bin/../lib/gcc/arm-none-eabi/10.3.1/../../../../arm-none-eabi/lib/thumb/v7e-m+dp/hard\libc_nano.a(lib_a-findfp.o)
                0x000000000800c940                _cleanup_r
 .text.__sfmoreglue
                0x000000000800c94c       0x2c c:/st/stm32cubeide_1.12.0/stm32cubeide/plugins/com.st.stm32cube.ide.mcu.externaltools.gnu-tools-for-stm32.10.3-2021.10.win32_1.0.200.202301161003/tools/bin/../lib/gcc/arm-none-eabi/10.3.1/../../../../arm-none-eabi/lib/thumb/v7e-m+dp/hard\libc_nano.a(lib_a-findfp.o)
                0x000000000800c94c                __sfmoreglue
 .text.__sfp_lock_acquire
                0x000000000800c978        0xc c:/st/stm32cubeide_1.12.0/stm32cubeide/plugins/com.st.stm32cube.ide.mcu.externaltools.gnu-tools-for-stm32.10.3-2021.10.win32_1.0.200.202301161003/tools/bin/../lib/gcc/arm-none-eabi/10.3.1/../../../../arm-none-eabi/lib/thumb/v7e-m+dp/hard\libc_nano.a(lib_a-findfp.o)
                0x000000000800c978                __sfp_lock_acquire
 .text.__sfp_lock_release
                0x000000000800c984        0xc c:/st/stm32cubeide_1.12.0/stm32cubeide/plugins/com.st.stm32cube.ide.mcu.externaltools.gnu-tools-for-stm32.10.3-2021.10.win32_1.0.200.202301161003/tools/bin/../lib/gcc/arm-none-eabi/10.3.1/../../../../arm-none-eabi/lib/thumb/v7e-m+dp/hard\libc_nano.a(lib_a-findfp.o)
                0x000000000800c984                __sfp_lock_release
 .text.__sinit_lock_acquire
                0x000000000800c990        0xc c:/st/stm32cubeide_1.12.0/stm32cubeide/plugins/com.st.stm32cube.ide.mcu.externaltools.gnu-tools-for-stm32.10.3-2021.10.win32_1.0.200.202301161003/tools/bin/../lib/gcc/arm-none-eabi/10.3.1/../../../../arm-none-eabi/lib/thumb/v7e-m+dp/hard\libc_nano.a(lib_a-findfp.o)
                0x000000000800c990                __sinit_lock_acquire
 .text.__sinit_lock_release
                0x000000000800c99c        0xc c:/st/stm32cubeide_1.12.0/stm32cubeide/plugins/com.st.stm32cube.ide.mcu.externaltools.gnu-tools-for-stm32.10.3-2021.10.win32_1.0.200.202301161003/tools/bin/../lib/gcc/arm-none-eabi/10.3.1/../../../../arm-none-eabi/lib/thumb/v7e-m+dp/hard\libc_nano.a(lib_a-findfp.o)
                0x000000000800c99c                __sinit_lock_release
 .text.__sinit  0x000000000800c9a8       0x70 c:/st/stm32cubeide_1.12.0/stm32cubeide/plugins/com.st.stm32cube.ide.mcu.externaltools.gnu-tools-for-stm32.10.3-2021.10.win32_1.0.200.202301161003/tools/bin/../lib/gcc/arm-none-eabi/10.3.1/../../../../arm-none-eabi/lib/thumb/v7e-m+dp/hard\libc_nano.a(lib_a-findfp.o)
                0x000000000800c9a8                __sinit
 .text.__sfp    0x000000000800ca18       0x8c c:/st/stm32cubeide_1.12.0/stm32cubeide/plugins/com.st.stm32cube.ide.mcu.externaltools.gnu-tools-for-stm32.10.3-2021.10.win32_1.0.200.202301161003/tools/bin/../lib/gcc/arm-none-eabi/10.3.1/../../../../arm-none-eabi/lib/thumb/v7e-m+dp/hard\libc_nano.a(lib_a-findfp.o)
                0x000000000800ca18                __sfp
 .text._fwalk_reent
                0x000000000800caa4       0x3e c:/st/stm32cubeide_1.12.0/stm32cubeide/plugins/com.st.stm32cube.ide.mcu.externaltools.gnu-tools-for-stm32.10.3-2021.10.win32_1.0.200.202301161003/tools/bin/../lib/gcc/arm-none-eabi/10.3.1/../../../../arm-none-eabi/lib/thumb/v7e-m+dp/hard\libc_nano.a(lib_a-fwalk.o)
                0x000000000800caa4                _fwalk_reent
 .text.__retarget_lock_init_recursive
                0x000000000800cae2        0x2 c:/st/stm32cubeide_1.12.0/stm32cubeide/plugins/com.st.stm32cube.ide.mcu.externaltools.gnu-tools-for-stm32.10.3-2021.10.win32_1.0.200.202301161003/tools/bin/../lib/gcc/arm-none-eabi/10.3.1/../../../../arm-none-eabi/lib/thumb/v7e-m+dp/hard\libc_nano.a(lib_a-lock.o)
                0x000000000800cae2                __retarget_lock_init_recursive
 .text.__retarget_lock_acquire_recursive
                0x000000000800cae4        0x2 c:/st/stm32cubeide_1.12.0/stm32cubeide/plugins/com.st.stm32cube.ide.mcu.externaltools.gnu-tools-for-stm32.10.3-2021.10.win32_1.0.200.202301161003/tools/bin/../lib/gcc/arm-none-eabi/10.3.1/../../../../arm-none-eabi/lib/thumb/v7e-m+dp/hard\libc_nano.a(lib_a-lock.o)
                0x000000000800cae4                __retarget_lock_acquire_recursive
 .text.__retarget_lock_release_recursive
                0x000000000800cae6        0x2 c:/st/stm32cubeide_1.12.0/stm32cubeide/plugins/com.st.stm32cube.ide.mcu.externaltools.gnu-tools-for-stm32.10.3-2021.10.win32_1.0.200.202301161003/tools/bin/../lib/gcc/arm-none-eabi/10.3.1/../../../../arm-none-eabi/lib/thumb/v7e-m+dp/hard\libc_nano.a(lib_a-lock.o)
                0x000000000800cae6                __retarget_lock_release_recursive
 .text.__swhatbuf_r
                0x000000000800cae8       0x4a c:/st/stm32cubeide_1.12.0/stm32cubeide/plugins/com.st.stm32cube.ide.mcu.externaltools.gnu-tools-for-stm32.10.3-2021.10.win32_1.0.200.202301161003/tools/bin/../lib/gcc/arm-none-eabi/10.3.1/../../../../arm-none-eabi/lib/thumb/v7e-m+dp/hard\libc_nano.a(lib_a-makebuf.o)
                0x000000000800cae8                __swhatbuf_r
 *fill*         0x000000000800cb32        0x2 
 .text.__smakebuf_r
                0x000000000800cb34       0x80 c:/st/stm32cubeide_1.12.0/stm32cubeide/plugins/com.st.stm32cube.ide.mcu.externaltools.gnu-tools-for-stm32.10.3-2021.10.win32_1.0.200.202301161003/tools/bin/../lib/gcc/arm-none-eabi/10.3.1/../../../../arm-none-eabi/lib/thumb/v7e-m+dp/hard\libc_nano.a(lib_a-makebuf.o)
                0x000000000800cb34                __smakebuf_r
 .text._free_r  0x000000000800cbb4       0x98 c:/st/stm32cubeide_1.12.0/stm32cubeide/plugins/com.st.stm32cube.ide.mcu.externaltools.gnu-tools-for-stm32.10.3-2021.10.win32_1.0.200.202301161003/tools/bin/../lib/gcc/arm-none-eabi/10.3.1/../../../../arm-none-eabi/lib/thumb/v7e-m+dp/hard\libc_nano.a(lib_a-nano-freer.o)
                0x000000000800cbb4                _free_r
 .text.sbrk_aligned
                0x000000000800cc4c       0x40 c:/st/stm32cubeide_1.12.0/stm32cubeide/plugins/com.st.stm32cube.ide.mcu.externaltools.gnu-tools-for-stm32.10.3-2021.10.win32_1.0.200.202301161003/tools/bin/../lib/gcc/arm-none-eabi/10.3.1/../../../../arm-none-eabi/lib/thumb/v7e-m+dp/hard\libc_nano.a(lib_a-nano-mallocr.o)
 .text._malloc_r
                0x000000000800cc8c       0xe8 c:/st/stm32cubeide_1.12.0/stm32cubeide/plugins/com.st.stm32cube.ide.mcu.externaltools.gnu-tools-for-stm32.10.3-2021.10.win32_1.0.200.202301161003/tools/bin/../lib/gcc/arm-none-eabi/10.3.1/../../../../arm-none-eabi/lib/thumb/v7e-m+dp/hard\libc_nano.a(lib_a-nano-mallocr.o)
                0x000000000800cc8c                _malloc_r
 .text.__sfputc_r
                0x000000000800cd74       0x2e c:/st/stm32cubeide_1.12.0/stm32cubeide/plugins/com.st.stm32cube.ide.mcu.externaltools.gnu-tools-for-stm32.10.3-2021.10.win32_1.0.200.202301161003/tools/bin/../lib/gcc/arm-none-eabi/10.3.1/../../../../arm-none-eabi/lib/thumb/v7e-m+dp/hard\libc_nano.a(lib_a-nano-vfprintf.o)
 .text.__sfputs_r
                0x000000000800cda2       0x24 c:/st/stm32cubeide_1.12.0/stm32cubeide/plugins/com.st.stm32cube.ide.mcu.externaltools.gnu-tools-for-stm32.10.3-2021.10.win32_1.0.200.202301161003/tools/bin/../lib/gcc/arm-none-eabi/10.3.1/../../../../arm-none-eabi/lib/thumb/v7e-m+dp/hard\libc_nano.a(lib_a-nano-vfprintf.o)
                0x000000000800cda2                __sfputs_r
 *fill*         0x000000000800cdc6        0x2 
 .text._vfprintf_r
                0x000000000800cdc8      0x260 c:/st/stm32cubeide_1.12.0/stm32cubeide/plugins/com.st.stm32cube.ide.mcu.externaltools.gnu-tools-for-stm32.10.3-2021.10.win32_1.0.200.202301161003/tools/bin/../lib/gcc/arm-none-eabi/10.3.1/../../../../arm-none-eabi/lib/thumb/v7e-m+dp/hard\libc_nano.a(lib_a-nano-vfprintf.o)
                0x000000000800cdc8                _vfprintf_r
                0x000000000800cdc8                _vfiprintf_r
 .text._printf_common
                0x000000000800d028       0xda c:/st/stm32cubeide_1.12.0/stm32cubeide/plugins/com.st.stm32cube.ide.mcu.externaltools.gnu-tools-for-stm32.10.3-2021.10.win32_1.0.200.202301161003/tools/bin/../lib/gcc/arm-none-eabi/10.3.1/../../../../arm-none-eabi/lib/thumb/v7e-m+dp/hard\libc_nano.a(lib_a-nano-vfprintf_i.o)
                0x000000000800d028                _printf_common
 *fill*         0x000000000800d102        0x2 
 .text._printf_i
                0x000000000800d104      0x24c c:/st/stm32cubeide_1.12.0/stm32cubeide/plugins/com.st.stm32cube.ide.mcu.externaltools.gnu-tools-for-stm32.10.3-2021.10.win32_1.0.200.202301161003/tools/bin/../lib/gcc/arm-none-eabi/10.3.1/../../../../arm-none-eabi/lib/thumb/v7e-m+dp/hard\libc_nano.a(lib_a-nano-vfprintf_i.o)
                0x000000000800d104                _printf_i
 .text._sbrk_r  0x000000000800d350       0x20 c:/st/stm32cubeide_1.12.0/stm32cubeide/plugins/com.st.stm32cube.ide.mcu.externaltools.gnu-tools-for-stm32.10.3-2021.10.win32_1.0.200.202301161003/tools/bin/../lib/gcc/arm-none-eabi/10.3.1/../../../../arm-none-eabi/lib/thumb/v7e-m+dp/hard\libc_nano.a(lib_a-sbrkr.o)
                0x000000000800d350                _sbrk_r
 .text.__sread  0x000000000800d370       0x22 c:/st/stm32cubeide_1.12.0/stm32cubeide/plugins/com.st.stm32cube.ide.mcu.externaltools.gnu-tools-for-stm32.10.3-2021.10.win32_1.0.200.202301161003/tools/bin/../lib/gcc/arm-none-eabi/10.3.1/../../../../arm-none-eabi/lib/thumb/v7e-m+dp/hard\libc_nano.a(lib_a-stdio.o)
                0x000000000800d370                __sread
 .text.__swrite
                0x000000000800d392       0x38 c:/st/stm32cubeide_1.12.0/stm32cubeide/plugins/com.st.stm32cube.ide.mcu.externaltools.gnu-tools-for-stm32.10.3-2021.10.win32_1.0.200.202301161003/tools/bin/../lib/gcc/arm-none-eabi/10.3.1/../../../../arm-none-eabi/lib/thumb/v7e-m+dp/hard\libc_nano.a(lib_a-stdio.o)
                0x000000000800d392                __swrite
 .text.__sseek  0x000000000800d3ca       0x24 c:/st/stm32cubeide_1.12.0/stm32cubeide/plugins/com.st.stm32cube.ide.mcu.externaltools.gnu-tools-for-stm32.10.3-2021.10.win32_1.0.200.202301161003/tools/bin/../lib/gcc/arm-none-eabi/10.3.1/../../../../arm-none-eabi/lib/thumb/v7e-m+dp/hard\libc_nano.a(lib_a-stdio.o)
                0x000000000800d3ca                __sseek
 .text.__sclose
                0x000000000800d3ee        0x8 c:/st/stm32cubeide_1.12.0/stm32cubeide/plugins/com.st.stm32cube.ide.mcu.externaltools.gnu-tools-for-stm32.10.3-2021.10.win32_1.0.200.202301161003/tools/bin/../lib/gcc/arm-none-eabi/10.3.1/../../../../arm-none-eabi/lib/thumb/v7e-m+dp/hard\libc_nano.a(lib_a-stdio.o)
                0x000000000800d3ee                __sclose
 *fill*         0x000000000800d3f6        0x2 
 .text._write_r
                0x000000000800d3f8       0x24 c:/st/stm32cubeide_1.12.0/stm32cubeide/plugins/com.st.stm32cube.ide.mcu.externaltools.gnu-tools-for-stm32.10.3-2021.10.win32_1.0.200.202301161003/tools/bin/../lib/gcc/arm-none-eabi/10.3.1/../../../../arm-none-eabi/lib/thumb/v7e-m+dp/hard\libc_nano.a(lib_a-writer.o)
                0x000000000800d3f8                _write_r
 .text._close_r
                0x000000000800d41c       0x20 c:/st/stm32cubeide_1.12.0/stm32cubeide/plugins/com.st.stm32cube.ide.mcu.externaltools.gnu-tools-for-stm32.10.3-2021.10.win32_1.0.200.202301161003/tools/bin/../lib/gcc/arm-none-eabi/10.3.1/../../../../arm-none-eabi/lib/thumb/v7e-m+dp/hard\libc_nano.a(lib_a-closer.o)
                0x000000000800d41c                _close_r
 .text._fstat_r
                0x000000000800d43c       0x24 c:/st/stm32cubeide_1.12.0/stm32cubeide/plugins/com.st.stm32cube.ide.mcu.externaltools.gnu-tools-for-stm32.10.3-2021.10.win32_1.0.200.202301161003/tools/bin/../lib/gcc/arm-none-eabi/10.3.1/../../../../arm-none-eabi/lib/thumb/v7e-m+dp/hard\libc_nano.a(lib_a-fstatr.o)
                0x000000000800d43c                _fstat_r
 .text._isatty_r
                0x000000000800d460       0x20 c:/st/stm32cubeide_1.12.0/stm32cubeide/plugins/com.st.stm32cube.ide.mcu.externaltools.gnu-tools-for-stm32.10.3-2021.10.win32_1.0.200.202301161003/tools/bin/../lib/gcc/arm-none-eabi/10.3.1/../../../../arm-none-eabi/lib/thumb/v7e-m+dp/hard\libc_nano.a(lib_a-isattyr.o)
                0x000000000800d460                _isatty_r
 .text._lseek_r
                0x000000000800d480       0x24 c:/st/stm32cubeide_1.12.0/stm32cubeide/plugins/com.st.stm32cube.ide.mcu.externaltools.gnu-tools-for-stm32.10.3-2021.10.win32_1.0.200.202301161003/tools/bin/../lib/gcc/arm-none-eabi/10.3.1/../../../../arm-none-eabi/lib/thumb/v7e-m+dp/hard\libc_nano.a(lib_a-lseekr.o)
                0x000000000800d480                _lseek_r
 .text.__malloc_lock
                0x000000000800d4a4        0xc c:/st/stm32cubeide_1.12.0/stm32cubeide/plugins/com.st.stm32cube.ide.mcu.externaltools.gnu-tools-for-stm32.10.3-2021.10.win32_1.0.200.202301161003/tools/bin/../lib/gcc/arm-none-eabi/10.3.1/../../../../arm-none-eabi/lib/thumb/v7e-m+dp/hard\libc_nano.a(lib_a-mlock.o)
                0x000000000800d4a4                __malloc_lock
 .text.__malloc_unlock
                0x000000000800d4b0        0xc c:/st/stm32cubeide_1.12.0/stm32cubeide/plugins/com.st.stm32cube.ide.mcu.externaltools.gnu-tools-for-stm32.10.3-2021.10.win32_1.0.200.202301161003/tools/bin/../lib/gcc/arm-none-eabi/10.3.1/../../../../arm-none-eabi/lib/thumb/v7e-m+dp/hard\libc_nano.a(lib_a-mlock.o)
                0x000000000800d4b0                __malloc_unlock
 .text._read_r  0x000000000800d4bc       0x24 c:/st/stm32cubeide_1.12.0/stm32cubeide/plugins/com.st.stm32cube.ide.mcu.externaltools.gnu-tools-for-stm32.10.3-2021.10.win32_1.0.200.202301161003/tools/bin/../lib/gcc/arm-none-eabi/10.3.1/../../../../arm-none-eabi/lib/thumb/v7e-m+dp/hard\libc_nano.a(lib_a-readr.o)
                0x000000000800d4bc                _read_r
 *(.glue_7)
 .glue_7        0x000000000800d4e0        0x0 linker stubs
 *(.glue_7t)
 .glue_7t       0x000000000800d4e0        0x0 linker stubs
 *(.eh_frame)
 .eh_frame      0x000000000800d4e0        0x0 c:/st/stm32cubeide_1.12.0/stm32cubeide/plugins/com.st.stm32cube.ide.mcu.externaltools.gnu-tools-for-stm32.10.3-2021.10.win32_1.0.200.202301161003/tools/bin/../lib/gcc/arm-none-eabi/10.3.1/thumb/v7e-m+dp/hard/crtbegin.o
 *(.init)
 .init          0x000000000800d4e0        0x4 c:/st/stm32cubeide_1.12.0/stm32cubeide/plugins/com.st.stm32cube.ide.mcu.externaltools.gnu-tools-for-stm32.10.3-2021.10.win32_1.0.200.202301161003/tools/bin/../lib/gcc/arm-none-eabi/10.3.1/thumb/v7e-m+dp/hard/crti.o
                0x000000000800d4e0                _init
 .init          0x000000000800d4e4        0x8 c:/st/stm32cubeide_1.12.0/stm32cubeide/plugins/com.st.stm32cube.ide.mcu.externaltools.gnu-tools-for-stm32.10.3-2021.10.win32_1.0.200.202301161003/tools/bin/../lib/gcc/arm-none-eabi/10.3.1/thumb/v7e-m+dp/hard/crtn.o
 *(.fini)
 .fini          0x000000000800d4ec        0x4 c:/st/stm32cubeide_1.12.0/stm32cubeide/plugins/com.st.stm32cube.ide.mcu.externaltools.gnu-tools-for-stm32.10.3-2021.10.win32_1.0.200.202301161003/tools/bin/../lib/gcc/arm-none-eabi/10.3.1/thumb/v7e-m+dp/hard/crti.o
                0x000000000800d4ec                _fini
 .fini          0x000000000800d4f0        0x8 c:/st/stm32cubeide_1.12.0/stm32cubeide/plugins/com.st.stm32cube.ide.mcu.externaltools.gnu-tools-for-stm32.10.3-2021.10.win32_1.0.200.202301161003/tools/bin/../lib/gcc/arm-none-eabi/10.3.1/thumb/v7e-m+dp/hard/crtn.o
                0x000000000800d4f8                . = ALIGN (0x4)
                0x000000000800d4f8                _etext = .

.vfp11_veneer   0x000000000800d4f8        0x0
 .vfp11_veneer  0x000000000800d4f8        0x0 linker stubs

.v4_bx          0x000000000800d4f8        0x0
 .v4_bx         0x000000000800d4f8        0x0 linker stubs

.iplt           0x000000000800d4f8        0x0
 .iplt          0x000000000800d4f8        0x0 c:/st/stm32cubeide_1.12.0/stm32cubeide/plugins/com.st.stm32cube.ide.mcu.externaltools.gnu-tools-for-stm32.10.3-2021.10.win32_1.0.200.202301161003/tools/bin/../lib/gcc/arm-none-eabi/10.3.1/thumb/v7e-m+dp/hard/crtbegin.o

.rodata         0x000000000800d4f8      0x25c
                0x000000000800d4f8                . = ALIGN (0x4)
 *(.rodata)
 .rodata        0x000000000800d4f8       0x8d ./Core/Src/main.o
 *fill*         0x000000000800d585        0x3 
 .rodata        0x000000000800d588       0x90 ./Core/Src/usbd_dfu_qspi_flash.o
 .rodata        0x000000000800d618       0x1c ./Core/Src/w25vq.o
 .rodata        0x000000000800d634       0x4e ./USB_DEVICE/App/usbd_desc.o
 *(.rodata*)
 *fill*         0x000000000800d682        0x2 
 .rodata.D1CorePrescTable
                0x000000000800d684       0x10 ./Core/Src/system_stm32h7xx.o
                0x000000000800d684                D1CorePrescTable
 .rodata.UARTPrescTable
                0x000000000800d694       0x18 ./Drivers/STM32H7xx_HAL_Driver/Src/stm32h7xx_hal_uart.o
                0x000000000800d694                UARTPrescTable
 .rodata.numerator.1
                0x000000000800d6ac        0x8 ./Drivers/STM32H7xx_HAL_Driver/Src/stm32h7xx_hal_uart_ex.o
 .rodata.denominator.0
                0x000000000800d6b4        0x8 ./Drivers/STM32H7xx_HAL_Driver/Src/stm32h7xx_hal_uart_ex.o
 .rodata._global_impure_ptr
                0x000000000800d6bc        0x4 c:/st/stm32cubeide_1.12.0/stm32cubeide/plugins/com.st.stm32cube.ide.mcu.externaltools.gnu-tools-for-stm32.10.3-2021.10.win32_1.0.200.202301161003/tools/bin/../lib/gcc/arm-none-eabi/10.3.1/../../../../arm-none-eabi/lib/thumb/v7e-m+dp/hard\libc_nano.a(lib_a-impure.o)
                0x000000000800d6bc                _global_impure_ptr
 .rodata.__sf_fake_stderr
                0x000000000800d6c0       0x20 c:/st/stm32cubeide_1.12.0/stm32cubeide/plugins/com.st.stm32cube.ide.mcu.externaltools.gnu-tools-for-stm32.10.3-2021.10.win32_1.0.200.202301161003/tools/bin/../lib/gcc/arm-none-eabi/10.3.1/../../../../arm-none-eabi/lib/thumb/v7e-m+dp/hard\libc_nano.a(lib_a-findfp.o)
                0x000000000800d6c0                __sf_fake_stderr
 .rodata.__sf_fake_stdin
                0x000000000800d6e0       0x20 c:/st/stm32cubeide_1.12.0/stm32cubeide/plugins/com.st.stm32cube.ide.mcu.externaltools.gnu-tools-for-stm32.10.3-2021.10.win32_1.0.200.202301161003/tools/bin/../lib/gcc/arm-none-eabi/10.3.1/../../../../arm-none-eabi/lib/thumb/v7e-m+dp/hard\libc_nano.a(lib_a-findfp.o)
                0x000000000800d6e0                __sf_fake_stdin
 .rodata.__sf_fake_stdout
                0x000000000800d700       0x20 c:/st/stm32cubeide_1.12.0/stm32cubeide/plugins/com.st.stm32cube.ide.mcu.externaltools.gnu-tools-for-stm32.10.3-2021.10.win32_1.0.200.202301161003/tools/bin/../lib/gcc/arm-none-eabi/10.3.1/../../../../arm-none-eabi/lib/thumb/v7e-m+dp/hard\libc_nano.a(lib_a-findfp.o)
                0x000000000800d700                __sf_fake_stdout
 .rodata._vfprintf_r.str1.1
                0x000000000800d720       0x11 c:/st/stm32cubeide_1.12.0/stm32cubeide/plugins/com.st.stm32cube.ide.mcu.externaltools.gnu-tools-for-stm32.10.3-2021.10.win32_1.0.200.202301161003/tools/bin/../lib/gcc/arm-none-eabi/10.3.1/../../../../arm-none-eabi/lib/thumb/v7e-m+dp/hard\libc_nano.a(lib_a-nano-vfprintf.o)
 .rodata._printf_i.str1.1
                0x000000000800d731       0x22 c:/st/stm32cubeide_1.12.0/stm32cubeide/plugins/com.st.stm32cube.ide.mcu.externaltools.gnu-tools-for-stm32.10.3-2021.10.win32_1.0.200.202301161003/tools/bin/../lib/gcc/arm-none-eabi/10.3.1/../../../../arm-none-eabi/lib/thumb/v7e-m+dp/hard\libc_nano.a(lib_a-nano-vfprintf_i.o)
                0x000000000800d754                . = ALIGN (0x4)
 *fill*         0x000000000800d753        0x1 

.ARM.extab
 *(.ARM.extab* .gnu.linkonce.armextab.*)

.ARM            0x000000000800d754        0x8
                0x000000000800d754                __exidx_start = .
 *(.ARM.exidx*)
 .ARM.exidx     0x000000000800d754        0x8 c:/st/stm32cubeide_1.12.0/stm32cubeide/plugins/com.st.stm32cube.ide.mcu.externaltools.gnu-tools-for-stm32.10.3-2021.10.win32_1.0.200.202301161003/tools/bin/../lib/gcc/arm-none-eabi/10.3.1/thumb/v7e-m+dp/hard\libgcc.a(_udivmoddi4.o)
                0x000000000800d75c                __exidx_end = .

.rel.dyn        0x000000000800d75c        0x0
 .rel.iplt      0x000000000800d75c        0x0 c:/st/stm32cubeide_1.12.0/stm32cubeide/plugins/com.st.stm32cube.ide.mcu.externaltools.gnu-tools-for-stm32.10.3-2021.10.win32_1.0.200.202301161003/tools/bin/../lib/gcc/arm-none-eabi/10.3.1/thumb/v7e-m+dp/hard/crtbegin.o

.preinit_array  0x000000000800d75c        0x0
                0x000000000800d75c                PROVIDE (__preinit_array_start = .)
 *(.preinit_array*)
                0x000000000800d75c                PROVIDE (__preinit_array_end = .)

.init_array     0x000000000800d75c        0x4
                0x000000000800d75c                PROVIDE (__init_array_start = .)
 *(SORT_BY_NAME(.init_array.*))
 *(.init_array*)
 .init_array    0x000000000800d75c        0x4 c:/st/stm32cubeide_1.12.0/stm32cubeide/plugins/com.st.stm32cube.ide.mcu.externaltools.gnu-tools-for-stm32.10.3-2021.10.win32_1.0.200.202301161003/tools/bin/../lib/gcc/arm-none-eabi/10.3.1/thumb/v7e-m+dp/hard/crtbegin.o
                0x000000000800d760                PROVIDE (__init_array_end = .)

.fini_array     0x000000000800d760        0x4
                [!provide]                        PROVIDE (__fini_array_start = .)
 *(SORT_BY_NAME(.fini_array.*))
 *(.fini_array*)
 .fini_array    0x000000000800d760        0x4 c:/st/stm32cubeide_1.12.0/stm32cubeide/plugins/com.st.stm32cube.ide.mcu.externaltools.gnu-tools-for-stm32.10.3-2021.10.win32_1.0.200.202301161003/tools/bin/../lib/gcc/arm-none-eabi/10.3.1/thumb/v7e-m+dp/hard/crtbegin.o
                [!provide]                        PROVIDE (__fini_array_end = .)
                0x000000000800d764                _sidata = LOADADDR (.data)

.data           0x0000000024000000      0x144 load address 0x000000000800d764
                0x0000000024000000                . = ALIGN (0x4)
                0x0000000024000000                _sdata = .
 *(.data)
 *(.data*)
 .data.SystemCoreClock
                0x0000000024000000        0x4 ./Core/Src/system_stm32h7xx.o
                0x0000000024000000                SystemCoreClock
 .data.SystemD2Clock
                0x0000000024000004        0x4 ./Core/Src/system_stm32h7xx.o
                0x0000000024000004                SystemD2Clock
 .data.USBD_DFU_QSPI_FLASH_fops_FS
                0x0000000024000008       0x1c ./Core/Src/usbd_dfu_qspi_flash.o
                0x0000000024000008                USBD_DFU_QSPI_FLASH_fops_FS
 .data.uwTickPrio
                0x0000000024000024        0x4 ./Drivers/STM32H7xx_HAL_Driver/Src/stm32h7xx_hal.o
                0x0000000024000024                uwTickPrio
 .data.uwTickFreq
                0x0000000024000028        0x1 ./Drivers/STM32H7xx_HAL_Driver/Src/stm32h7xx_hal.o
                0x0000000024000028                uwTickFreq
 *fill*         0x0000000024000029        0x3 
 .data.USBD_DFU
                0x000000002400002c       0x3c ./Middlewares/ST/STM32_USB_Device_Library/Class/DFU/Src/usbd_dfu.o
                0x000000002400002c                USBD_DFU
 .data.USBD_DFU_CfgDesc
                0x0000000024000068       0x1b ./Middlewares/ST/STM32_USB_Device_Library/Class/DFU/Src/usbd_dfu.o
 *fill*         0x0000000024000083        0x1 
 .data.USBD_DFU_DeviceQualifierDesc
                0x0000000024000084        0xa ./Middlewares/ST/STM32_USB_Device_Library/Class/DFU/Src/usbd_dfu.o
 *fill*         0x000000002400008e        0x2 
 .data.FS_Desc  0x0000000024000090       0x1c ./USB_DEVICE/App/usbd_desc.o
                0x0000000024000090                FS_Desc
 .data.USBD_FS_DeviceDesc
                0x00000000240000ac       0x12 ./USB_DEVICE/App/usbd_desc.o
                0x00000000240000ac                USBD_FS_DeviceDesc
 *fill*         0x00000000240000be        0x2 
 .data.USBD_LangIDDesc
                0x00000000240000c0        0x4 ./USB_DEVICE/App/usbd_desc.o
                0x00000000240000c0                USBD_LangIDDesc
 .data.USBD_StringSerial
                0x00000000240000c4       0x1a ./USB_DEVICE/App/usbd_desc.o
                0x00000000240000c4                USBD_StringSerial
 *fill*         0x00000000240000de        0x2 
 .data._impure_ptr
                0x00000000240000e0        0x4 c:/st/stm32cubeide_1.12.0/stm32cubeide/plugins/com.st.stm32cube.ide.mcu.externaltools.gnu-tools-for-stm32.10.3-2021.10.win32_1.0.200.202301161003/tools/bin/../lib/gcc/arm-none-eabi/10.3.1/../../../../arm-none-eabi/lib/thumb/v7e-m+dp/hard\libc_nano.a(lib_a-impure.o)
                0x00000000240000e0                _impure_ptr
 .data.impure_data
                0x00000000240000e4       0x60 c:/st/stm32cubeide_1.12.0/stm32cubeide/plugins/com.st.stm32cube.ide.mcu.externaltools.gnu-tools-for-stm32.10.3-2021.10.win32_1.0.200.202301161003/tools/bin/../lib/gcc/arm-none-eabi/10.3.1/../../../../arm-none-eabi/lib/thumb/v7e-m+dp/hard\libc_nano.a(lib_a-impure.o)
 *(.RamFunc)
 *(.RamFunc*)
                0x0000000024000144                . = ALIGN (0x4)
                0x0000000024000144                _edata = .

.igot.plt       0x0000000024000144        0x0 load address 0x000000000800d8a8