../Core/Src/w25vq.c:19:9:QSPI_Run	4	static
../Core/Src/w25vq.c:98:21:QSPI_SetCom	80	static
../Core/Src/w25vq.c:118:6:QSPI_Delay	24	static,ignoring_inline_asm
../Core/Src/w25vq.c:124:9:QSPI_IsBusy	16	static
../Core/Src/w25vq.c:138:9:QSPI_Cmd	72	static
../Core/Src/w25vq.c:146:9:QSPI_AutoPollingMemReady	88	static
../Core/Src/w25vq.c:165:9:QSPI_WriteEnable	16	static
../Core/Src/w25vq.c:197:9:QSPI_Reset	16	static,ignoring_inline_asm
../Core/Src/w25vq.c:216:6:QSPI_Gpio_mode	48	static
../Core/Src/w25vq.c:226:9:QSPI_Init	16	static
../Core/Src/w25vq.c:247:9:QSPI_ReadStatusReg	112	static
../Core/Src/w25vq.c:263:9:QSPI_WriteStatusReg	96	static
../Core/Src/w25vq.c:282:9:QSPI_EnableMemoryMappedMode	72	static
../Core/Src/w25vq.c:298:10:QSPI_ReadDevID	16	static
../Core/Src/w25vq.c:304:9:QSPI_QEEnable	16	static
../Core/Src/w25vq.c:315:9:QSPI_QEDisable	16	static
../Core/Src/w25vq.c:322:9:QSPI_EnableMap	8	static
../Core/Src/w25vq.c:331:9:QSPI_EraseSector	72	static
../Core/Src/w25vq.c:356:9:QSPI_EraseBlock	72	static
../Core/Src/w25vq.c:381:9:QSPI_EraseChip	8	static
../Core/Src/w25vq.c:394:9:QSPI_Write	96	static
../Core/Src/w25vq.c:435:9:QSPI_Read	88	static
